Archive member included to satisfy reference by file (symbol)

d:/zodhya projects/technical doccuments/stm32_vscode_make/tools/gcc-arm-none-eabi-10.3-2021.10/bin/../lib/gcc/arm-none-eabi/10.3.1/../../../../arm-none-eabi/lib/thumb/v7e-m+fp/hard\libc_nano.a(lib_a-errno.o)
                              build/sysmem.o (__errno)
d:/zodhya projects/technical doccuments/stm32_vscode_make/tools/gcc-arm-none-eabi-10.3-2021.10/bin/../lib/gcc/arm-none-eabi/10.3.1/../../../../arm-none-eabi/lib/thumb/v7e-m+fp/hard\libc_nano.a(lib_a-exit.o)
                              d:/zodhya projects/technical doccuments/stm32_vscode_make/tools/gcc-arm-none-eabi-10.3-2021.10/bin/../lib/gcc/arm-none-eabi/10.3.1/../../../../arm-none-eabi/lib/thumb/v7e-m+fp/hard/crt0.o (exit)
d:/zodhya projects/technical doccuments/stm32_vscode_make/tools/gcc-arm-none-eabi-10.3-2021.10/bin/../lib/gcc/arm-none-eabi/10.3.1/../../../../arm-none-eabi/lib/thumb/v7e-m+fp/hard\libc_nano.a(lib_a-impure.o)
                              d:/zodhya projects/technical doccuments/stm32_vscode_make/tools/gcc-arm-none-eabi-10.3-2021.10/bin/../lib/gcc/arm-none-eabi/10.3.1/../../../../arm-none-eabi/lib/thumb/v7e-m+fp/hard\libc_nano.a(lib_a-exit.o) (_global_impure_ptr)
d:/zodhya projects/technical doccuments/stm32_vscode_make/tools/gcc-arm-none-eabi-10.3-2021.10/bin/../lib/gcc/arm-none-eabi/10.3.1/../../../../arm-none-eabi/lib/thumb/v7e-m+fp/hard\libc_nano.a(lib_a-init.o)
                              d:/zodhya projects/technical doccuments/stm32_vscode_make/tools/gcc-arm-none-eabi-10.3-2021.10/bin/../lib/gcc/arm-none-eabi/10.3.1/../../../../arm-none-eabi/lib/thumb/v7e-m+fp/hard/crt0.o (__libc_init_array)
d:/zodhya projects/technical doccuments/stm32_vscode_make/tools/gcc-arm-none-eabi-10.3-2021.10/bin/../lib/gcc/arm-none-eabi/10.3.1/../../../../arm-none-eabi/lib/thumb/v7e-m+fp/hard\libc_nano.a(lib_a-malloc.o)
                              build/usbh_cdc.o (malloc)
d:/zodhya projects/technical doccuments/stm32_vscode_make/tools/gcc-arm-none-eabi-10.3-2021.10/bin/../lib/gcc/arm-none-eabi/10.3.1/../../../../arm-none-eabi/lib/thumb/v7e-m+fp/hard\libc_nano.a(lib_a-memset.o)
                              d:/zodhya projects/technical doccuments/stm32_vscode_make/tools/gcc-arm-none-eabi-10.3-2021.10/bin/../lib/gcc/arm-none-eabi/10.3.1/../../../../arm-none-eabi/lib/thumb/v7e-m+fp/hard/crt0.o (memset)
d:/zodhya projects/technical doccuments/stm32_vscode_make/tools/gcc-arm-none-eabi-10.3-2021.10/bin/../lib/gcc/arm-none-eabi/10.3.1/../../../../arm-none-eabi/lib/thumb/v7e-m+fp/hard\libc_nano.a(lib_a-nano-freer.o)
                              d:/zodhya projects/technical doccuments/stm32_vscode_make/tools/gcc-arm-none-eabi-10.3-2021.10/bin/../lib/gcc/arm-none-eabi/10.3.1/../../../../arm-none-eabi/lib/thumb/v7e-m+fp/hard\libc_nano.a(lib_a-malloc.o) (_free_r)
d:/zodhya projects/technical doccuments/stm32_vscode_make/tools/gcc-arm-none-eabi-10.3-2021.10/bin/../lib/gcc/arm-none-eabi/10.3.1/../../../../arm-none-eabi/lib/thumb/v7e-m+fp/hard\libc_nano.a(lib_a-nano-mallocr.o)
                              d:/zodhya projects/technical doccuments/stm32_vscode_make/tools/gcc-arm-none-eabi-10.3-2021.10/bin/../lib/gcc/arm-none-eabi/10.3.1/../../../../arm-none-eabi/lib/thumb/v7e-m+fp/hard\libc_nano.a(lib_a-malloc.o) (_malloc_r)
d:/zodhya projects/technical doccuments/stm32_vscode_make/tools/gcc-arm-none-eabi-10.3-2021.10/bin/../lib/gcc/arm-none-eabi/10.3.1/../../../../arm-none-eabi/lib/thumb/v7e-m+fp/hard\libc_nano.a(lib_a-sbrkr.o)
                              d:/zodhya projects/technical doccuments/stm32_vscode_make/tools/gcc-arm-none-eabi-10.3-2021.10/bin/../lib/gcc/arm-none-eabi/10.3.1/../../../../arm-none-eabi/lib/thumb/v7e-m+fp/hard\libc_nano.a(lib_a-nano-mallocr.o) (_sbrk_r)
d:/zodhya projects/technical doccuments/stm32_vscode_make/tools/gcc-arm-none-eabi-10.3-2021.10/bin/../lib/gcc/arm-none-eabi/10.3.1/../../../../arm-none-eabi/lib/thumb/v7e-m+fp/hard\libc_nano.a(lib_a-mlock.o)
                              d:/zodhya projects/technical doccuments/stm32_vscode_make/tools/gcc-arm-none-eabi-10.3-2021.10/bin/../lib/gcc/arm-none-eabi/10.3.1/../../../../arm-none-eabi/lib/thumb/v7e-m+fp/hard\libc_nano.a(lib_a-nano-freer.o) (__malloc_lock)
d:/zodhya projects/technical doccuments/stm32_vscode_make/tools/gcc-arm-none-eabi-10.3-2021.10/bin/../lib/gcc/arm-none-eabi/10.3.1/../../../../arm-none-eabi/lib/thumb/v7e-m+fp/hard\libc_nano.a(lib_a-reent.o)
                              d:/zodhya projects/technical doccuments/stm32_vscode_make/tools/gcc-arm-none-eabi-10.3-2021.10/bin/../lib/gcc/arm-none-eabi/10.3.1/../../../../arm-none-eabi/lib/thumb/v7e-m+fp/hard\libc_nano.a(lib_a-sbrkr.o) (errno)
d:/zodhya projects/technical doccuments/stm32_vscode_make/tools/gcc-arm-none-eabi-10.3-2021.10/bin/../lib/gcc/arm-none-eabi/10.3.1/../../../../arm-none-eabi/lib/thumb/v7e-m+fp/hard\libc_nano.a(lib_a-lock.o)
[...]
Memory Configuration

Name             Origin             Length             Attributes
RAM              0x20000000         0x00020000         xrw
CCMRAM           0x10000000         0x00010000         xrw
FLASH            0x08000000         0x00100000         xr
*default*        0x00000000         0xffffffff

Linker script and memory map

LOAD d:/zodhya projects/technical doccuments/stm32_vscode_make/tools/gcc-arm-none-eabi-10.3-2021.10/bin/../lib/gcc/arm-none-eabi/10.3.1/thumb/v7e-m+fp/hard/crti.o
LOAD d:/zodhya projects/technical doccuments/stm32_vscode_make/tools/gcc-arm-none-eabi-10.3-2021.10/bin/../lib/gcc/arm-none-eabi/10.3.1/thumb/v7e-m+fp/hard/crtbegin.o
LOAD d:/zodhya projects/technical doccuments/stm32_vscode_make/tools/gcc-arm-none-eabi-10.3-2021.10/bin/../lib/gcc/arm-none-eabi/10.3.1/../../../../arm-none-eabi/lib/thumb/v7e-m+fp/hard/crt0.o
LOAD build/main.o
LOAD build/stm32f4xx_it.o
LOAD build/stm32f4xx_hal_msp.o
LOAD build/usb_host.o
LOAD build/usbh_conf.o
LOAD build/usbh_platform.o
LOAD build/stm32f4xx_hal_hcd.o
LOAD build/stm32f4xx_ll_usb.o
LOAD build/stm32f4xx_hal_rcc.o
LOAD build/stm32f4xx_hal_rcc_ex.o
LOAD build/stm32f4xx_hal_flash.o
LOAD build/stm32f4xx_hal_flash_ex.o
LOAD build/stm32f4xx_hal_flash_ramfunc.o
LOAD build/stm32f4xx_hal_gpio.o
LOAD build/stm32f4xx_hal_dma_ex.o
LOAD build/stm32f4xx_hal_dma.o
LOAD build/stm32f4xx_hal_pwr.o
LOAD build/stm32f4xx_hal_pwr_ex.o
LOAD build/stm32f4xx_hal_cortex.o
LOAD build/stm32f4xx_hal.o
LOAD build/stm32f4xx_hal_exti.o
LOAD build/stm32f4xx_hal_i2c.o
LOAD build/stm32f4xx_hal_i2c_ex.o
LOAD build/stm32f4xx_hal_i2s.o
LOAD build/stm32f4xx_hal_i2s_ex.o
LOAD build/stm32f4xx_hal_spi.o
LOAD build/stm32f4xx_hal_tim.o
LOAD build/stm32f4xx_hal_tim_ex.o
LOAD build/system_stm32f4xx.o
LOAD build/usbh_core.o
LOAD build/usbh_ctlreq.o
LOAD build/usbh_ioreq.o
LOAD build/usbh_pipes.o
LOAD build/usbh_cdc.o
LOAD build/sysmem.o
LOAD build/syscalls.o
LOAD build/startup_stm32f407xx.o
LOAD d:/zodhya projects/technical doccuments/stm32_vscode_make/tools/gcc-arm-none-eabi-10.3-2021.10/bin/../lib/gcc/arm-none-eabi/10.3.1/../../../../arm-none-eabi/lib/thumb/v7e-m+fp/hard\libc_nano.a
LOAD d:/zodhya projects/technical doccuments/stm32_vscode_make/tools/gcc-arm-none-eabi-10.3-2021.10/bin/../lib/gcc/arm-none-eabi/10.3.1/../../../../arm-none-eabi/lib/thumb/v7e-m+fp/hard\libm.a
LOAD d:/zodhya projects/technical doccuments/stm32_vscode_make/tools/gcc-arm-none-eabi-10.3-2021.10/bin/../lib/gcc/arm-none-eabi/10.3.1/../../../../arm-none-eabi/lib/thumb/v7e-m+fp/hard\libnosys.a
START GROUP
LOAD d:/zodhya projects/technical doccuments/stm32_vscode_make/tools/gcc-arm-none-eabi-10.3-2021.10/bin/../lib/gcc/arm-none-eabi/10.3.1/thumb/v7e-m+fp/hard\libgcc.a
LOAD d:/zodhya projects/technical doccuments/stm32_vscode_make/tools/gcc-arm-none-eabi-10.3-2021.10/bin/../lib/gcc/arm-none-eabi/10.3.1/../../../../arm-none-eabi/lib/thumb/v7e-m+fp/hard\libc_nano.a
END GROUP
START GROUP
LOAD d:/zodhya projects/technical doccuments/stm32_vscode_make/tools/gcc-arm-none-eabi-10.3-2021.10/bin/../lib/gcc/arm-none-eabi/10.3.1/thumb/v7e-m+fp/hard\libgcc.a
LOAD d:/zodhya projects/technical doccuments/stm32_vscode_make/tools/gcc-arm-none-eabi-10.3-2021.10/bin/../lib/gcc/arm-none-eabi/10.3.1/../../../../arm-none-eabi/lib/thumb/v7e-m+fp/hard\libc_nano.a
END GROUP
LOAD d:/zodhya projects/technical doccuments/stm32_vscode_make/tools/gcc-arm-none-eabi-10.3-2021.10/bin/../lib/gcc/arm-none-eabi/10.3.1/thumb/v7e-m+fp/hard/crtend.o
LOAD d:/zodhya projects/technical doccuments/stm32_vscode_make/tools/gcc-arm-none-eabi-10.3-2021.10/bin/../lib/gcc/arm-none-eabi/10.3.1/thumb/v7e-m+fp/hard/crtn.o
                0x20020000                _estack = (ORIGIN (RAM) + LENGTH (RAM))
                0x00000200                _Min_Heap_Size = 0x200
                0x00000400                _Min_Stack_Size = 0x400

.isr_vector     0x08000000      0x188
                0x08000000                . = ALIGN (0x4)
 *(.isr_vector)
 .isr_vector    0x08000000      0x188 build/startup_stm32f407xx.o
                0x08000000                g_pfnVectors
                0x08000188                . = ALIGN (0x4)

.text           0x08000188     0x4668
                0x08000188                . = ALIGN (0x4)
 *(.text)
 .text          0x08000188       0x40 d:/zodhya projects/technical doccuments/stm32_vscode_make/tools/gcc-arm-none-eabi-10.3-2021.10/bin/../lib/gcc/arm-none-eabi/10.3.1/thumb/v7e-m+fp/hard/crtbegin.o
 .text          0x080001c8       0x30 d:/zodhya projects/technical doccuments/stm32_vscode_make/tools/gcc-arm-none-eabi-10.3-2021.10/bin/../lib/gcc/arm-none-eabi/10.3.1/thumb/v7e-m+fp/hard\libgcc.a(_aeabi_uldivmod.o)
                0x080001c8                __aeabi_uldivmod
 .text          0x080001f8      0x2d0 d:/zodhya projects/technical doccuments/stm32_vscode_make/tools/gcc-arm-none-eabi-10.3-2021.10/bin/../lib/gcc/arm-none-eabi/10.3.1/thumb/v7e-m+fp/hard\libgcc.a(_udivmoddi4.o)
                0x080001f8                __udivmoddi4
 .text          0x080004c8        0x4 d:/zodhya projects/technical doccuments/stm32_vscode_make/tools/gcc-arm-none-eabi-10.3-2021.10/bin/../lib/gcc/arm-none-eabi/10.3.1/thumb/v7e-m+fp/hard\libgcc.a(_dvmd_tls.o)
                0x080004c8                __aeabi_idiv0
                0x080004c8                __aeabi_ldiv0
 *(.text*)
 .text.MX_GPIO_Init
                0x080004cc      0x188 build/main.o
 .text.Error_Handler
                0x08000654        0x4 build/main.o
                0x08000654                Error_Handler
 .text.MX_I2C1_Init
                0x08000658       0x38 build/main.o
 .text.MX_I2S3_Init
                0x08000690       0x38 build/main.o
 .text.MX_SPI1_Init
                0x080006c8       0x40 build/main.o
 .text.SystemClock_Config
                0x08000708       0xac build/main.o
                0x08000708                SystemClock_Config
 .text.main     0x080007b4       0x38 build/main.o
                0x080007b4                main
 .text.NMI_Handler
                0x080007ec        0x2 build/stm32f4xx_it.o
                0x080007ec                NMI_Handler
 .text.HardFault_Handler
                0x080007ee        0x2 build/stm32f4xx_it.o
                0x080007ee                HardFault_Handler
 .text.MemManage_Handler
                0x080007f0        0x2 build/stm32f4xx_it.o
                0x080007f0                MemManage_Handler
 .text.BusFault_Handler
                0x080007f2        0x2 build/stm32f4xx_it.o
                0x080007f2                BusFault_Handler
 .text.UsageFault_Handler
                0x080007f4        0x2 build/stm32f4xx_it.o
                0x080007f4                UsageFault_Handler
 .text.SVC_Handler
                0x080007f6        0x2 build/stm32f4xx_it.o
                0x080007f6                SVC_Handler
 .text.DebugMon_Handler
                0x080007f8        0x2 build/stm32f4xx_it.o
                0x080007f8                DebugMon_Handler
 .text.PendSV_Handler
                0x080007fa        0x2 build/stm32f4xx_it.o
                0x080007fa                PendSV_Handler
 .text.SysTick_Handler
                0x080007fc        0x8 build/stm32f4xx_it.o
                0x080007fc                SysTick_Handler
 .text.OTG_FS_IRQHandler
                0x08000804       0x10 build/stm32f4xx_it.o
                0x08000804                OTG_FS_IRQHandler
 .text.HAL_MspInit
                0x08000814       0x40 build/stm32f4xx_hal_msp.o
                0x08000814                HAL_MspInit
 .text.HAL_I2C_MspInit
                0x08000854       0x70 build/stm32f4xx_hal_msp.o
                0x08000854                HAL_I2C_MspInit
 .text.HAL_I2S_MspInit
                0x080008c4       0xc0 build/stm32f4xx_hal_msp.o
                0x080008c4                HAL_I2S_MspInit
 .text.HAL_SPI_MspInit
                0x08000984       0x6c build/stm32f4xx_hal_msp.o
                0x08000984                HAL_SPI_MspInit
 .text.USBH_UserProcess
                0x080009f0       0x2c build/usb_host.o
 .text.MX_USB_HOST_Init
                0x08000a1c       0x40 build/usb_host.o
                0x08000a1c                MX_USB_HOST_Init
 .text.HAL_HCD_MspInit
                0x08000a5c       0x94 build/usbh_conf.o
                0x08000a5c                HAL_HCD_MspInit
 .text.HAL_HCD_SOF_Callback
                0x08000af0        0xc build/usbh_conf.o
                0x08000af0                HAL_HCD_SOF_Callback
 .text.HAL_HCD_Connect_Callback
                0x08000afc        0xc build/usbh_conf.o
                0x08000afc                HAL_HCD_Connect_Callback
 .text.HAL_HCD_Disconnect_Callback
                0x08000b08        0xc build/usbh_conf.o
                0x08000b08                HAL_HCD_Disconnect_Callback
 .text.HAL_HCD_HC_NotifyURBChange_Callback
                0x08000b14        0x2 build/usbh_conf.o
                0x08000b14                HAL_HCD_HC_NotifyURBChange_Callback
 .text.HAL_HCD_PortEnabled_Callback
                0x08000b16        0xc build/usbh_conf.o
                0x08000b16                HAL_HCD_PortEnabled_Callback
 .text.HAL_HCD_PortDisabled_Callback
                0x08000b22        0xc build/usbh_conf.o
                0x08000b22                HAL_HCD_PortDisabled_Callback
 *fill*         0x08000b2e        0x2 
 .text.USBH_LL_Init
                0x08000b30       0x54 build/usbh_conf.o
                0x08000b30                USBH_LL_Init
 .text.USBH_LL_GetLastXferSize
                0x08000b84        0xc build/usbh_conf.o
                0x08000b84                USBH_LL_GetLastXferSize
 .text.USBH_LL_GetURBState
                0x08000b90        0xc build/usbh_conf.o
                0x08000b90                USBH_LL_GetURBState
 .text.USBH_LL_DriverVBUS
                0x08000b9c       0x1c build/usbh_conf.o
                0x08000b9c                USBH_LL_DriverVBUS
 .text.USBH_LL_SetToggle
                0x08000bb8       0x2e build/usbh_conf.o
                0x08000bb8                USBH_LL_SetToggle
 .text.USBH_Get_USB_Status
                0x08000be6       0x14 build/usbh_conf.o
                0x08000be6                USBH_Get_USB_Status
 .text.USBH_LL_Start
                0x08000bfa       0x10 build/usbh_conf.o
                0x08000bfa                USBH_LL_Start
 .text.USBH_LL_Stop
                0x08000c0a       0x10 build/usbh_conf.o
                0x08000c0a                USBH_LL_Stop
 .text.USBH_LL_OpenPipe
                0x08000c1a       0x26 build/usbh_conf.o
                0x08000c1a                USBH_LL_OpenPipe
 .text.USBH_LL_ClosePipe
                0x08000c40       0x10 build/usbh_conf.o
                0x08000c40                USBH_LL_ClosePipe
 .text.USBH_LL_SubmitURB
                0x08000c50       0x2a build/usbh_conf.o
                0x08000c50                USBH_LL_SubmitURB
 *fill*         0x08000c7a        0x2 
 .text.MX_DriverVbusFS
                0x08000c7c       0x18 build/usbh_platform.o
                0x08000c7c                MX_DriverVbusFS
 .text.HCD_RXQLVL_IRQHandler
                0x08000c94       0xa6 build/stm32f4xx_hal_hcd.o
 .text.HAL_HCD_HC_Halt
                0x08000d3a       0x24 build/stm32f4xx_hal_hcd.o
                0x08000d3a                HAL_HCD_HC_Halt
 .text.HAL_HCD_Init
                0x08000d5e       0x8e build/stm32f4xx_hal_hcd.o
                0x08000d5e                HAL_HCD_Init
 .text.HAL_HCD_HC_SubmitRequest
                0x08000dec      0x1ce build/stm32f4xx_hal_hcd.o
                0x08000dec                HAL_HCD_HC_SubmitRequest
 .text.HCD_Port_IRQHandler
                0x08000fba       0xb0 build/stm32f4xx_hal_hcd.o
 .text.HCD_HC_IN_IRQHandler
                0x0800106a      0x5a2 build/stm32f4xx_hal_hcd.o
 .text.HCD_HC_OUT_IRQHandler
                0x0800160c      0x46c build/stm32f4xx_hal_hcd.o
 .text.HAL_HCD_IRQHandler
                0x08001a78      0x15c build/stm32f4xx_hal_hcd.o
                0x08001a78                HAL_HCD_IRQHandler
 .text.HAL_HCD_Start
                0x08001bd4       0x2a build/stm32f4xx_hal_hcd.o
                0x08001bd4                HAL_HCD_Start
 .text.HAL_HCD_Stop
                0x08001bfe       0x24 build/stm32f4xx_hal_hcd.o
                0x08001bfe                HAL_HCD_Stop
 .text.HAL_HCD_HC_GetURBState
                0x08001c22        0xe build/stm32f4xx_hal_hcd.o
                0x08001c22                HAL_HCD_HC_GetURBState
 .text.HAL_HCD_HC_GetXferCount
                0x08001c30        0xc build/stm32f4xx_hal_hcd.o
                0x08001c30                HAL_HCD_HC_GetXferCount
 .text.HAL_HCD_GetCurrentFrame
                0x08001c3c        0xa build/stm32f4xx_hal_hcd.o
                0x08001c3c                HAL_HCD_GetCurrentFrame
 .text.HAL_HCD_HC_ClearHubInfo
                0x08001c46       0x18 build/stm32f4xx_hal_hcd.o
                0x08001c46                HAL_HCD_HC_ClearHubInfo
 .text.HAL_HCD_HC_Init
                0x08001c5e       0xca build/stm32f4xx_hal_hcd.o
                0x08001c5e                HAL_HCD_HC_Init
 .text.USB_CoreReset
                0x08001d28       0x4a build/stm32f4xx_ll_usb.o
 .text.USB_CoreInit
                0x08001d72       0x92 build/stm32f4xx_ll_usb.o
                0x08001d72                USB_CoreInit
 .text.USB_EnableGlobalInt
                0x08001e04        0xc build/stm32f4xx_ll_usb.o
                0x08001e04                USB_EnableGlobalInt
 .text.USB_DisableGlobalInt
                0x08001e10        0xc build/stm32f4xx_ll_usb.o
                0x08001e10                USB_DisableGlobalInt
 .text.USB_FlushTxFifo
                0x08001e1c       0x4a build/stm32f4xx_ll_usb.o
                0x08001e1c                USB_FlushTxFifo
 .text.USB_FlushRxFifo
                0x08001e66       0x46 build/stm32f4xx_ll_usb.o
                0x08001e66                USB_FlushRxFifo
 .text.USB_WritePacket
                0x08001eac       0x2e build/stm32f4xx_ll_usb.o
                0x08001eac                USB_WritePacket
 .text.USB_ReadPacket
                0x08001eda       0x54 build/stm32f4xx_ll_usb.o
                0x08001eda                USB_ReadPacket
 .text.USB_ReadInterrupts
                0x08001f2e        0x8 build/stm32f4xx_ll_usb.o
                0x08001f2e                USB_ReadInterrupts
 .text.USB_ReadChInterrupts
                0x08001f36       0x10 build/stm32f4xx_ll_usb.o
                0x08001f36                USB_ReadChInterrupts
 .text.USB_GetMode
                0x08001f46        0x8 build/stm32f4xx_ll_usb.o
                0x08001f46                USB_GetMode
 .text.USB_SetCurrentMode
                0x08001f4e       0x62 build/stm32f4xx_ll_usb.o
                0x08001f4e                USB_SetCurrentMode
 .text.USB_HostInit
                0x08001fb0      0x100 build/stm32f4xx_ll_usb.o
                0x08001fb0                USB_HostInit
 .text.USB_InitFSLSPClkSel
                0x080020b0       0x42 build/stm32f4xx_ll_usb.o
                0x080020b0                USB_InitFSLSPClkSel
 .text.USB_DriveVbus
                0x080020f2       0x46 build/stm32f4xx_ll_usb.o
                0x080020f2                USB_DriveVbus
 .text.USB_GetHostSpeed
                0x08002138       0x16 build/stm32f4xx_ll_usb.o
                0x08002138                USB_GetHostSpeed
 .text.USB_GetCurrentFrame
                0x0800214e        0xa build/stm32f4xx_ll_usb.o
                0x0800214e                USB_GetCurrentFrame
 .text.USB_HC_Init
                0x08002158      0x134 build/stm32f4xx_ll_usb.o
                0x08002158                USB_HC_Init
 .text.USB_HC_ReadInterrupt
                0x0800228c        0xa build/stm32f4xx_ll_usb.o
                0x0800228c                USB_HC_ReadInterrupt
 .text.USB_HC_Halt
                0x08002296       0xfc build/stm32f4xx_ll_usb.o
                0x08002296                USB_HC_Halt
 *fill*         0x08002392        0x2 
 .text.USB_DoPing
                0x08002394       0x24 build/stm32f4xx_ll_usb.o
                0x08002394                USB_DoPing
 .text.USB_HC_StartXfer
                0x080023b8      0x2b0 build/stm32f4xx_ll_usb.o
                0x080023b8                USB_HC_StartXfer
 .text.USB_StopHost
                0x08002668       0x92 build/stm32f4xx_ll_usb.o
                0x08002668                USB_StopHost
 *fill*         0x080026fa        0x2 
 .text.HAL_RCC_OscConfig
                0x080026fc      0x3f8 build/stm32f4xx_hal_rcc.o
                0x080026fc                HAL_RCC_OscConfig
 .text.HAL_RCC_GetSysClockFreq
                0x08002af4       0xd4 build/stm32f4xx_hal_rcc.o
                0x08002af4                HAL_RCC_GetSysClockFreq
 .text.HAL_RCC_ClockConfig
                0x08002bc8      0x160 build/stm32f4xx_hal_rcc.o
                0x08002bc8                HAL_RCC_ClockConfig
 .text.HAL_RCC_GetHCLKFreq
                0x08002d28        0xc build/stm32f4xx_hal_rcc.o
                0x08002d28                HAL_RCC_GetHCLKFreq
 .text.HAL_RCC_GetPCLK1Freq
                0x08002d34       0x20 build/stm32f4xx_hal_rcc.o
                0x08002d34                HAL_RCC_GetPCLK1Freq
 .text.HAL_RCCEx_PeriphCLKConfig
                0x08002d54      0x154 build/stm32f4xx_hal_rcc_ex.o
                0x08002d54                HAL_RCCEx_PeriphCLKConfig
 .text.HAL_RCCEx_GetPeriphCLKFreq
                0x08002ea8       0x70 build/stm32f4xx_hal_rcc_ex.o
                0x08002ea8                HAL_RCCEx_GetPeriphCLKFreq
 .text.HAL_GPIO_Init
                0x08002f18      0x1e4 build/stm32f4xx_hal_gpio.o
                0x08002f18                HAL_GPIO_Init
 .text.HAL_GPIO_WritePin
                0x080030fc        0xc build/stm32f4xx_hal_gpio.o
                0x080030fc                HAL_GPIO_WritePin
 .text.HAL_GPIO_TogglePin
                0x08003108       0x12 build/stm32f4xx_hal_gpio.o
                0x08003108                HAL_GPIO_TogglePin
 *fill*         0x0800311a        0x2 
 .text.HAL_NVIC_SetPriorityGrouping
                0x0800311c       0x24 build/stm32f4xx_hal_cortex.o
                0x0800311c                HAL_NVIC_SetPriorityGrouping
 .text.HAL_NVIC_SetPriority
                0x08003140       0x70 build/stm32f4xx_hal_cortex.o
                0x08003140                HAL_NVIC_SetPriority
 .text.HAL_NVIC_EnableIRQ
                0x080031b0       0x1c build/stm32f4xx_hal_cortex.o
                0x080031b0                HAL_NVIC_EnableIRQ
 .text.HAL_SYSTICK_Config
                0x080031cc       0x28 build/stm32f4xx_hal_cortex.o
                0x080031cc                HAL_SYSTICK_Config
 .text.HAL_InitTick
                0x080031f4       0x4c build/stm32f4xx_hal.o
                0x080031f4                HAL_InitTick
 .text.HAL_Init
                0x08003240       0x34 build/stm32f4xx_hal.o
                0x08003240                HAL_Init
 .text.HAL_IncTick
                0x08003274       0x18 build/stm32f4xx_hal.o
                0x08003274                HAL_IncTick
 .text.HAL_GetTick
                0x0800328c        0xc build/stm32f4xx_hal.o
                0x0800328c                HAL_GetTick
 .text.HAL_Delay
                0x08003298       0x28 build/stm32f4xx_hal.o
                0x08003298                HAL_Delay
 .text.HAL_I2C_Init
                0x080032c0      0x1bc build/stm32f4xx_hal_i2c.o
                0x080032c0                HAL_I2C_Init
 .text.HAL_I2S_Init
                0x0800347c      0x19c build/stm32f4xx_hal_i2s.o
                0x0800347c                HAL_I2S_Init
 .text.HAL_I2S_TxCpltCallback
                0x08003618        0x2 build/stm32f4xx_hal_i2s.o
                0x08003618                HAL_I2S_TxCpltCallback
 .text.I2S_Transmit_IT
                0x0800361a       0x38 build/stm32f4xx_hal_i2s.o
 .text.HAL_I2S_RxCpltCallback
                0x08003652        0x2 build/stm32f4xx_hal_i2s.o
                0x08003652                HAL_I2S_RxCpltCallback
 .text.I2S_Receive_IT
                0x08003654       0x38 build/stm32f4xx_hal_i2s.o
 .text.HAL_I2S_ErrorCallback
                0x0800368c        0x2 build/stm32f4xx_hal_i2s.o
                0x0800368c                HAL_I2S_ErrorCallback
 .text.I2S_IRQHandler
                0x0800368e       0xd0 build/stm32f4xx_hal_i2s.o
 .text.HAL_I2SEx_TxRxCpltCallback
                0x0800375e        0x2 build/stm32f4xx_hal_i2s_ex.o
                0x0800375e                HAL_I2SEx_TxRxCpltCallback
 .text.I2SEx_TxISR_I2S
                0x08003760       0x3c build/stm32f4xx_hal_i2s_ex.o
 .text.I2SEx_RxISR_I2SExt
                0x0800379c       0x64 build/stm32f4xx_hal_i2s_ex.o
 .text.I2SEx_TxISR_I2SExt
                0x08003800       0x64 build/stm32f4xx_hal_i2s_ex.o
 .text.I2SEx_RxISR_I2S
                0x08003864       0x3c build/stm32f4xx_hal_i2s_ex.o
 .text.HAL_I2SEx_FullDuplex_IRQHandler
                0x080038a0      0x1d8 build/stm32f4xx_hal_i2s_ex.o
                0x080038a0                HAL_I2SEx_FullDuplex_IRQHandler
 .text.HAL_SPI_Init
                0x08003a78       0xbe build/stm32f4xx_hal_spi.o
                0x08003a78                HAL_SPI_Init
 *fill*         0x08003b36        0x2 
 .text.SystemInit
                0x08003b38       0x14 build/system_stm32f4xx.o
                0x08003b38                SystemInit
 .text.USBH_HandleSof
                0x08003b4c       0x1a build/usbh_core.o
 .text.DeInitStateMachine
                0x08003b66       0x94 build/usbh_core.o
 .text.USBH_Init
                0x08003bfa       0x3e build/usbh_core.o
                0x08003bfa                USBH_Init
 .text.USBH_RegisterClass
                0x08003c38       0x22 build/usbh_core.o
                0x08003c38                USBH_RegisterClass
 .text.USBH_SelectInterface
                0x08003c5a       0x14 build/usbh_core.o
                0x08003c5a                USBH_SelectInterface
 .text.USBH_FindInterface
                0x08003c6e       0x54 build/usbh_core.o
                0x08003c6e                USBH_FindInterface
 .text.USBH_Start
                0x08003cc2       0x14 build/usbh_core.o
                0x08003cc2                USBH_Start
 .text.USBH_LL_SetTimer
                0x08003cd6        0x6 build/usbh_core.o
                0x08003cd6                USBH_LL_SetTimer
 .text.USBH_LL_IncTimer
                0x08003cdc       0x12 build/usbh_core.o
                0x08003cdc                USBH_LL_IncTimer
 .text.USBH_LL_PortEnabled
                0x08003cee        0x8 build/usbh_core.o
                0x08003cee                USBH_LL_PortEnabled
 .text.USBH_LL_PortDisabled
                0x08003cf6        0x8 build/usbh_core.o
                0x08003cf6                USBH_LL_PortDisabled
 .text.USBH_LL_Connect
                0x08003cfe       0x14 build/usbh_core.o
                0x08003cfe                USBH_LL_Connect
 .text.USBH_LL_Disconnect
                0x08003d12       0x2c build/usbh_core.o
                0x08003d12                USBH_LL_Disconnect
 .text.USBH_HandleControl
                0x08003d3e      0x1d8 build/usbh_ctlreq.o
 .text.USBH_CtlReq
                0x08003f16       0x40 build/usbh_ctlreq.o
                0x08003f16                USBH_CtlReq
 .text.USBH_ClrFeature
                0x08003f56       0x24 build/usbh_ctlreq.o
                0x08003f56                USBH_ClrFeature
 .text.USBH_CtlSendSetup
                0x08003f7a       0x22 build/usbh_ioreq.o
                0x08003f7a                USBH_CtlSendSetup
 .text.USBH_CtlSendData
                0x08003f9c       0x2c build/usbh_ioreq.o
                0x08003f9c                USBH_CtlSendData
 .text.USBH_CtlReceiveData
                0x08003fc8       0x20 build/usbh_ioreq.o
                0x08003fc8                USBH_CtlReceiveData
 .text.USBH_BulkSendData
                0x08003fe8       0x2c build/usbh_ioreq.o
                0x08003fe8                USBH_BulkSendData
 .text.USBH_BulkReceiveData
                0x08004014       0x20 build/usbh_ioreq.o
                0x08004014                USBH_BulkReceiveData
 .text.USBH_GetFreePipe
                0x08004034       0x26 build/usbh_pipes.o
 .text.USBH_OpenPipe
                0x0800405a       0x20 build/usbh_pipes.o
                0x0800405a                USBH_OpenPipe
 .text.USBH_ClosePipe
                0x0800407a        0xa build/usbh_pipes.o
                0x0800407a                USBH_ClosePipe
 .text.USBH_AllocPipe
                0x08004084       0x26 build/usbh_pipes.o
                0x08004084                USBH_AllocPipe
 .text.USBH_FreePipe
                0x080040aa       0x16 build/usbh_pipes.o
                0x080040aa                USBH_FreePipe
 .text.USBH_CDC_SOFProcess
                0x080040c0        0x4 build/usbh_cdc.o
 .text.SetLineCoding
                0x080040c4       0x1a build/usbh_cdc.o
 .text.GetLineCoding
                0x080040de       0x1a build/usbh_cdc.o
 .text.USBH_CDC_ClassRequest
                0x080040f8       0x22 build/usbh_cdc.o
 .text.USBH_CDC_InterfaceDeInit
                0x0800411a       0x68 build/usbh_cdc.o
 .text.USBH_CDC_InterfaceInit
                0x08004182      0x186 build/usbh_cdc.o
 .text.USBH_CDC_TransmitCallback
                0x08004308        0x2 build/usbh_cdc.o
                0x08004308                USBH_CDC_TransmitCallback
 .text.CDC_ProcessTransmission
                0x0800430a       0x94 build/usbh_cdc.o
 .text.USBH_CDC_ReceiveCallback
                0x0800439e        0x2 build/usbh_cdc.o
                0x0800439e                USBH_CDC_ReceiveCallback
 .text.CDC_ProcessReception
                0x080043a0       0x68 build/usbh_cdc.o
 .text.USBH_CDC_LineCodingChanged
                0x08004408        0x2 build/usbh_cdc.o
                0x08004408                USBH_CDC_LineCodingChanged
 .text.USBH_CDC_Process
                0x0800440a       0xb2 build/usbh_cdc.o
 .text._sbrk    0x080044bc       0x48 build/sysmem.o
                0x080044bc                _sbrk
 .text.Reset_Handler
                0x08004504       0x50 build/startup_stm32f407xx.o
                0x08004504                Reset_Handler
 .text.Default_Handler
                0x08004554        0x2 build/startup_stm32f407xx.o
                0x08004554                RTC_Alarm_IRQHandler
                0x08004554                HASH_RNG_IRQHandler
                0x08004554                EXTI2_IRQHandler
                0x08004554                TIM8_CC_IRQHandler
                0x08004554                TIM1_CC_IRQHandler
                0x08004554                DMA2_Stream5_IRQHandler
                0x08004554                DMA1_Stream5_IRQHandler
                0x08004554                PVD_IRQHandler
                0x08004554                SDIO_IRQHandler
                0x08004554                TAMP_STAMP_IRQHandler
                0x08004554                CAN2_RX1_IRQHandler
                0x08004554                EXTI3_IRQHandler
                0x08004554                TIM8_TRG_COM_TIM14_IRQHandler
                0x08004554                TIM1_UP_TIM10_IRQHandler
                0x08004554                TIM8_UP_TIM13_IRQHandler
                0x08004554                I2C3_ER_IRQHandler
                0x08004554                EXTI0_IRQHandler
                0x08004554                I2C2_EV_IRQHandler
                0x08004554                DMA1_Stream2_IRQHandler
                0x08004554                CAN1_RX0_IRQHandler
                0x08004554                FPU_IRQHandler
                0x08004554                OTG_HS_WKUP_IRQHandler
                0x08004554                CAN2_SCE_IRQHandler
                0x08004554                DMA2_Stream2_IRQHandler
                0x08004554                SPI1_IRQHandler
                0x08004554                TIM6_DAC_IRQHandler
                0x08004554                TIM1_BRK_TIM9_IRQHandler
                0x08004554                DCMI_IRQHandler
                0x08004554                CAN2_RX0_IRQHandler
                0x08004554                DMA2_Stream3_IRQHandler
                0x08004554                USART6_IRQHandler
                0x08004554                USART3_IRQHandler
                0x08004554                CAN1_RX1_IRQHandler
                0x08004554                UART5_IRQHandler
                0x08004554                DMA2_Stream0_IRQHandler
                0x08004554                TIM4_IRQHandler
                0x08004554                I2C1_EV_IRQHandler
                0x08004554                DMA1_Stream6_IRQHandler
                0x08004554                DMA1_Stream1_IRQHandler
                0x08004554                UART4_IRQHandler
                0x08004554                TIM3_IRQHandler
                0x08004554                RCC_IRQHandler
                0x08004554                TIM8_BRK_TIM12_IRQHandler
                0x08004554                Default_Handler
                0x08004554                EXTI15_10_IRQHandler
                0x08004554                ADC_IRQHandler
                0x08004554                DMA1_Stream7_IRQHandler
                0x08004554                TIM7_IRQHandler
                0x08004554                CAN2_TX_IRQHandler
                0x08004554                TIM5_IRQHandler
                0x08004554                DMA2_Stream7_IRQHandler
                0x08004554                I2C3_EV_IRQHandler
                0x08004554                EXTI9_5_IRQHandler
                0x08004554                RTC_WKUP_IRQHandler
                0x08004554                ETH_WKUP_IRQHandler
                0x08004554                SPI2_IRQHandler
                0x08004554                OTG_HS_EP1_IN_IRQHandler
                0x08004554                DMA1_Stream0_IRQHandler
                0x08004554                CAN1_TX_IRQHandler
                0x08004554                EXTI4_IRQHandler
                0x08004554                FSMC_IRQHandler
                0x08004554                ETH_IRQHandler
                0x08004554                OTG_HS_EP1_OUT_IRQHandler
                0x08004554                WWDG_IRQHandler
                0x08004554                TIM2_IRQHandler
                0x08004554                OTG_FS_WKUP_IRQHandler
                0x08004554                TIM1_TRG_COM_TIM11_IRQHandler
                0x08004554                OTG_HS_IRQHandler
                0x08004554                EXTI1_IRQHandler
                0x08004554                USART2_IRQHandler
                0x08004554                I2C2_ER_IRQHandler
                0x08004554                DMA2_Stream1_IRQHandler
                0x08004554                CAN1_SCE_IRQHandler
                0x08004554                FLASH_IRQHandler
                0x08004554                DMA2_Stream4_IRQHandler
                0x08004554                USART1_IRQHandler
                0x08004554                SPI3_IRQHandler
                0x08004554                DMA1_Stream4_IRQHandler
                0x08004554                I2C1_ER_IRQHandler
                0x08004554                DMA2_Stream6_IRQHandler
                0x08004554                DMA1_Stream3_IRQHandler
 *fill*         0x08004556        0x2 
 .text.__errno  0x08004558        0xc d:/zodhya projects/technical doccuments/stm32_vscode_make/tools/gcc-arm-none-eabi-10.3-2021.10/bin/../lib/gcc/arm-none-eabi/10.3.1/../../../../arm-none-eabi/lib/thumb/v7e-m+fp/hard\libc_nano.a(lib_a-errno.o)
                0x08004558                __errno
 .text.__libc_init_array
                0x08004564       0x48 d:/zodhya projects/technical doccuments/stm32_vscode_make/tools/gcc-arm-none-eabi-10.3-2021.10/bin/../lib/gcc/arm-none-eabi/10.3.1/../../../../arm-none-eabi/lib/thumb/v7e-m+fp/hard\libc_nano.a(lib_a-init.o)
                0x08004564                __libc_init_array
 .text.malloc   0x080045ac       0x10 d:/zodhya projects/technical doccuments/stm32_vscode_make/tools/gcc-arm-none-eabi-10.3-2021.10/bin/../lib/gcc/arm-none-eabi/10.3.1/../../../../arm-none-eabi/lib/thumb/v7e-m+fp/hard\libc_nano.a(lib_a-malloc.o)
                0x080045ac                malloc
 .text.free     0x080045bc       0x10 d:/zodhya projects/technical doccuments/stm32_vscode_make/tools/gcc-arm-none-eabi-10.3-2021.10/bin/../lib/gcc/arm-none-eabi/10.3.1/../../../../arm-none-eabi/lib/thumb/v7e-m+fp/hard\libc_nano.a(lib_a-malloc.o)
                0x080045bc                free
 .text.memset   0x080045cc       0x10 d:/zodhya projects/technical doccuments/stm32_vscode_make/tools/gcc-arm-none-eabi-10.3-2021.10/bin/../lib/gcc/arm-none-eabi/10.3.1/../../../../arm-none-eabi/lib/thumb/v7e-m+fp/hard\libc_nano.a(lib_a-memset.o)
                0x080045cc                memset
 .text._free_r  0x080045dc       0x98 d:/zodhya projects/technical doccuments/stm32_vscode_make/tools/gcc-arm-none-eabi-10.3-2021.10/bin/../lib/gcc/arm-none-eabi/10.3.1/../../../../arm-none-eabi/lib/thumb/v7e-m+fp/hard\libc_nano.a(lib_a-nano-freer.o)
                0x080045dc                _free_r
 .text.sbrk_aligned
                0x08004674       0x40 d:/zodhya projects/technical doccuments/stm32_vscode_make/tools/gcc-arm-none-eabi-10.3-2021.10/bin/../lib/gcc/arm-none-eabi/10.3.1/../../../../arm-none-eabi/lib/thumb/v7e-m+fp/hard\libc_nano.a(lib_a-nano-mallocr.o)
 .text._malloc_r
                0x080046b4       0xe8 d:/zodhya projects/technical doccuments/stm32_vscode_make/tools/gcc-arm-none-eabi-10.3-2021.10/bin/../lib/gcc/arm-none-eabi/10.3.1/../../../../arm-none-eabi/lib/thumb/v7e-m+fp/hard\libc_nano.a(lib_a-nano-mallocr.o)
                0x080046b4                _malloc_r
 .text._sbrk_r  0x0800479c       0x20 d:/zodhya projects/technical doccuments/stm32_vscode_make/tools/gcc-arm-none-eabi-10.3-2021.10/bin/../lib/gcc/arm-none-eabi/10.3.1/../../../../arm-none-eabi/lib/thumb/v7e-m+fp/hard\libc_nano.a(lib_a-sbrkr.o)
                0x0800479c                _sbrk_r
 .text.__malloc_lock
                0x080047bc        0xc d:/zodhya projects/technical doccuments/stm32_vscode_make/tools/gcc-arm-none-eabi-10.3-2021.10/bin/../lib/gcc/arm-none-eabi/10.3.1/../../../../arm-none-eabi/lib/thumb/v7e-m+fp/hard\libc_nano.a(lib_a-mlock.o)
                0x080047bc                __malloc_lock
 .text.__malloc_unlock
                0x080047c8        0xc d:/zodhya projects/technical doccuments/stm32_vscode_make/tools/gcc-arm-none-eabi-10.3-2021.10/bin/../lib/gcc/arm-none-eabi/10.3.1/../../../../arm-none-eabi/lib/thumb/v7e-m+fp/hard\libc_nano.a(lib_a-mlock.o)
                0x080047c8                __malloc_unlock
 .text.__retarget_lock_acquire_recursive
                0x080047d4        0x2 d:/zodhya projects/technical doccuments/stm32_vscode_make/tools/gcc-arm-none-eabi-10.3-2021.10/bin/../lib/gcc/arm-none-eabi/10.3.1/../../../../arm-none-eabi/lib/thumb/v7e-m+fp/hard\libc_nano.a(lib_a-lock.o)
                0x080047d4                __retarget_lock_acquire_recursive
 .text.__retarget_lock_release_recursive
                0x080047d6        0x2 d:/zodhya projects/technical doccuments/stm32_vscode_make/tools/gcc-arm-none-eabi-10.3-2021.10/bin/../lib/gcc/arm-none-eabi/10.3.1/../../../../arm-none-eabi/lib/thumb/v7e-m+fp/hard\libc_nano.a(lib_a-lock.o)
                0x080047d6                __retarget_lock_release_recursive
 *(.glue_7)
 .glue_7        0x080047d8        0x0 linker stubs
 *(.glue_7t)
 .glue_7t       0x080047d8        0x0 linker stubs
 *(.eh_frame)
 .eh_frame      0x080047d8        0x0 d:/zodhya projects/technical doccuments/stm32_vscode_make/tools/gcc-arm-none-eabi-10.3-2021.10/bin/../lib/gcc/arm-none-eabi/10.3.1/thumb/v7e-m+fp/hard/crtbegin.o
 *(.init)
 .init          0x080047d8        0x4 d:/zodhya projects/technical doccuments/stm32_vscode_make/tools/gcc-arm-none-eabi-10.3-2021.10/bin/../lib/gcc/arm-none-eabi/10.3.1/thumb/v7e-m+fp/hard/crti.o
                0x080047d8                _init
 .init          0x080047dc        0x8 d:/zodhya projects/technical doccuments/stm32_vscode_make/tools/gcc-arm-none-eabi-10.3-2021.10/bin/../lib/gcc/arm-none-eabi/10.3.1/thumb/v7e-m+fp/hard/crtn.o
 *(.fini)
 .fini          0x080047e4        0x4 d:/zodhya projects/technical doccuments/stm32_vscode_make/tools/gcc-arm-none-eabi-10.3-2021.10/bin/../lib/gcc/arm-none-eabi/10.3.1/thumb/v7e-m+fp/hard/crti.o
                0x080047e4                _fini
 .fini          0x080047e8        0x8 d:/zodhya projects/technical doccuments/stm32_vscode_make/tools/gcc-arm-none-eabi-10.3-2021.10/bin/../lib/gcc/arm-none-eabi/10.3.1/thumb/v7e-m+fp/hard/crtn.o
                0x080047f0                . = ALIGN (0x4)
                0x080047f0                _etext = .

.vfp11_veneer   0x080047f0        0x0
 .vfp11_veneer  0x080047f0        0x0 linker stubs

.v4_bx          0x080047f0        0x0
 .v4_bx         0x080047f0        0x0 linker stubs

.iplt           0x080047f0        0x0
 .iplt          0x080047f0        0x0 d:/zodhya projects/technical doccuments/stm32_vscode_make/tools/gcc-arm-none-eabi-10.3-2021.10/bin/../lib/gcc/arm-none-eabi/10.3.1/thumb/v7e-m+fp/hard/crtbegin.o

.rodata         0x080047f0       0x1c
                0x080047f0                . = ALIGN (0x4)
 *(.rodata)
 *(.rodata*)
 .rodata.AHBPrescTable
                0x080047f0       0x10 build/system_stm32f4xx.o
                0x080047f0                AHBPrescTable
 .rodata.APBPrescTable
                0x08004800        0x8 build/system_stm32f4xx.o
                0x08004800                APBPrescTable
 .rodata.str1.4
                0x08004808        0x4 build/usbh_cdc.o
                0x0800480c                . = ALIGN (0x4)

.ARM.extab
 *(.ARM.extab* .gnu.linkonce.armextab.*)

.ARM            0x0800480c        0x8
                0x0800480c                __exidx_start = .
 *(.ARM.exidx*)
 .ARM.exidx     0x0800480c        0x8 d:/zodhya projects/technical doccuments/stm32_vscode_make/tools/gcc-arm-none-eabi-10.3-2021.10/bin/../lib/gcc/arm-none-eabi/10.3.1/thumb/v7e-m+fp/hard\libgcc.a(_udivmoddi4.o)
                0x08004814                __exidx_end = .

.rel.dyn        0x08004814        0x0
 .rel.iplt      0x08004814        0x0 d:/zodhya projects/technical doccuments/stm32_vscode_make/tools/gcc-arm-none-eabi-10.3-2021.10/bin/../lib/gcc/arm-none-eabi/10.3.1/thumb/v7e-m+fp/hard/crtbegin.o

.preinit_array  0x08004814        0x0
                0x08004814                PROVIDE (__preinit_array_start = .)
 *(.preinit_array*)
                0x08004814                PROVIDE (__preinit_array_end = .)

.init_array     0x08004814        0x4
                0x08004814                PROVIDE (__init_array_start = .)
 *(SORT_BY_NAME(.init_array.*))
 *(.init_array*)
 .init_array    0x08004814        0x4 d:/zodhya projects/technical doccuments/stm32_vscode_make/tools/gcc-arm-none-eabi-10.3-2021.10/bin/../lib/gcc/arm-none-eabi/10.3.1/thumb/v7e-m+fp/hard/crtbegin.o
                0x08004818                PROVIDE (__init_array_end = .)

.fini_array     0x08004818        0x4
                [!provide]                PROVIDE (__fini_array_start = .)
 *(SORT_BY_NAME(.fini_array.*))
 *(.fini_array*)
 .fini_array    0x08004818        0x4 d:/zodhya projects/technical doccuments/stm32_vscode_make/tools/gcc-arm-none-eabi-10.3-2021.10/bin/../lib/gcc/arm-none-eabi/10.3.1/thumb/v7e-m+fp/hard/crtbegin.o
                [!provide]                PROVIDE (__fini_array_end = .)
                0x0800481c                _sidata = LOADADDR (.data)

.data           0x20000000       0x90 load address 0x0800481c
                0x20000000                . = ALIGN (0x4)
                0x20000000                _sdata = .
 *(.data)
 *(.data*)
 .data.uwTickFreq
                0x20000000        0x1 build/stm32f4xx_hal.o
                0x20000000                uwTickFreq
 *fill*         0x20000001        0x3 
 .data.uwTickPrio
                0x20000004        0x4 build/stm32f4xx_hal.o
                0x20000004                uwTickPrio
 .data.SystemCoreClock
                0x20000008        0x4 build/system_stm32f4xx.o
                0x20000008                SystemCoreClock
 .data.CDC_Class
                0x2000000c       0x20 build/usbh_cdc.o
                0x2000000c                CDC_Class
 .data._impure_ptr
                0x2000002c        0x4 d:/zodhya projects/technical doccuments/stm32_vscode_make/tools/gcc-arm-none-eabi-10.3-2021.10/bin/../lib/gcc/arm-none-eabi/10.3.1/../../../../arm-none-eabi/lib/thumb/v7e-m+fp/hard\libc_nano.a(lib_a-impure.o)
                0x2000002c                _impure_ptr
 .data.impure_data
                0x20000030       0x60 d:/zodhya projects/technical doccuments/stm32_vscode_make/tools/gcc-arm-none-eabi-10.3-2021.10/bin/../lib/gcc/arm-none-eabi/10.3.1/../../../../arm-none-eabi/lib/thumb/v7e-m+fp/hard\libc_nano.a(lib_a-impure.o)
                0x20000090                . = ALIGN (0x4)
                0x20000090                _edata = .
                0x080048ac                _siccmram = LOADADDR (.ccmram)

.igot.plt       0x20000090        0x0 load address 0x080048ac
 .igot.plt      0x20000090        0x0 d:/zodhya projects/technical doccuments/stm32_vscode_make/tools/gcc-arm-none-eabi-10.3-2021.10/bin/../lib/gcc/arm-none-eabi/10.3.1/thumb/v7e-m+fp/hard/crtbegin.o

.ccmram         0x10000000        0x0 load address 0x080048ac
                0x10000000                . = ALIGN (0x4)
                0x10000000                _sccmram = .
 *(.ccmram)
 *(.ccmram*)
                0x10000000                . = ALIGN (0x4)
                0x10000000                _eccmram = .
                0x10000000                . = ALIGN (0x4)

.bss            0x20000090      0x8e4
                0x20000090                _sbss = .
                0x20000090                __bss_start__ = _sbss
 *(.bss)
 .bss           0x20000090       0x1c d:/zodhya projects/technical doccuments/stm32_vscode_make/tools/gcc-arm-none-eabi-10.3-2021.10/bin/../lib/gcc/arm-none-eabi/10.3.1/thumb/v7e-m+fp/hard/crtbegin.o
 *(.bss*)
 .bss.hi2c1     0x200000ac       0x54 build/main.o
                0x200000ac                hi2c1
 .bss.hi2s3     0x20000100       0x48 build/main.o
                0x20000100                hi2s3
 .bss.hspi1     0x20000148       0x58 build/main.o
                0x20000148                hspi1
 .bss.Appli_state
                0x200001a0        0x1 build/usb_host.o
                0x200001a0                Appli_state
 *fill*         0x200001a1        0x3 
 .bss.hUsbHostFS
                0x200001a4      0x3d8 build/usb_host.o
                0x200001a4                hUsbHostFS
 .bss.hhcd_USB_OTG_FS
                0x2000057c      0x3e0 build/usbh_conf.o
                0x2000057c                hhcd_USB_OTG_FS
 .bss.uwTick    0x2000095c        0x4 build/stm32f4xx_hal.o
                0x2000095c                uwTick
 .bss.__sbrk_heap_end
                0x20000960        0x4 build/sysmem.o
 .bss.__malloc_free_list
                0x20000964        0x4 d:/zodhya projects/technical doccuments/stm32_vscode_make/tools/gcc-arm-none-eabi-10.3-2021.10/bin/../lib/gcc/arm-none-eabi/10.3.1/../../../../arm-none-eabi/lib/thumb/v7e-m+fp/hard\libc_nano.a(lib_a-nano-mallocr.o)
                0x20000964                __malloc_free_list
 .bss.__malloc_sbrk_start
                0x20000968        0x4 d:/zodhya projects/technical doccuments/stm32_vscode_make/tools/gcc-arm-none-eabi-10.3-2021.10/bin/../lib/gcc/arm-none-eabi/10.3.1/../../../../arm-none-eabi/lib/thumb/v7e-m+fp/hard\libc_nano.a(lib_a-nano-mallocr.o)
                0x20000968                __malloc_sbrk_start
 .bss.errno     0x2000096c        0x4 d:/zodhya projects/technical doccuments/stm32_vscode_make/tools/gcc-arm-none-eabi-10.3-2021.10/bin/../lib/gcc/arm-none-eabi/10.3.1/../../../../arm-none-eabi/lib/thumb/v7e-m+fp/hard\libc_nano.a(lib_a-reent.o)
                0x2000096c                errno
 .bss.__lock___malloc_recursive_mutex
                0x20000970        0x1 d:/zodhya projects/technical doccuments/stm32_vscode_make/tools/gcc-arm-none-eabi-10.3-2021.10/bin/../lib/gcc/arm-none-eabi/10.3.1/../../../../arm-none-eabi/lib/thumb/v7e-m+fp/hard\libc_nano.a(lib_a-lock.o)
                0x20000970                __lock___malloc_recursive_mutex
 *(COMMON)
                0x20000974                . = ALIGN (0x4)
 *fill*         0x20000971        0x3 
                0x20000974                _ebss = .
                0x20000974                __bss_end__ = _ebss

._user_heap_stack
                0x20000974      0x604
                0x20000978                . = ALIGN (0x8)
 *fill*         0x20000974        0x4 
                [!provide]                PROVIDE (end = .)
                0x20000978                PROVIDE (_end = .)
                0x20000b78                . = (. + _Min_Heap_Size)
 *fill*         0x20000978      0x200 
                0x20000f78                . = (. + _Min_Stack_Size)
 *fill*         0x20000b78      0x400 
                0x20000f78                . = ALIGN (0x8)

/DISCARD/
 libc.a(*)
 libm.a(*)
 libgcc.a(*)

.ARM.attributes
                0x00000000       0x30
 *(.ARM.attributes)
 .ARM.attributes
                0x00000000       0x1e d:/zodhya projects/technical doccuments/stm32_vscode_make/tools/gcc-arm-none-eabi-10.3-2021.10/bin/../lib/gcc/arm-none-eabi/10.3.1/thumb/v7e-m+fp/hard/crti.o
 .ARM.attributes
                0x0000001e       0x34 d:/zodhya projects/technical doccuments/stm32_vscode_make/tools/gcc-arm-none-eabi-10.3-2021.10/bin/../lib/gcc/arm-none-eabi/10.3.1/thumb/v7e-m+fp/hard/crtbegin.o
 .ARM.attributes
                0x00000052       0x34 build/main.o
 .ARM.attributes
                0x00000086       0x34 build/stm32f4xx_it.o
 .ARM.attributes
                0x000000ba       0x34 build/stm32f4xx_hal_msp.o
 .ARM.attributes
                0x000000ee       0x34 build/usb_host.o
 .ARM.attributes
                0x00000122       0x34 build/usbh_conf.o
 .ARM.attributes
                0x00000156       0x34 build/usbh_platform.o
 .ARM.attributes
                0x0000018a       0x34 build/stm32f4xx_hal_hcd.o
 .ARM.attributes
                0x000001be       0x34 build/stm32f4xx_ll_usb.o
 .ARM.attributes
                0x000001f2       0x34 build/stm32f4xx_hal_rcc.o
 .ARM.attributes
                0x00000226       0x34 build/stm32f4xx_hal_rcc_ex.o
 .ARM.attributes
                0x0000025a       0x34 build/stm32f4xx_hal_gpio.o
 .ARM.attributes
                0x0000028e       0x34 build/stm32f4xx_hal_cortex.o
 .ARM.attributes
                0x000002c2       0x34 build/stm32f4xx_hal.o
 .ARM.attributes
                0x000002f6       0x34 build/stm32f4xx_hal_i2c.o
 .ARM.attributes
                0x0000032a       0x34 build/stm32f4xx_hal_i2s.o
 .ARM.attributes
                0x0000035e       0x34 build/stm32f4xx_hal_i2s_ex.o
 .ARM.attributes
                0x00000392       0x34 build/stm32f4xx_hal_spi.o
 .ARM.attributes
                0x000003c6       0x34 build/system_stm32f4xx.o
 .ARM.attributes
                0x000003fa       0x34 build/usbh_core.o
 .ARM.attributes
                0x0000042e       0x34 build/usbh_ctlreq.o
 .ARM.attributes
                0x00000462       0x34 build/usbh_ioreq.o
 .ARM.attributes
                0x00000496       0x34 build/usbh_pipes.o
 .ARM.attributes
                0x000004ca       0x34 build/usbh_cdc.o
 .ARM.attributes
                0x000004fe       0x34 build/sysmem.o
 .ARM.attributes
                0x00000532       0x21 build/startup_stm32f407xx.o
 .ARM.attributes
                0x00000553       0x34 d:/zodhya projects/technical doccuments/stm32_vscode_make/tools/gcc-arm-none-eabi-10.3-2021.10/bin/../lib/gcc/arm-none-eabi/10.3.1/../../../../arm-none-eabi/lib/thumb/v7e-m+fp/hard\libc_nano.a(lib_a-errno.o)
 .ARM.attributes
                0x00000587       0x34 d:/zodhya projects/technical doccuments/stm32_vscode_make/tools/gcc-arm-none-eabi-10.3-2021.10/bin/../lib/gcc/arm-none-eabi/10.3.1/../../../../arm-none-eabi/lib/thumb/v7e-m+fp/hard\libc_nano.a(lib_a-impure.o)
 .ARM.attributes
                0x000005bb       0x34 d:/zodhya projects/technical doccuments/stm32_vscode_make/tools/gcc-arm-none-eabi-10.3-2021.10/bin/../lib/gcc/arm-none-eabi/10.3.1/../../../../arm-none-eabi/lib/thumb/v7e-m+fp/hard\libc_nano.a(lib_a-init.o)
 .ARM.attributes
                0x000005ef       0x34 d:/zodhya projects/technical doccuments/stm32_vscode_make/tools/gcc-arm-none-eabi-10.3-2021.10/bin/../lib/gcc/arm-none-eabi/10.3.1/../../../../arm-none-eabi/lib/thumb/v7e-m+fp/hard\libc_nano.a(lib_a-malloc.o)
 .ARM.attributes
                0x00000623       0x34 d:/zodhya projects/technical doccuments/stm32_vscode_make/tools/gcc-arm-none-eabi-10.3-2021.10/bin/../lib/gcc/arm-none-eabi/10.3.1/../../../../arm-none-eabi/lib/thumb/v7e-m+fp/hard\libc_nano.a(lib_a-memset.o)
 .ARM.attributes
                0x00000657       0x34 d:/zodhya projects/technical doccuments/stm32_vscode_make/tools/gcc-arm-none-eabi-10.3-2021.10/bin/../lib/gcc/arm-none-eabi/10.3.1/../../../../arm-none-eabi/lib/thumb/v7e-m+fp/hard\libc_nano.a(lib_a-nano-freer.o)
 .ARM.attributes
                0x0000068b       0x34 d:/zodhya projects/technical doccuments/stm32_vscode_make/tools/gcc-arm-none-eabi-10.3-2021.10/bin/../lib/gcc/arm-none-eabi/10.3.1/../../../../arm-none-eabi/lib/thumb/v7e-m+fp/hard\libc_nano.a(lib_a-nano-mallocr.o)
 .ARM.attributes
                0x000006bf       0x34 d:/zodhya projects/technical doccuments/stm32_vscode_make/tools/gcc-arm-none-eabi-10.3-2021.10/bin/../lib/gcc/arm-none-eabi/10.3.1/../../../../arm-none-eabi/lib/thumb/v7e-m+fp/hard\libc_nano.a(lib_a-sbrkr.o)
 .ARM.attributes
                0x000006f3       0x34 d:/zodhya projects/technical doccuments/stm32_vscode_make/tools/gcc-arm-none-eabi-10.3-2021.10/bin/../lib/gcc/arm-none-eabi/10.3.1/../../../../arm-none-eabi/lib/thumb/v7e-m+fp/hard\libc_nano.a(lib_a-mlock.o)
 .ARM.attributes
                0x00000727       0x34 d:/zodhya projects/technical doccuments/stm32_vscode_make/tools/gcc-arm-none-eabi-10.3-2021.10/bin/../lib/gcc/arm-none-eabi/10.3.1/../../../../arm-none-eabi/lib/thumb/v7e-m+fp/hard\libc_nano.a(lib_a-reent.o)
 .ARM.attributes
                0x0000075b       0x34 d:/zodhya projects/technical doccuments/stm32_vscode_make/tools/gcc-arm-none-eabi-10.3-2021.10/bin/../lib/gcc/arm-none-eabi/10.3.1/../../../../arm-none-eabi/lib/thumb/v7e-m+fp/hard\libc_nano.a(lib_a-lock.o)
 .ARM.attributes
                0x0000078f       0x1e d:/zodhya projects/technical doccuments/stm32_vscode_make/tools/gcc-arm-none-eabi-10.3-2021.10/bin/../lib/gcc/arm-none-eabi/10.3.1/thumb/v7e-m+fp/hard\libgcc.a(_aeabi_uldivmod.o)
 .ARM.attributes
                0x000007ad       0x34 d:/zodhya projects/technical doccuments/stm32_vscode_make/tools/gcc-arm-none-eabi-10.3-2021.10/bin/../lib/gcc/arm-none-eabi/10.3.1/thumb/v7e-m+fp/hard\libgcc.a(_udivmoddi4.o)
 .ARM.attributes
                0x000007e1       0x1e d:/zodhya projects/technical doccuments/stm32_vscode_make/tools/gcc-arm-none-eabi-10.3-2021.10/bin/../lib/gcc/arm-none-eabi/10.3.1/thumb/v7e-m+fp/hard\libgcc.a(_dvmd_tls.o)
 .ARM.attributes
                0x000007ff       0x1e d:/zodhya projects/technical doccuments/stm32_vscode_make/tools/gcc-arm-none-eabi-10.3-2021.10/bin/../lib/gcc/arm-none-eabi/10.3.1/thumb/v7e-m+fp/hard/crtn.o
OUTPUT(build/MakeTest2_07Dic.elf elf32-littlearm)
LOAD linker stubs
LOAD d:/zodhya projects/technical doccuments/stm32_vscode_make/tools/gcc-arm-none-eabi-10.3-2021.10/bin/../lib/gcc/arm-none-eabi/10.3.1/../../../../arm-none-eabi/lib/thumb/v7e-m+fp/hard\libc.a
LOAD d:/zodhya projects/technical doccuments/stm32_vscode_make/tools/gcc-arm-none-eabi-10.3-2021.10/bin/../lib/gcc/arm-none-eabi/10.3.1/../../../../arm-none-eabi/lib/thumb/v7e-m+fp/hard\libm.a
LOAD d:/zodhya projects/technical doccuments/stm32_vscode_make/tools/gcc-arm-none-eabi-10.3-2021.10/bin/../lib/gcc/arm-none-eabi/10.3.1/thumb/v7e-m+fp/hard\libgcc.a

.debug_info     0x00000000    0x1ba0b
 .debug_info    0x00000000     0x1581 build/main.o
 .debug_info    0x00001581      0x7a6 build/stm32f4xx_it.o
 .debug_info    0x00001d27     0x12ee build/stm32f4xx_hal_msp.o
 .debug_info    0x00003015      0xbc4 build/usb_host.o
 .debug_info    0x00003bd9     0x21ba build/usbh_conf.o
 .debug_info    0x00005d93      0x212 build/usbh_platform.o
 .debug_info    0x00005fa5     0x19d5 build/stm32f4xx_hal_hcd.o
 .debug_info    0x0000797a     0x2215 build/stm32f4xx_ll_usb.o
 .debug_info    0x00009b8f      0xbe6 build/stm32f4xx_hal_rcc.o
 .debug_info    0x0000a775      0x6f8 build/stm32f4xx_hal_rcc_ex.o
 .debug_info    0x0000ae6d      0x848 build/stm32f4xx_hal_gpio.o
 .debug_info    0x0000b6b5     0x118b build/stm32f4xx_hal_cortex.o
 .debug_info    0x0000c840      0xacf build/stm32f4xx_hal.o
 .debug_info    0x0000d30f     0x3b8f build/stm32f4xx_hal_i2c.o
 .debug_info    0x00010e9e     0x12bb build/stm32f4xx_hal_i2s.o
 .debug_info    0x00012159      0xee6 build/stm32f4xx_hal_i2s_ex.o
 .debug_info    0x0001303f     0x2039 build/stm32f4xx_hal_spi.o
 .debug_info    0x00015078      0x5b3 build/system_stm32f4xx.o
 .debug_info    0x0001562b     0x16c6 build/usbh_core.o
 .debug_info    0x00016cf1     0x157b build/usbh_ctlreq.o
 .debug_info    0x0001826c     0x1013 build/usbh_ioreq.o
 .debug_info    0x0001927f      0xc5d build/usbh_pipes.o
 .debug_info    0x00019edc     0x1988 build/usbh_cdc.o
 .debug_info    0x0001b864      0x185 build/sysmem.o
 .debug_info    0x0001b9e9       0x22 build/startup_stm32f407xx.o

.debug_abbrev   0x00000000     0x3a39
 .debug_abbrev  0x00000000      0x26c build/main.o
 .debug_abbrev  0x0000026c      0x17c build/stm32f4xx_it.o
 .debug_abbrev  0x000003e8      0x1f6 build/stm32f4xx_hal_msp.o
 .debug_abbrev  0x000005de      0x263 build/usb_host.o
 .debug_abbrev  0x00000841      0x380 build/usbh_conf.o
 .debug_abbrev  0x00000bc1      0x11f build/usbh_platform.o
 .debug_abbrev  0x00000ce0      0x2bf build/stm32f4xx_hal_hcd.o
 .debug_abbrev  0x00000f9f      0x300 build/stm32f4xx_ll_usb.o
 .debug_abbrev  0x0000129f      0x2aa build/stm32f4xx_hal_rcc.o
 .debug_abbrev  0x00001549      0x1a1 build/stm32f4xx_hal_rcc_ex.o
 .debug_abbrev  0x000016ea      0x22b build/stm32f4xx_hal_gpio.o
 .debug_abbrev  0x00001915      0x382 build/stm32f4xx_hal_cortex.o
 .debug_abbrev  0x00001c97      0x209 build/stm32f4xx_hal.o
 .debug_abbrev  0x00001ea0      0x2f3 build/stm32f4xx_hal_i2c.o
 .debug_abbrev  0x00002193      0x274 build/stm32f4xx_hal_i2s.o
 .debug_abbrev  0x00002407      0x2c0 build/stm32f4xx_hal_i2s_ex.o
 .debug_abbrev  0x000026c7      0x2b3 build/stm32f4xx_hal_spi.o
 .debug_abbrev  0x0000297a      0x11b build/system_stm32f4xx.o
 .debug_abbrev  0x00002a95      0x36b build/usbh_core.o
 .debug_abbrev  0x00002e00      0x334 build/usbh_ctlreq.o
 .debug_abbrev  0x00003134      0x21e build/usbh_ioreq.o
 .debug_abbrev  0x00003352      0x284 build/usbh_pipes.o
 .debug_abbrev  0x000035d6      0x367 build/usbh_cdc.o
 .debug_abbrev  0x0000393d       0xea build/sysmem.o
 .debug_abbrev  0x00003a27       0x12 build/startup_stm32f407xx.o

.debug_loc      0x00000000    0x12d1b
 .debug_loc     0x00000000       0xff build/main.o
 .debug_loc     0x000000ff       0x40 build/stm32f4xx_it.o
 .debug_loc     0x0000013f      0x2d5 build/stm32f4xx_hal_msp.o
 .debug_loc     0x00000414       0x40 build/usb_host.o
 .debug_loc     0x00000454      0xba7 build/usbh_conf.o
 .debug_loc     0x00000ffb       0x67 build/usbh_platform.o
 .debug_loc     0x00001062      0xf48 build/stm32f4xx_hal_hcd.o
 .debug_loc     0x00001faa     0x29d7 build/stm32f4xx_ll_usb.o
 .debug_loc     0x00004981      0x6e4 build/stm32f4xx_hal_rcc.o
 .debug_loc     0x00005065      0x473 build/stm32f4xx_hal_rcc_ex.o
 .debug_loc     0x000054d8      0x5e8 build/stm32f4xx_hal_gpio.o
 .debug_loc     0x00005ac0      0x7a4 build/stm32f4xx_hal_cortex.o
 .debug_loc     0x00006264      0x1e1 build/stm32f4xx_hal.o
 .debug_loc     0x00006445     0x4e61 build/stm32f4xx_hal_i2c.o
 .debug_loc     0x0000b2a6     0x1320 build/stm32f4xx_hal_i2s.o
 .debug_loc     0x0000c5c6      0xc9c build/stm32f4xx_hal_i2s_ex.o
 .debug_loc     0x0000d262     0x26ec build/stm32f4xx_hal_spi.o
 .debug_loc     0x0000f94e      0x158 build/system_stm32f4xx.o
 .debug_loc     0x0000faa6      0xae2 build/usbh_core.o
 .debug_loc     0x00010588     0x1451 build/usbh_ctlreq.o
 .debug_loc     0x000119d9      0x750 build/usbh_ioreq.o
 .debug_loc     0x00012129      0x26e build/usbh_pipes.o
 .debug_loc     0x00012397      0x900 build/usbh_cdc.o
 .debug_loc     0x00012c97       0x84 build/sysmem.o

.debug_aranges  0x00000000     0x10c0
 .debug_aranges
                0x00000000       0x50 build/main.o
 .debug_aranges
                0x00000050       0x68 build/stm32f4xx_it.o
 .debug_aranges
                0x000000b8       0x50 build/stm32f4xx_hal_msp.o
 .debug_aranges
                0x00000108       0x30 build/usb_host.o
 .debug_aranges
                0x00000138       0xd8 build/usbh_conf.o
 .debug_aranges
                0x00000210       0x20 build/usbh_platform.o
 .debug_aranges
                0x00000230      0x108 build/stm32f4xx_hal_hcd.o
 .debug_aranges
                0x00000338      0x1a0 build/stm32f4xx_ll_usb.o
 .debug_aranges
                0x000004d8       0x88 build/stm32f4xx_hal_rcc.o
 .debug_aranges
                0x00000560       0x48 build/stm32f4xx_hal_rcc_ex.o
 .debug_aranges
                0x000005a8       0x58 build/stm32f4xx_hal_gpio.o
 .debug_aranges
                0x00000600       0xb0 build/stm32f4xx_hal_cortex.o
 .debug_aranges
                0x000006b0       0xf0 build/stm32f4xx_hal.o
 .debug_aranges
                0x000007a0      0x2a8 build/stm32f4xx_hal_i2c.o
 .debug_aranges
                0x00000a48      0x108 build/stm32f4xx_hal_i2s.o
 .debug_aranges
                0x00000b50       0x88 build/stm32f4xx_hal_i2s_ex.o
 .debug_aranges
                0x00000bd8      0x1d0 build/stm32f4xx_hal_spi.o
 .debug_aranges
                0x00000da8       0x28 build/system_stm32f4xx.o
 .debug_aranges
                0x00000dd0       0xc0 build/usbh_core.o
 .debug_aranges
                0x00000e90       0xa0 build/usbh_ctlreq.o
 .debug_aranges
                0x00000f30       0x60 build/usbh_ioreq.o
 .debug_aranges
                0x00000f90       0x40 build/usbh_pipes.o
 .debug_aranges
                0x00000fd0       0xa8 build/usbh_cdc.o
 .debug_aranges
                0x00001078       0x20 build/sysmem.o
 .debug_aranges
                0x00001098       0x28 build/startup_stm32f407xx.o

.debug_ranges   0x00000000     0x1010
 .debug_ranges  0x00000000       0x40 build/main.o
 .debug_ranges  0x00000040       0x58 build/stm32f4xx_it.o
 .debug_ranges  0x00000098       0x40 build/stm32f4xx_hal_msp.o
 .debug_ranges  0x000000d8       0x20 build/usb_host.o
 .debug_ranges  0x000000f8       0xc8 build/usbh_conf.o
 .debug_ranges  0x000001c0       0x10 build/usbh_platform.o
 .debug_ranges  0x000001d0       0xf8 build/stm32f4xx_hal_hcd.o
 .debug_ranges  0x000002c8      0x190 build/stm32f4xx_ll_usb.o
 .debug_ranges  0x00000458       0x90 build/stm32f4xx_hal_rcc.o
 .debug_ranges  0x000004e8       0x38 build/stm32f4xx_hal_rcc_ex.o
 .debug_ranges  0x00000520       0x48 build/stm32f4xx_hal_gpio.o
 .debug_ranges  0x00000568      0x100 build/stm32f4xx_hal_cortex.o
 .debug_ranges  0x00000668       0xe0 build/stm32f4xx_hal.o
 .debug_ranges  0x00000748      0x2b0 build/stm32f4xx_hal_i2c.o
 .debug_ranges  0x000009f8      0x128 build/stm32f4xx_hal_i2s.o
 .debug_ranges  0x00000b20       0x90 build/stm32f4xx_hal_i2s_ex.o
 .debug_ranges  0x00000bb0      0x1c0 build/stm32f4xx_hal_spi.o
 .debug_ranges  0x00000d70       0x18 build/system_stm32f4xx.o
 .debug_ranges  0x00000d88       0xb0 build/usbh_core.o
 .debug_ranges  0x00000e38       0x90 build/usbh_ctlreq.o
 .debug_ranges  0x00000ec8       0x50 build/usbh_ioreq.o
 .debug_ranges  0x00000f18       0x30 build/usbh_pipes.o
 .debug_ranges  0x00000f48       0x98 build/usbh_cdc.o
 .debug_ranges  0x00000fe0       0x10 build/sysmem.o
 .debug_ranges  0x00000ff0       0x20 build/startup_stm32f407xx.o

.debug_line     0x00000000    0x1485c
 .debug_line    0x00000000      0x6a1 build/main.o
 .debug_line    0x000006a1      0x328 build/stm32f4xx_it.o
 .debug_line    0x000009c9      0x4c3 build/stm32f4xx_hal_msp.o
 .debug_line    0x00000e8c      0x297 build/usb_host.o
 .debug_line    0x00001123      0x739 build/usbh_conf.o
 .debug_line    0x0000185c      0x1f3 build/usbh_platform.o
 .debug_line    0x00001a4f     0x154b build/stm32f4xx_hal_hcd.o
 .debug_line    0x00002f9a     0x1fb9 build/stm32f4xx_ll_usb.o
 .debug_line    0x00004f53      0xb68 build/stm32f4xx_hal_rcc.o
 .debug_line    0x00005abb      0x63f build/stm32f4xx_hal_rcc_ex.o
 .debug_line    0x000060fa      0x739 build/stm32f4xx_hal_gpio.o
 .debug_line    0x00006833      0x7e9 build/stm32f4xx_hal_cortex.o
 .debug_line    0x0000701c      0x5bd build/stm32f4xx_hal.o
 .debug_line    0x000075d9     0x54cb build/stm32f4xx_hal_i2c.o
 .debug_line    0x0000caa4     0x1408 build/stm32f4xx_hal_i2s.o
 .debug_line    0x0000deac     0x1170 build/stm32f4xx_hal_i2s_ex.o
 .debug_line    0x0000f01c     0x2602 build/stm32f4xx_hal_spi.o
 .debug_line    0x0001161e      0x2a8 build/system_stm32f4xx.o
 .debug_line    0x000118c6      0xe4c build/usbh_core.o
 .debug_line    0x00012712      0xe07 build/usbh_ctlreq.o
 .debug_line    0x00013519      0x335 build/usbh_ioreq.o
 .debug_line    0x0001384e      0x2ca build/usbh_pipes.o
 .debug_line    0x00013b18      0xa88 build/usbh_cdc.o
 .debug_line    0x000145a0      0x246 build/sysmem.o
 .debug_line    0x000147e6       0x76 build/startup_stm32f407xx.o

.debug_str      0x00000000     0x574a
 .debug_str     0x00000000      0xcd0 build/main.o
                                0xdc5 (size before relaxing)
 .debug_str     0x00000cd0      0x4a4 build/stm32f4xx_it.o
                                0x71b (size before relaxing)
 .debug_str     0x00001174      0x15f build/stm32f4xx_hal_msp.o
                                0xccb (size before relaxing)
 .debug_str     0x000012d3      0x85a build/usb_host.o
                                0xade (size before relaxing)
 .debug_str     0x00001b2d      0x9ee build/usbh_conf.o
                               0x19e5 (size before relaxing)
 .debug_str     0x0000251b       0x33 build/usbh_platform.o
                                0x27c (size before relaxing)
 .debug_str     0x0000254e      0x3b5 build/stm32f4xx_hal_hcd.o
                                0xc57 (size before relaxing)
 .debug_str     0x00002903      0x52f build/stm32f4xx_ll_usb.o
                                0xd4c (size before relaxing)
 .debug_str     0x00002e32      0x225 build/stm32f4xx_hal_rcc.o
                                0x724 (size before relaxing)
 .debug_str     0x00003057       0xf6 build/stm32f4xx_hal_rcc_ex.o
                                0x4e5 (size before relaxing)
 .debug_str     0x0000314d      0x104 build/stm32f4xx_hal_gpio.o
                                0x4fe (size before relaxing)
 .debug_str     0x00003251      0x4be build/stm32f4xx_hal_cortex.o
                                0xc61 (size before relaxing)
 .debug_str     0x0000370f      0x295 build/stm32f4xx_hal.o
                                0xb78 (size before relaxing)
 .debug_str     0x000039a4      0x8c0 build/stm32f4xx_hal_i2c.o
                               0x105b (size before relaxing)
 .debug_str     0x00004264      0x264 build/stm32f4xx_hal_i2s.o
                                0x94e (size before relaxing)
 .debug_str     0x000044c8      0x1ee build/stm32f4xx_hal_i2s_ex.o
                                0x88f (size before relaxing)
 .debug_str     0x000046b6      0x4eb build/stm32f4xx_hal_spi.o
                                0xc18 (size before relaxing)
 .debug_str     0x00004ba1       0x47 build/system_stm32f4xx.o
                                0x393 (size before relaxing)
 .debug_str     0x00004be8      0x1d0 build/usbh_core.o
                                0xd20 (size before relaxing)
 .debug_str     0x00004db8      0x1ff build/usbh_ctlreq.o
                                0xd0c (size before relaxing)
 .debug_str     0x00004fb7       0xbb build/usbh_ioreq.o
                                0xb11 (size before relaxing)
 .debug_str     0x00005072       0x64 build/usbh_pipes.o
                                0xaa7 (size before relaxing)
 .debug_str     0x000050d6      0x5d6 build/usbh_cdc.o
                               0x1184 (size before relaxing)
 .debug_str     0x000056ac       0x7a build/sysmem.o
                                0x243 (size before relaxing)
 .debug_str     0x00005726       0x24 build/startup_stm32f407xx.o
                                 0x88 (size before relaxing)

.comment        0x00000000       0x49
 .comment       0x00000000       0x49 build/main.o
                                 0x4a (size before relaxing)
 .comment       0x00000049       0x4a build/stm32f4xx_it.o
 .comment       0x00000049       0x4a build/stm32f4xx_hal_msp.o
 .comment       0x00000049       0x4a build/usb_host.o
 .comment       0x00000049       0x4a build/usbh_conf.o
 .comment       0x00000049       0x4a build/usbh_platform.o
 .comment       0x00000049       0x4a build/stm32f4xx_hal_hcd.o
 .comment       0x00000049       0x4a build/stm32f4xx_ll_usb.o
 .comment       0x00000049       0x4a build/stm32f4xx_hal_rcc.o
 .comment       0x00000049       0x4a build/stm32f4xx_hal_rcc_ex.o
 .comment       0x00000049       0x4a build/stm32f4xx_hal_gpio.o
 .comment       0x00000049       0x4a build/stm32f4xx_hal_cortex.o
 .comment       0x00000049       0x4a build/stm32f4xx_hal.o
 .comment       0x00000049       0x4a build/stm32f4xx_hal_i2c.o
 .comment       0x00000049       0x4a build/stm32f4xx_hal_i2s.o
 .comment       0x00000049       0x4a build/stm32f4xx_hal_i2s_ex.o
 .comment       0x00000049       0x4a build/stm32f4xx_hal_spi.o
 .comment       0x00000049       0x4a build/system_stm32f4xx.o
 .comment       0x00000049       0x4a build/usbh_core.o
 .comment       0x00000049       0x4a build/usbh_ctlreq.o
 .comment       0x00000049       0x4a build/usbh_ioreq.o
 .comment       0x00000049       0x4a build/usbh_pipes.o
 .comment       0x00000049       0x4a build/usbh_cdc.o
 .comment       0x00000049       0x4a build/sysmem.o

.debug_frame    0x00000000     0x3148
 .debug_frame   0x00000000       0xcc build/main.o
 .debug_frame   0x000000cc       0xc0 build/stm32f4xx_it.o
 .debug_frame   0x0000018c       0xdc build/stm32f4xx_hal_msp.o
 .debug_frame   0x00000268       0x50 build/usb_host.o
 .debug_frame   0x000002b8      0x24c build/usbh_conf.o
 .debug_frame   0x00000504       0x28 build/usbh_platform.o
 .debug_frame   0x0000052c      0x2dc build/stm32f4xx_hal_hcd.o
 .debug_frame   0x00000808      0x4a4 build/stm32f4xx_ll_usb.o
 .debug_frame   0x00000cac      0x16c build/stm32f4xx_hal_rcc.o
 .debug_frame   0x00000e18       0xa4 build/stm32f4xx_hal_rcc_ex.o
 .debug_frame   0x00000ebc       0xd8 build/stm32f4xx_hal_gpio.o
 .debug_frame   0x00000f94      0x158 build/stm32f4xx_hal_cortex.o
 .debug_frame   0x000010ec      0x1ec build/stm32f4xx_hal.o
 .debug_frame   0x000012d8      0x988 build/stm32f4xx_hal_i2c.o
 .debug_frame   0x00001c60      0x324 build/stm32f4xx_hal_i2s.o
 .debug_frame   0x00001f84      0x184 build/stm32f4xx_hal_i2s_ex.o
 .debug_frame   0x00002108      0x5c8 build/stm32f4xx_hal_spi.o
 .debug_frame   0x000026d0       0x30 build/system_stm32f4xx.o
 .debug_frame   0x00002700      0x1f4 build/usbh_core.o
 .debug_frame   0x000028f4      0x1e0 build/usbh_ctlreq.o
 .debug_frame   0x00002ad4      0x130 build/usbh_ioreq.o
 .debug_frame   0x00002c04       0x84 build/usbh_pipes.o
 .debug_frame   0x00002c88      0x1b0 build/usbh_cdc.o
 .debug_frame   0x00002e38       0x28 build/sysmem.o
 .debug_frame   0x00002e60       0x20 d:/zodhya projects/technical doccuments/stm32_vscode_make/tools/gcc-arm-none-eabi-10.3-2021.10/bin/../lib/gcc/arm-none-eabi/10.3.1/../../../../arm-none-eabi/lib/thumb/v7e-m+fp/hard\libc_nano.a(lib_a-errno.o)
 .debug_frame   0x00002e80       0x2c d:/zodhya projects/technical doccuments/stm32_vscode_make/tools/gcc-arm-none-eabi-10.3-2021.10/bin/../lib/gcc/arm-none-eabi/10.3.1/../../../../arm-none-eabi/lib/thumb/v7e-m+fp/hard\libc_nano.a(lib_a-init.o)
 .debug_frame   0x00002eac       0x30 d:/zodhya projects/technical doccuments/stm32_vscode_make/tools/gcc-arm-none-eabi-10.3-2021.10/bin/../lib/gcc/arm-none-eabi/10.3.1/../../../../arm-none-eabi/lib/thumb/v7e-m+fp/hard\libc_nano.a(lib_a-malloc.o)
 .debug_frame   0x00002edc       0x20 d:/zodhya projects/technical doccuments/stm32_vscode_make/tools/gcc-arm-none-eabi-10.3-2021.10/bin/../lib/gcc/arm-none-eabi/10.3.1/../../../../arm-none-eabi/lib/thumb/v7e-m+fp/hard\libc_nano.a(lib_a-memset.o)
 .debug_frame   0x00002efc       0x38 d:/zodhya projects/technical doccuments/stm32_vscode_make/tools/gcc-arm-none-eabi-10.3-2021.10/bin/../lib/gcc/arm-none-eabi/10.3.1/../../../../arm-none-eabi/lib/thumb/v7e-m+fp/hard\libc_nano.a(lib_a-nano-freer.o)
 .debug_frame   0x00002f34       0x4c d:/zodhya projects/technical doccuments/stm32_vscode_make/tools/gcc-arm-none-eabi-10.3-2021.10/bin/../lib/gcc/arm-none-eabi/10.3.1/../../../../arm-none-eabi/lib/thumb/v7e-m+fp/hard\libc_nano.a(lib_a-nano-mallocr.o)
 .debug_frame   0x00002f80       0x2c d:/zodhya projects/technical doccuments/stm32_vscode_make/tools/gcc-arm-none-eabi-10.3-2021.10/bin/../lib/gcc/arm-none-eabi/10.3.1/../../../../arm-none-eabi/lib/thumb/v7e-m+fp/hard\libc_nano.a(lib_a-sbrkr.o)
 .debug_frame   0x00002fac       0x30 d:/zodhya projects/technical doccuments/stm32_vscode_make/tools/gcc-arm-none-eabi-10.3-2021.10/bin/../lib/gcc/arm-none-eabi/10.3.1/../../../../arm-none-eabi/lib/thumb/v7e-m+fp/hard\libc_nano.a(lib_a-mlock.o)
 .debug_frame   0x00002fdc       0x5c d:/zodhya projects/technical doccuments/stm32_vscode_make/tools/gcc-arm-none-eabi-10.3-2021.10/bin/../lib/gcc/arm-none-eabi/10.3.1/../../../../arm-none-eabi/lib/thumb/v7e-m+fp/hard\libc_nano.a(lib_a-reent.o)
 .debug_frame   0x00003038       0xb0 d:/zodhya projects/technical doccuments/stm32_vscode_make/tools/gcc-arm-none-eabi-10.3-2021.10/bin/../lib/gcc/arm-none-eabi/10.3.1/../../../../arm-none-eabi/lib/thumb/v7e-m+fp/hard\libc_nano.a(lib_a-lock.o)
 .debug_frame   0x000030e8       0x2c d:/zodhya projects/technical doccuments/stm32_vscode_make/tools/gcc-arm-none-eabi-10.3-2021.10/bin/../lib/gcc/arm-none-eabi/10.3.1/thumb/v7e-m+fp/hard\libgcc.a(_aeabi_uldivmod.o)
 .debug_frame   0x00003114       0x34 d:/zodhya projects/technical doccuments/stm32_vscode_make/tools/gcc-arm-none-eabi-10.3-2021.10/bin/../lib/gcc/arm-none-eabi/10.3.1/thumb/v7e-m+fp/hard\libgcc.a(_udivmoddi4.o)

Cross Reference Table

Symbol                                            File
ADC_IRQHandler                                    build/startup_stm32f407xx.o
AHBPrescTable                                     build/system_stm32f4xx.o
                                                  build/stm32f4xx_hal_rcc.o
APBPrescTable                                     build/system_stm32f4xx.o
                                                  build/stm32f4xx_hal_rcc.o
Appli_state                                       build/usb_host.o
BusFault_Handler                                  build/stm32f4xx_it.o
CAN1_RX0_IRQHandler                               build/startup_stm32f407xx.o
CAN1_RX1_IRQHandler                               build/startup_stm32f407xx.o
CAN1_SCE_IRQHandler                               build/startup_stm32f407xx.o
CAN1_TX_IRQHandler                                build/startup_stm32f407xx.o
CAN2_RX0_IRQHandler                               build/startup_stm32f407xx.o
CAN2_RX1_IRQHandler                               build/startup_stm32f407xx.o
CAN2_SCE_IRQHandler                               build/startup_stm32f407xx.o
CAN2_TX_IRQHandler                                build/startup_stm32f407xx.o
CDC_Class                                         build/usbh_cdc.o
                                                  build/usb_host.o
DCMI_IRQHandler                                   build/startup_stm32f407xx.o
DMA1_Stream0_IRQHandler                           build/startup_stm32f407xx.o
DMA1_Stream1_IRQHandler                           build/startup_stm32f407xx.o
DMA1_Stream2_IRQHandler                           build/startup_stm32f407xx.o
DMA1_Stream3_IRQHandler                           build/startup_stm32f407xx.o
DMA1_Stream4_IRQHandler                           build/startup_stm32f407xx.o
DMA1_Stream5_IRQHandler                           build/startup_stm32f407xx.o
DMA1_Stream6_IRQHandler                           build/startup_stm32f407xx.o
DMA1_Stream7_IRQHandler                           build/startup_stm32f407xx.o
DMA2_Stream0_IRQHandler                           build/startup_stm32f407xx.o
DMA2_Stream1_IRQHandler                           build/startup_stm32f407xx.o
DMA2_Stream2_IRQHandler                           build/startup_stm32f407xx.o
DMA2_Stream3_IRQHandler                           build/startup_stm32f407xx.o
DMA2_Stream4_IRQHandler                           build/startup_stm32f407xx.o
DMA2_Stream5_IRQHandler                           build/startup_stm32f407xx.o
DMA2_Stream6_IRQHandler                           build/startup_stm32f407xx.o
DMA2_Stream7_IRQHandler                           build/startup_stm32f407xx.o
DebugMon_Handler                                  build/stm32f4xx_it.o
Default_Handler                                   build/startup_stm32f407xx.o
ETH_IRQHandler                                    build/startup_stm32f407xx.o
ETH_WKUP_IRQHandler                               build/startup_stm32f407xx.o
EXTI0_IRQHandler                                  build/startup_stm32f407xx.o
EXTI15_10_IRQHandler                              build/startup_stm32f407xx.o
EXTI1_IRQHandler                                  build/startup_stm32f407xx.o
EXTI2_IRQHandler                                  build/startup_stm32f407xx.o
EXTI3_IRQHandler                                  build/startup_stm32f407xx.o
EXTI4_IRQHandler                                  build/startup_stm32f407xx.o
EXTI9_5_IRQHandler                                build/startup_stm32f407xx.o
Error_Handler                                     build/main.o
                                                  build/usbh_conf.o
                                                  build/usb_host.o
                                                  build/stm32f4xx_hal_msp.o
FLASH_Erase_Sector                                build/stm32f4xx_hal_flash_ex.o
                                                  build/stm32f4xx_hal_flash.o
FLASH_FlushCaches                                 build/stm32f4xx_hal_flash_ex.o
                                                  build/stm32f4xx_hal_flash.o
FLASH_IRQHandler                                  build/startup_stm32f407xx.o
FLASH_WaitForLastOperation                        build/stm32f4xx_hal_flash.o
                                                  build/stm32f4xx_hal_flash_ex.o
FPU_IRQHandler                                    build/startup_stm32f407xx.o
FSMC_IRQHandler                                   build/startup_stm32f407xx.o
HAL_CORTEX_ClearEvent                             build/stm32f4xx_hal_cortex.o
HAL_DBGMCU_DisableDBGSleepMode                    build/stm32f4xx_hal.o
HAL_DBGMCU_DisableDBGStandbyMode                  build/stm32f4xx_hal.o
HAL_DBGMCU_DisableDBGStopMode                     build/stm32f4xx_hal.o
HAL_DBGMCU_EnableDBGSleepMode                     build/stm32f4xx_hal.o
HAL_DBGMCU_EnableDBGStandbyMode                   build/stm32f4xx_hal.o
HAL_DBGMCU_EnableDBGStopMode                      build/stm32f4xx_hal.o
HAL_DMAEx_ChangeMemory                            build/stm32f4xx_hal_dma_ex.o
HAL_DMAEx_MultiBufferStart                        build/stm32f4xx_hal_dma_ex.o
HAL_DMAEx_MultiBufferStart_IT                     build/stm32f4xx_hal_dma_ex.o
HAL_DMA_Abort                                     build/stm32f4xx_hal_dma.o
                                                  build/stm32f4xx_hal_spi.o
                                                  build/stm32f4xx_hal_i2s.o
HAL_DMA_Abort_IT                                  build/stm32f4xx_hal_dma.o
                                                  build/stm32f4xx_hal_spi.o
                                                  build/stm32f4xx_hal_i2c.o
HAL_DMA_DeInit                                    build/stm32f4xx_hal_dma.o
HAL_DMA_GetError                                  build/stm32f4xx_hal_dma.o
                                                  build/stm32f4xx_hal_i2c.o
HAL_DMA_GetState                                  build/stm32f4xx_hal_dma.o
                                                  build/stm32f4xx_hal_i2c.o
HAL_DMA_IRQHandler                                build/stm32f4xx_hal_dma.o
HAL_DMA_Init                                      build/stm32f4xx_hal_dma.o
HAL_DMA_PollForTransfer                           build/stm32f4xx_hal_dma.o
HAL_DMA_RegisterCallback                          build/stm32f4xx_hal_dma.o
HAL_DMA_Start                                     build/stm32f4xx_hal_dma.o
HAL_DMA_Start_IT                                  build/stm32f4xx_hal_dma.o
                                                  build/stm32f4xx_hal_spi.o
                                                  build/stm32f4xx_hal_i2s_ex.o
                                                  build/stm32f4xx_hal_i2s.o
                                                  build/stm32f4xx_hal_i2c.o
HAL_DMA_UnRegisterCallback                        build/stm32f4xx_hal_dma.o
HAL_DeInit                                        build/stm32f4xx_hal.o
HAL_Delay                                         build/stm32f4xx_hal.o
                                                  build/stm32f4xx_ll_usb.o
                                                  build/usbh_conf.o
                                                  build/main.o
HAL_DisableCompensationCell                       build/stm32f4xx_hal.o
HAL_EXTI_ClearConfigLine                          build/stm32f4xx_hal_exti.o
HAL_EXTI_ClearPending                             build/stm32f4xx_hal_exti.o
HAL_EXTI_GenerateSWI                              build/stm32f4xx_hal_exti.o
HAL_EXTI_GetConfigLine                            build/stm32f4xx_hal_exti.o
HAL_EXTI_GetHandle                                build/stm32f4xx_hal_exti.o
HAL_EXTI_GetPending                               build/stm32f4xx_hal_exti.o
HAL_EXTI_IRQHandler                               build/stm32f4xx_hal_exti.o
HAL_EXTI_RegisterCallback                         build/stm32f4xx_hal_exti.o
HAL_EXTI_SetConfigLine                            build/stm32f4xx_hal_exti.o
HAL_EnableCompensationCell                        build/stm32f4xx_hal.o
HAL_FLASHEx_Erase                                 build/stm32f4xx_hal_flash_ex.o
HAL_FLASHEx_Erase_IT                              build/stm32f4xx_hal_flash_ex.o
HAL_FLASHEx_OBGetConfig                           build/stm32f4xx_hal_flash_ex.o
HAL_FLASHEx_OBProgram                             build/stm32f4xx_hal_flash_ex.o
HAL_FLASH_EndOfOperationCallback                  build/stm32f4xx_hal_flash.o
HAL_FLASH_GetError                                build/stm32f4xx_hal_flash.o
HAL_FLASH_IRQHandler                              build/stm32f4xx_hal_flash.o
HAL_FLASH_Lock                                    build/stm32f4xx_hal_flash.o
HAL_FLASH_OB_Launch                               build/stm32f4xx_hal_flash.o
HAL_FLASH_OB_Lock                                 build/stm32f4xx_hal_flash.o
HAL_FLASH_OB_Unlock                               build/stm32f4xx_hal_flash.o
HAL_FLASH_OperationErrorCallback                  build/stm32f4xx_hal_flash.o
HAL_FLASH_Program                                 build/stm32f4xx_hal_flash.o
HAL_FLASH_Program_IT                              build/stm32f4xx_hal_flash.o
HAL_FLASH_Unlock                                  build/stm32f4xx_hal_flash.o
HAL_GPIO_DeInit                                   build/stm32f4xx_hal_gpio.o
                                                  build/usbh_conf.o
                                                  build/stm32f4xx_hal_msp.o
HAL_GPIO_EXTI_Callback                            build/stm32f4xx_hal_gpio.o
HAL_GPIO_EXTI_IRQHandler                          build/stm32f4xx_hal_gpio.o
HAL_GPIO_Init                                     build/stm32f4xx_hal_gpio.o
                                                  build/stm32f4xx_hal_rcc.o
                                                  build/usbh_conf.o
                                                  build/stm32f4xx_hal_msp.o
                                                  build/main.o
HAL_GPIO_LockPin                                  build/stm32f4xx_hal_gpio.o
HAL_GPIO_ReadPin                                  build/stm32f4xx_hal_gpio.o
HAL_GPIO_TogglePin                                build/stm32f4xx_hal_gpio.o
                                                  build/main.o
HAL_GPIO_WritePin                                 build/stm32f4xx_hal_gpio.o
                                                  build/usbh_platform.o
                                                  build/main.o
HAL_GetDEVID                                      build/stm32f4xx_hal.o
HAL_GetHalVersion                                 build/stm32f4xx_hal.o
HAL_GetREVID                                      build/stm32f4xx_hal.o
HAL_GetTick                                       build/stm32f4xx_hal.o
                                                  build/stm32f4xx_hal_spi.o
                                                  build/stm32f4xx_hal_i2s_ex.o
                                                  build/stm32f4xx_hal_i2s.o
                                                  build/stm32f4xx_hal_i2c.o
                                                  build/stm32f4xx_hal_pwr_ex.o
                                                  build/stm32f4xx_hal_dma.o
                                                  build/stm32f4xx_hal_flash.o
                                                  build/stm32f4xx_hal_rcc_ex.o
                                                  build/stm32f4xx_hal_rcc.o
HAL_GetTickFreq                                   build/stm32f4xx_hal.o
HAL_GetTickPrio                                   build/stm32f4xx_hal.o
HAL_GetUIDw0                                      build/stm32f4xx_hal.o
HAL_GetUIDw1                                      build/stm32f4xx_hal.o
HAL_GetUIDw2                                      build/stm32f4xx_hal.o
HAL_HCD_Connect_Callback                          build/usbh_conf.o
HAL_HCD_DeInit                                    build/stm32f4xx_hal_hcd.o
                                                  build/usbh_conf.o
HAL_HCD_Disconnect_Callback                       build/usbh_conf.o
HAL_HCD_GetCurrentFrame                           build/stm32f4xx_hal_hcd.o
                                                  build/usbh_conf.o
HAL_HCD_GetCurrentSpeed                           build/stm32f4xx_hal_hcd.o
                                                  build/usbh_conf.o
HAL_HCD_GetState                                  build/stm32f4xx_hal_hcd.o
HAL_HCD_HC_ClearHubInfo                           build/stm32f4xx_hal_hcd.o
HAL_HCD_HC_GetState                               build/stm32f4xx_hal_hcd.o
HAL_HCD_HC_GetURBState                            build/stm32f4xx_hal_hcd.o
                                                  build/usbh_conf.o
HAL_HCD_HC_GetXferCount                           build/stm32f4xx_hal_hcd.o
                                                  build/usbh_conf.o
HAL_HCD_HC_Halt                                   build/stm32f4xx_hal_hcd.o
                                                  build/usbh_conf.o
HAL_HCD_HC_Init                                   build/stm32f4xx_hal_hcd.o
                                                  build/usbh_conf.o
HAL_HCD_HC_NotifyURBChange_Callback               build/usbh_conf.o
HAL_HCD_HC_SetHubInfo                             build/stm32f4xx_hal_hcd.o
HAL_HCD_HC_SubmitRequest                          build/stm32f4xx_hal_hcd.o
                                                  build/usbh_conf.o
HAL_HCD_IRQHandler                                build/stm32f4xx_hal_hcd.o
                                                  build/stm32f4xx_it.o
HAL_HCD_Init                                      build/stm32f4xx_hal_hcd.o
                                                  build/usbh_conf.o
HAL_HCD_MspDeInit                                 build/usbh_conf.o
HAL_HCD_MspInit                                   build/usbh_conf.o
HAL_HCD_PortDisabled_Callback                     build/usbh_conf.o
HAL_HCD_PortEnabled_Callback                      build/usbh_conf.o
HAL_HCD_ResetPort                                 build/stm32f4xx_hal_hcd.o
                                                  build/usbh_conf.o
HAL_HCD_SOF_Callback                              build/usbh_conf.o
HAL_HCD_Start                                     build/stm32f4xx_hal_hcd.o
                                                  build/usbh_conf.o
HAL_HCD_Stop                                      build/stm32f4xx_hal_hcd.o
                                                  build/usbh_conf.o
HAL_HCD_WKUP_IRQHandler                           build/stm32f4xx_hal_hcd.o
HAL_I2C_AbortCpltCallback                         build/stm32f4xx_hal_i2c.o
HAL_I2C_AddrCallback                              build/stm32f4xx_hal_i2c.o
HAL_I2C_DeInit                                    build/stm32f4xx_hal_i2c.o
HAL_I2C_DisableListen_IT                          build/stm32f4xx_hal_i2c.o
HAL_I2C_ER_IRQHandler                             build/stm32f4xx_hal_i2c.o
HAL_I2C_EV_IRQHandler                             build/stm32f4xx_hal_i2c.o
HAL_I2C_EnableListen_IT                           build/stm32f4xx_hal_i2c.o
HAL_I2C_ErrorCallback                             build/stm32f4xx_hal_i2c.o
HAL_I2C_GetError                                  build/stm32f4xx_hal_i2c.o
HAL_I2C_GetMode                                   build/stm32f4xx_hal_i2c.o
HAL_I2C_GetState                                  build/stm32f4xx_hal_i2c.o
HAL_I2C_Init                                      build/stm32f4xx_hal_i2c.o
                                                  build/main.o
HAL_I2C_IsDeviceReady                             build/stm32f4xx_hal_i2c.o
HAL_I2C_ListenCpltCallback                        build/stm32f4xx_hal_i2c.o
HAL_I2C_MasterRxCpltCallback                      build/stm32f4xx_hal_i2c.o
HAL_I2C_MasterTxCpltCallback                      build/stm32f4xx_hal_i2c.o
HAL_I2C_Master_Abort_IT                           build/stm32f4xx_hal_i2c.o
HAL_I2C_Master_Receive                            build/stm32f4xx_hal_i2c.o
HAL_I2C_Master_Receive_DMA                        build/stm32f4xx_hal_i2c.o
HAL_I2C_Master_Receive_IT                         build/stm32f4xx_hal_i2c.o
HAL_I2C_Master_Seq_Receive_DMA                    build/stm32f4xx_hal_i2c.o
HAL_I2C_Master_Seq_Receive_IT                     build/stm32f4xx_hal_i2c.o
HAL_I2C_Master_Seq_Transmit_DMA                   build/stm32f4xx_hal_i2c.o
HAL_I2C_Master_Seq_Transmit_IT                    build/stm32f4xx_hal_i2c.o
HAL_I2C_Master_Transmit                           build/stm32f4xx_hal_i2c.o
HAL_I2C_Master_Transmit_DMA                       build/stm32f4xx_hal_i2c.o
HAL_I2C_Master_Transmit_IT                        build/stm32f4xx_hal_i2c.o
HAL_I2C_MemRxCpltCallback                         build/stm32f4xx_hal_i2c.o
HAL_I2C_MemTxCpltCallback                         build/stm32f4xx_hal_i2c.o
HAL_I2C_Mem_Read                                  build/stm32f4xx_hal_i2c.o
HAL_I2C_Mem_Read_DMA                              build/stm32f4xx_hal_i2c.o
HAL_I2C_Mem_Read_IT                               build/stm32f4xx_hal_i2c.o
HAL_I2C_Mem_Write                                 build/stm32f4xx_hal_i2c.o
HAL_I2C_Mem_Write_DMA                             build/stm32f4xx_hal_i2c.o
HAL_I2C_Mem_Write_IT                              build/stm32f4xx_hal_i2c.o
HAL_I2C_MspDeInit                                 build/stm32f4xx_hal_msp.o
HAL_I2C_MspInit                                   build/stm32f4xx_hal_msp.o
HAL_I2C_SlaveRxCpltCallback                       build/stm32f4xx_hal_i2c.o
HAL_I2C_SlaveTxCpltCallback                       build/stm32f4xx_hal_i2c.o
HAL_I2C_Slave_Receive                             build/stm32f4xx_hal_i2c.o
HAL_I2C_Slave_Receive_DMA                         build/stm32f4xx_hal_i2c.o
HAL_I2C_Slave_Receive_IT                          build/stm32f4xx_hal_i2c.o
HAL_I2C_Slave_Seq_Receive_DMA                     build/stm32f4xx_hal_i2c.o
HAL_I2C_Slave_Seq_Receive_IT                      build/stm32f4xx_hal_i2c.o
HAL_I2C_Slave_Seq_Transmit_DMA                    build/stm32f4xx_hal_i2c.o
HAL_I2C_Slave_Seq_Transmit_IT                     build/stm32f4xx_hal_i2c.o
HAL_I2C_Slave_Transmit                            build/stm32f4xx_hal_i2c.o
HAL_I2C_Slave_Transmit_DMA                        build/stm32f4xx_hal_i2c.o
HAL_I2C_Slave_Transmit_IT                         build/stm32f4xx_hal_i2c.o
HAL_I2SEx_FullDuplex_IRQHandler                   build/stm32f4xx_hal_i2s_ex.o
                                                  build/stm32f4xx_hal_i2s.o
HAL_I2SEx_TransmitReceive                         build/stm32f4xx_hal_i2s_ex.o
HAL_I2SEx_TransmitReceive_DMA                     build/stm32f4xx_hal_i2s_ex.o
HAL_I2SEx_TransmitReceive_IT                      build/stm32f4xx_hal_i2s_ex.o
HAL_I2SEx_TxRxCpltCallback                        build/stm32f4xx_hal_i2s_ex.o
HAL_I2SEx_TxRxHalfCpltCallback                    build/stm32f4xx_hal_i2s_ex.o
HAL_I2S_DMAPause                                  build/stm32f4xx_hal_i2s.o
HAL_I2S_DMAResume                                 build/stm32f4xx_hal_i2s.o
HAL_I2S_DMAStop                                   build/stm32f4xx_hal_i2s.o
HAL_I2S_DeInit                                    build/stm32f4xx_hal_i2s.o
HAL_I2S_ErrorCallback                             build/stm32f4xx_hal_i2s.o
                                                  build/stm32f4xx_hal_i2s_ex.o
HAL_I2S_GetError                                  build/stm32f4xx_hal_i2s.o
HAL_I2S_GetState                                  build/stm32f4xx_hal_i2s.o
HAL_I2S_IRQHandler                                build/stm32f4xx_hal_i2s.o
HAL_I2S_Init                                      build/stm32f4xx_hal_i2s.o
                                                  build/main.o
HAL_I2S_MspDeInit                                 build/stm32f4xx_hal_msp.o
HAL_I2S_MspInit                                   build/stm32f4xx_hal_msp.o
HAL_I2S_Receive                                   build/stm32f4xx_hal_i2s.o
HAL_I2S_Receive_DMA                               build/stm32f4xx_hal_i2s.o
HAL_I2S_Receive_IT                                build/stm32f4xx_hal_i2s.o
HAL_I2S_RxCpltCallback                            build/stm32f4xx_hal_i2s.o
HAL_I2S_RxHalfCpltCallback                        build/stm32f4xx_hal_i2s.o
HAL_I2S_Transmit                                  build/stm32f4xx_hal_i2s.o
HAL_I2S_Transmit_DMA                              build/stm32f4xx_hal_i2s.o
HAL_I2S_Transmit_IT                               build/stm32f4xx_hal_i2s.o
HAL_I2S_TxCpltCallback                            build/stm32f4xx_hal_i2s.o
HAL_I2S_TxHalfCpltCallback                        build/stm32f4xx_hal_i2s.o
HAL_IncTick                                       build/stm32f4xx_hal.o
                                                  build/stm32f4xx_it.o
HAL_Init                                          build/stm32f4xx_hal.o
                                                  build/main.o
HAL_InitTick                                      build/stm32f4xx_hal.o
                                                  build/stm32f4xx_hal_rcc_ex.o
                                                  build/stm32f4xx_hal_rcc.o
HAL_MPU_ConfigRegion                              build/stm32f4xx_hal_cortex.o
HAL_MPU_Disable                                   build/stm32f4xx_hal_cortex.o
HAL_MPU_Enable                                    build/stm32f4xx_hal_cortex.o
HAL_MspDeInit                                     build/stm32f4xx_hal.o
HAL_MspInit                                       build/stm32f4xx_hal_msp.o
HAL_NVIC_ClearPendingIRQ                          build/stm32f4xx_hal_cortex.o
HAL_NVIC_DisableIRQ                               build/stm32f4xx_hal_cortex.o
                                                  build/usbh_conf.o
HAL_NVIC_EnableIRQ                                build/stm32f4xx_hal_cortex.o
                                                  build/usbh_conf.o
HAL_NVIC_GetActive                                build/stm32f4xx_hal_cortex.o
HAL_NVIC_GetPendingIRQ                            build/stm32f4xx_hal_cortex.o
HAL_NVIC_GetPriority                              build/stm32f4xx_hal_cortex.o
HAL_NVIC_GetPriorityGrouping                      build/stm32f4xx_hal_cortex.o
HAL_NVIC_SetPendingIRQ                            build/stm32f4xx_hal_cortex.o
HAL_NVIC_SetPriority                              build/stm32f4xx_hal_cortex.o
                                                  build/stm32f4xx_hal.o
                                                  build/usbh_conf.o
HAL_NVIC_SetPriorityGrouping                      build/stm32f4xx_hal_cortex.o
                                                  build/stm32f4xx_hal.o
                                                  build/stm32f4xx_hal_msp.o
HAL_NVIC_SystemReset                              build/stm32f4xx_hal_cortex.o
HAL_PWREx_ControlVoltageScaling                   build/stm32f4xx_hal_pwr_ex.o
HAL_PWREx_DisableBkUpReg                          build/stm32f4xx_hal_pwr_ex.o
HAL_PWREx_DisableFlashPowerDown                   build/stm32f4xx_hal_pwr_ex.o
HAL_PWREx_EnableBkUpReg                           build/stm32f4xx_hal_pwr_ex.o
HAL_PWREx_EnableFlashPowerDown                    build/stm32f4xx_hal_pwr_ex.o
HAL_PWREx_GetVoltageRange                         build/stm32f4xx_hal_pwr_ex.o
HAL_PWR_ConfigPVD                                 build/stm32f4xx_hal_pwr.o
HAL_PWR_DeInit                                    build/stm32f4xx_hal_pwr.o
HAL_PWR_DisableBkUpAccess                         build/stm32f4xx_hal_pwr.o
HAL_PWR_DisablePVD                                build/stm32f4xx_hal_pwr.o
HAL_PWR_DisableSEVOnPend                          build/stm32f4xx_hal_pwr.o
HAL_PWR_DisableSleepOnExit                        build/stm32f4xx_hal_pwr.o
HAL_PWR_DisableWakeUpPin                          build/stm32f4xx_hal_pwr.o
HAL_PWR_EnableBkUpAccess                          build/stm32f4xx_hal_pwr.o
HAL_PWR_EnablePVD                                 build/stm32f4xx_hal_pwr.o
HAL_PWR_EnableSEVOnPend                           build/stm32f4xx_hal_pwr.o
HAL_PWR_EnableSleepOnExit                         build/stm32f4xx_hal_pwr.o