Archive member included to satisfy reference by file (symbol)

d:/zodhya projects/technical doccuments/stm32_vscode_make/tools/gcc-arm-none-eabi-10.3-2021.10/bin/../lib/gcc/arm-none-eabi/10.3.1/../../../../arm-none-eabi/lib/thumb/v7e-m/nofp\libc_nano.a(lib_a-errno.o)
                              build/sysmem.o (__errno)
d:/zodhya projects/technical doccuments/stm32_vscode_make/tools/gcc-arm-none-eabi-10.3-2021.10/bin/../lib/gcc/arm-none-eabi/10.3.1/../../../../arm-none-eabi/lib/thumb/v7e-m/nofp\libc_nano.a(lib_a-exit.o)
                              d:/zodhya projects/technical doccuments/stm32_vscode_make/tools/gcc-arm-none-eabi-10.3-2021.10/bin/../lib/gcc/arm-none-eabi/10.3.1/../../../../arm-none-eabi/lib/thumb/v7e-m/nofp/crt0.o (exit)
d:/zodhya projects/technical doccuments/stm32_vscode_make/tools/gcc-arm-none-eabi-10.3-2021.10/bin/../lib/gcc/arm-none-eabi/10.3.1/../../../../arm-none-eabi/lib/thumb/v7e-m/nofp\libc_nano.a(lib_a-impure.o)
                              d:/zodhya projects/technical doccuments/stm32_vscode_make/tools/gcc-arm-none-eabi-10.3-2021.10/bin/../lib/gcc/arm-none-eabi/10.3.1/../../../../arm-none-eabi/lib/thumb/v7e-m/nofp\libc_nano.a(lib_a-exit.o) (_global_impure_ptr)
d:/zodhya projects/technical doccuments/stm32_vscode_make/tools/gcc-arm-none-eabi-10.3-2021.10/bin/../lib/gcc/arm-none-eabi/10.3.1/../../../../arm-none-eabi/lib/thumb/v7e-m/nofp\libc_nano.a(lib_a-init.o)
                              d:/zodhya projects/technical doccuments/stm32_vscode_make/tools/gcc-arm-none-eabi-10.3-2021.10/bin/../lib/gcc/arm-none-eabi/10.3.1/../../../../arm-none-eabi/lib/thumb/v7e-m/nofp/crt0.o (__libc_init_array)
d:/zodhya projects/technical doccuments/stm32_vscode_make/tools/gcc-arm-none-eabi-10.3-2021.10/bin/../lib/gcc/arm-none-eabi/10.3.1/../../../../arm-none-eabi/lib/thumb/v7e-m/nofp\libc_nano.a(lib_a-memset.o)
                              d:/zodhya projects/technical doccuments/stm32_vscode_make/tools/gcc-arm-none-eabi-10.3-2021.10/bin/../lib/gcc/arm-none-eabi/10.3.1/../../../../arm-none-eabi/lib/thumb/v7e-m/nofp/crt0.o (memset)

Discarded input sections

 .text          0x00000000        0x0 d:/zodhya projects/technical doccuments/stm32_vscode_make/tools/gcc-arm-none-eabi-10.3-2021.10/bin/../lib/gcc/arm-none-eabi/10.3.1/thumb/v7e-m/nofp/crti.o
 .data          0x00000000        0x0 d:/zodhya projects/technical doccuments/stm32_vscode_make/tools/gcc-arm-none-eabi-10.3-2021.10/bin/../lib/gcc/arm-none-eabi/10.3.1/thumb/v7e-m/nofp/crti.o
 .bss           0x00000000        0x0 d:/zodhya projects/technical doccuments/stm32_vscode_make/tools/gcc-arm-none-eabi-10.3-2021.10/bin/../lib/gcc/arm-none-eabi/10.3.1/thumb/v7e-m/nofp/crti.o
 .data          0x00000000        0x4 d:/zodhya projects/technical doccuments/stm32_vscode_make/tools/gcc-arm-none-eabi-10.3-2021.10/bin/../lib/gcc/arm-none-eabi/10.3.1/thumb/v7e-m/nofp/crtbegin.o
 .rodata        0x00000000       0x24 d:/zodhya projects/technical doccuments/stm32_vscode_make/tools/gcc-arm-none-eabi-10.3-2021.10/bin/../lib/gcc/arm-none-eabi/10.3.1/thumb/v7e-m/nofp/crtbegin.o
 .text          0x00000000       0x7c d:/zodhya projects/technical doccuments/stm32_vscode_make/tools/gcc-arm-none-eabi-10.3-2021.10/bin/../lib/gcc/arm-none-eabi/10.3.1/../../../../arm-none-eabi/lib/thumb/v7e-m/nofp/crt0.o
 .data          0x00000000        0x0 d:/zodhya projects/technical doccuments/stm32_vscode_make/tools/gcc-arm-none-eabi-10.3-2021.10/bin/../lib/gcc/arm-none-eabi/10.3.1/../../../../arm-none-eabi/lib/thumb/v7e-m/nofp/crt0.o
 .bss           0x00000000        0x0 d:/zodhya projects/technical doccuments/stm32_vscode_make/tools/gcc-arm-none-eabi-10.3-2021.10/bin/../lib/gcc/arm-none-eabi/10.3.1/../../../../arm-none-eabi/lib/thumb/v7e-m/nofp/crt0.o
 .ARM.extab     0x00000000        0x0 d:/zodhya projects/technical doccuments/stm32_vscode_make/tools/gcc-arm-none-eabi-10.3-2021.10/bin/../lib/gcc/arm-none-eabi/10.3.1/../../../../arm-none-eabi/lib/thumb/v7e-m/nofp/crt0.o
 .ARM.exidx     0x00000000       0x10 d:/zodhya projects/technical doccuments/stm32_vscode_make/tools/gcc-arm-none-eabi-10.3-2021.10/bin/../lib/gcc/arm-none-eabi/10.3.1/../../../../arm-none-eabi/lib/thumb/v7e-m/nofp/crt0.o
 .ARM.attributes
                0x00000000       0x1c d:/zodhya projects/technical doccuments/stm32_vscode_make/tools/gcc-arm-none-eabi-10.3-2021.10/bin/../lib/gcc/arm-none-eabi/10.3.1/../../../../arm-none-eabi/lib/thumb/v7e-m/nofp/crt0.o
 .text          0x00000000        0x0 build/main.o
 .data          0x00000000        0x0 build/main.o
 .bss           0x00000000        0x0 build/main.o
 .text          0x00000000        0x0 build/stm32wlxx_it.o
 .data          0x00000000        0x0 build/stm32wlxx_it.o
 .bss           0x00000000        0x0 build/stm32wlxx_it.o
 .text          0x00000000        0x0 build/stm32wlxx_hal_msp.o
 .data          0x00000000        0x0 build/stm32wlxx_hal_msp.o
 .bss           0x00000000        0x0 build/stm32wlxx_hal_msp.o
[...]
Memory Configuration

Name             Origin             Length             Attributes
ROM              0x08000000         0x00040000         xr
RAM1             0x20000000         0x00008000         xrw
RAM2             0x20008000         0x00008000         xrw
*default*        0x00000000         0xffffffff

Linker script and memory map

LOAD d:/zodhya projects/technical doccuments/stm32_vscode_make/tools/gcc-arm-none-eabi-10.3-2021.10/bin/../lib/gcc/arm-none-eabi/10.3.1/thumb/v7e-m/nofp/crti.o
LOAD d:/zodhya projects/technical doccuments/stm32_vscode_make/tools/gcc-arm-none-eabi-10.3-2021.10/bin/../lib/gcc/arm-none-eabi/10.3.1/thumb/v7e-m/nofp/crtbegin.o
LOAD d:/zodhya projects/technical doccuments/stm32_vscode_make/tools/gcc-arm-none-eabi-10.3-2021.10/bin/../lib/gcc/arm-none-eabi/10.3.1/../../../../arm-none-eabi/lib/thumb/v7e-m/nofp/crt0.o
LOAD build/main.o
LOAD build/stm32wlxx_it.o
LOAD build/stm32wlxx_hal_msp.o
LOAD build/stm32wlxx_hal_tim.o
LOAD build/stm32wlxx_hal_tim_ex.o
LOAD build/stm32wlxx_hal_pwr.o
LOAD build/stm32wlxx_hal_pwr_ex.o
LOAD build/stm32wlxx_hal_rcc.o
LOAD build/stm32wlxx_hal_rcc_ex.o
LOAD build/stm32wlxx_hal_flash.o
LOAD build/stm32wlxx_hal_flash_ex.o
LOAD build/stm32wlxx_hal_gpio.o
LOAD build/stm32wlxx_hal_dma.o
LOAD build/stm32wlxx_hal_dma_ex.o
LOAD build/stm32wlxx_hal_cortex.o
LOAD build/stm32wlxx_hal.o
LOAD build/stm32wlxx_hal_exti.o
LOAD build/system_stm32wlxx.o
LOAD build/sysmem.o
LOAD build/syscalls.o
LOAD build/startup_stm32wl55xx_cm4.o
LOAD d:/zodhya projects/technical doccuments/stm32_vscode_make/tools/gcc-arm-none-eabi-10.3-2021.10/bin/../lib/gcc/arm-none-eabi/10.3.1/../../../../arm-none-eabi/lib/thumb/v7e-m/nofp\libc_nano.a
LOAD d:/zodhya projects/technical doccuments/stm32_vscode_make/tools/gcc-arm-none-eabi-10.3-2021.10/bin/../lib/gcc/arm-none-eabi/10.3.1/../../../../arm-none-eabi/lib/thumb/v7e-m/nofp\libm.a
LOAD d:/zodhya projects/technical doccuments/stm32_vscode_make/tools/gcc-arm-none-eabi-10.3-2021.10/bin/../lib/gcc/arm-none-eabi/10.3.1/../../../../arm-none-eabi/lib/thumb/v7e-m/nofp\libnosys.a
START GROUP
LOAD d:/zodhya projects/technical doccuments/stm32_vscode_make/tools/gcc-arm-none-eabi-10.3-2021.10/bin/../lib/gcc/arm-none-eabi/10.3.1/thumb/v7e-m/nofp\libgcc.a
LOAD d:/zodhya projects/technical doccuments/stm32_vscode_make/tools/gcc-arm-none-eabi-10.3-2021.10/bin/../lib/gcc/arm-none-eabi/10.3.1/../../../../arm-none-eabi/lib/thumb/v7e-m/nofp\libc_nano.a
END GROUP
START GROUP
LOAD d:/zodhya projects/technical doccuments/stm32_vscode_make/tools/gcc-arm-none-eabi-10.3-2021.10/bin/../lib/gcc/arm-none-eabi/10.3.1/thumb/v7e-m/nofp\libgcc.a
LOAD d:/zodhya projects/technical doccuments/stm32_vscode_make/tools/gcc-arm-none-eabi-10.3-2021.10/bin/../lib/gcc/arm-none-eabi/10.3.1/../../../../arm-none-eabi/lib/thumb/v7e-m/nofp\libc_nano.a
END GROUP
LOAD d:/zodhya projects/technical doccuments/stm32_vscode_make/tools/gcc-arm-none-eabi-10.3-2021.10/bin/../lib/gcc/arm-none-eabi/10.3.1/thumb/v7e-m/nofp/crtend.o
LOAD d:/zodhya projects/technical doccuments/stm32_vscode_make/tools/gcc-arm-none-eabi-10.3-2021.10/bin/../lib/gcc/arm-none-eabi/10.3.1/thumb/v7e-m/nofp/crtn.o
                0x20008000                _estack = (ORIGIN (RAM1) + LENGTH (RAM1))
                0x00000200                _Min_Heap_Size = 0x200
                0x00000400                _Min_Stack_Size = 0x400

.isr_vector     0x08000000      0x138
                0x08000000                . = ALIGN (0x8)
 *(.isr_vector)
 .isr_vector    0x08000000      0x138 build/startup_stm32wl55xx_cm4.o
                0x08000000                g_pfnVectors
                0x08000138                . = ALIGN (0x8)

.text           0x08000138     0x1108
                0x08000138                . = ALIGN (0x8)
 *(.text)
 .text          0x08000138       0x40 d:/zodhya projects/technical doccuments/stm32_vscode_make/tools/gcc-arm-none-eabi-10.3-2021.10/bin/../lib/gcc/arm-none-eabi/10.3.1/thumb/v7e-m/nofp/crtbegin.o
 *(.text*)
 .text.MX_GPIO_Init
                0x08000178       0xe8 build/main.o
 .text.Error_Handler
                0x08000260        0x4 build/main.o
                0x08000260                Error_Handler
 .text.SystemClock_Config
                0x08000264       0x78 build/main.o
                0x08000264                SystemClock_Config
 .text.main     0x080002dc       0x22 build/main.o
                0x080002dc                main
 .text.NMI_Handler
                0x080002fe        0x2 build/stm32wlxx_it.o
                0x080002fe                NMI_Handler
 .text.HardFault_Handler
                0x08000300        0x2 build/stm32wlxx_it.o
                0x08000300                HardFault_Handler
 .text.MemManage_Handler
                0x08000302        0x2 build/stm32wlxx_it.o
                0x08000302                MemManage_Handler
 .text.BusFault_Handler
                0x08000304        0x2 build/stm32wlxx_it.o
                0x08000304                BusFault_Handler
 .text.UsageFault_Handler
                0x08000306        0x2 build/stm32wlxx_it.o
                0x08000306                UsageFault_Handler
 .text.SVC_Handler
                0x08000308        0x2 build/stm32wlxx_it.o
                0x08000308                SVC_Handler
 .text.DebugMon_Handler
                0x0800030a        0x2 build/stm32wlxx_it.o
                0x0800030a                DebugMon_Handler
 .text.PendSV_Handler
                0x0800030c        0x2 build/stm32wlxx_it.o
                0x0800030c                PendSV_Handler
 .text.SysTick_Handler
                0x0800030e        0x8 build/stm32wlxx_it.o
                0x0800030e                SysTick_Handler
 .text.HAL_MspInit
                0x08000316        0x2 build/stm32wlxx_hal_msp.o
                0x08000316                HAL_MspInit
 .text.HAL_PWR_EnableBkUpAccess
                0x08000318       0x10 build/stm32wlxx_hal_pwr.o
                0x08000318                HAL_PWR_EnableBkUpAccess
 .text.HAL_PWREx_GetVoltageRange
                0x08000328       0x10 build/stm32wlxx_hal_pwr_ex.o
                0x08000328                HAL_PWREx_GetVoltageRange
 .text.RCC_SetFlashLatency
                0x08000338       0xbc build/stm32wlxx_hal_rcc.o
 .text.RCC_SetFlashLatencyFromMSIRange
                0x080003f4       0x44 build/stm32wlxx_hal_rcc.o
 .text.HAL_RCC_GetSysClockFreq
                0x08000438      0x110 build/stm32wlxx_hal_rcc.o
                0x08000438                HAL_RCC_GetSysClockFreq
 .text.HAL_RCC_GetHCLKFreq
                0x08000548       0x20 build/stm32wlxx_hal_rcc.o
                0x08000548                HAL_RCC_GetHCLKFreq
 .text.HAL_RCC_OscConfig
                0x08000568      0x664 build/stm32wlxx_hal_rcc.o
                0x08000568                HAL_RCC_OscConfig
 .text.HAL_RCC_ClockConfig
                0x08000bcc      0x268 build/stm32wlxx_hal_rcc.o
                0x08000bcc                HAL_RCC_ClockConfig
 .text.HAL_GPIO_Init
                0x08000e34      0x1a4 build/stm32wlxx_hal_gpio.o
                0x08000e34                HAL_GPIO_Init
 .text.HAL_GPIO_WritePin
                0x08000fd8        0xa build/stm32wlxx_hal_gpio.o
                0x08000fd8                HAL_GPIO_WritePin
 .text.HAL_GPIO_TogglePin
                0x08000fe2       0x12 build/stm32wlxx_hal_gpio.o
                0x08000fe2                HAL_GPIO_TogglePin
 .text.HAL_NVIC_SetPriorityGrouping
                0x08000ff4       0x24 build/stm32wlxx_hal_cortex.o
                0x08000ff4                HAL_NVIC_SetPriorityGrouping
 .text.HAL_NVIC_SetPriority
                0x08001018       0x70 build/stm32wlxx_hal_cortex.o
                0x08001018                HAL_NVIC_SetPriority
 .text.HAL_SYSTICK_Config
                0x08001088       0x28 build/stm32wlxx_hal_cortex.o
                0x08001088                HAL_SYSTICK_Config
 .text.HAL_InitTick
                0x080010b0       0x50 build/stm32wlxx_hal.o
                0x080010b0                HAL_InitTick
 .text.HAL_Init
                0x08001100       0x2c build/stm32wlxx_hal.o
                0x08001100                HAL_Init
 .text.HAL_IncTick
                0x0800112c       0x18 build/stm32wlxx_hal.o
                0x0800112c                HAL_IncTick
 .text.HAL_GetTick
                0x08001144        0xc build/stm32wlxx_hal.o
                0x08001144                HAL_GetTick
 .text.HAL_Delay
                0x08001150       0x28 build/stm32wlxx_hal.o
                0x08001150                HAL_Delay
 .text.SystemInit
                0x08001178        0x2 build/system_stm32wlxx.o
                0x08001178                SystemInit
 *fill*         0x0800117a        0x2 
 .text.Reset_Handler
                0x0800117c       0x50 build/startup_stm32wl55xx_cm4.o
                0x0800117c                Reset_Handler
 .text.Default_Handler
                0x080011cc        0x2 build/startup_stm32wl55xx_cm4.o
                0x080011cc                RTC_Alarm_IRQHandler
                0x080011cc                EXTI2_IRQHandler
                0x080011cc                TIM1_CC_IRQHandler
                0x080011cc                EXTI3_IRQHandler
                0x080011cc                LPTIM2_IRQHandler
                0x080011cc                I2C3_ER_IRQHandler
                0x080011cc                LPTIM3_IRQHandler
                0x080011cc                EXTI0_IRQHandler
                0x080011cc                I2C2_EV_IRQHandler
                0x080011cc                TAMP_STAMP_LSECSS_SSRU_IRQHandler
                0x080011cc                SPI1_IRQHandler
                0x080011cc                DMA2_Channel2_IRQHandler
                0x080011cc                DMA1_Channel4_IRQHandler
                0x080011cc                PKA_IRQHandler
                0x080011cc                TIM17_IRQHandler
                0x080011cc                DMA1_Channel7_IRQHandler
                0x080011cc                SUBGHZSPI_IRQHandler
                0x080011cc                IPCC_C1_TX_IRQHandler
                0x080011cc                DMA2_Channel1_IRQHandler
                0x080011cc                I2C1_EV_IRQHandler
                0x080011cc                SUBGHZ_Radio_IRQHandler
                0x080011cc                DMAMUX1_OVR_IRQHandler
                0x080011cc                DMA1_Channel6_IRQHandler
                0x080011cc                TIM16_IRQHandler
                0x080011cc                DMA2_Channel4_IRQHandler
                0x080011cc                RCC_IRQHandler
                0x080011cc                TIM1_TRG_COM_IRQHandler
                0x080011cc                DMA1_Channel1_IRQHandler
                0x080011cc                Default_Handler
                0x080011cc                DMA2_Channel7_IRQHandler
                0x080011cc                EXTI15_10_IRQHandler
                0x080011cc                IPCC_C1_RX_IRQHandler
                0x080011cc                ADC_IRQHandler
                0x080011cc                C2SEV_PWR_C2H_IRQHandler
                0x080011cc                I2C3_EV_IRQHandler
                0x080011cc                EXTI9_5_IRQHandler
                0x080011cc                RTC_WKUP_IRQHandler
                0x080011cc                PVD_PVM_IRQHandler
                0x080011cc                SPI2_IRQHandler
                0x080011cc                DMA2_Channel5_IRQHandler
                0x080011cc                DMA1_Channel5_IRQHandler
                0x080011cc                EXTI4_IRQHandler
                0x080011cc                RNG_IRQHandler
                0x080011cc                DMA1_Channel3_IRQHandler
                0x080011cc                COMP_IRQHandler
                0x080011cc                HSEM_IRQHandler
                0x080011cc                TIM1_UP_IRQHandler
                0x080011cc                WWDG_IRQHandler
                0x080011cc                LPUART1_IRQHandler
                0x080011cc                DMA2_Channel6_IRQHandler
                0x080011cc                TIM2_IRQHandler
                0x080011cc                TIM1_BRK_IRQHandler
                0x080011cc                DAC_IRQHandler
                0x080011cc                EXTI1_IRQHandler
                0x080011cc                AES_IRQHandler
                0x080011cc                USART2_IRQHandler
                0x080011cc                I2C2_ER_IRQHandler
                0x080011cc                DMA1_Channel2_IRQHandler
                0x080011cc                FLASH_IRQHandler
                0x080011cc                USART1_IRQHandler
                0x080011cc                I2C1_ER_IRQHandler
                0x080011cc                LPTIM1_IRQHandler
                0x080011cc                DMA2_Channel3_IRQHandler
 *fill*         0x080011ce        0x2 
 .text.__libc_init_array
                0x080011d0       0x48 d:/zodhya projects/technical doccuments/stm32_vscode_make/tools/gcc-arm-none-eabi-10.3-2021.10/bin/../lib/gcc/arm-none-eabi/10.3.1/../../../../arm-none-eabi/lib/thumb/v7e-m/nofp\libc_nano.a(lib_a-init.o)
                0x080011d0                __libc_init_array
 .text.memset   0x08001218       0x10 d:/zodhya projects/technical doccuments/stm32_vscode_make/tools/gcc-arm-none-eabi-10.3-2021.10/bin/../lib/gcc/arm-none-eabi/10.3.1/../../../../arm-none-eabi/lib/thumb/v7e-m/nofp\libc_nano.a(lib_a-memset.o)
                0x08001218                memset
 *(.glue_7)
 .glue_7        0x08001228        0x0 linker stubs
 *(.glue_7t)
 .glue_7t       0x08001228        0x0 linker stubs
 *(.eh_frame)
 .eh_frame      0x08001228        0x0 d:/zodhya projects/technical doccuments/stm32_vscode_make/tools/gcc-arm-none-eabi-10.3-2021.10/bin/../lib/gcc/arm-none-eabi/10.3.1/thumb/v7e-m/nofp/crtbegin.o
 *(.init)
 .init          0x08001228        0x4 d:/zodhya projects/technical doccuments/stm32_vscode_make/tools/gcc-arm-none-eabi-10.3-2021.10/bin/../lib/gcc/arm-none-eabi/10.3.1/thumb/v7e-m/nofp/crti.o
                0x08001228                _init
 .init          0x0800122c        0x8 d:/zodhya projects/technical doccuments/stm32_vscode_make/tools/gcc-arm-none-eabi-10.3-2021.10/bin/../lib/gcc/arm-none-eabi/10.3.1/thumb/v7e-m/nofp/crtn.o
 *(.fini)
 .fini          0x08001234        0x4 d:/zodhya projects/technical doccuments/stm32_vscode_make/tools/gcc-arm-none-eabi-10.3-2021.10/bin/../lib/gcc/arm-none-eabi/10.3.1/thumb/v7e-m/nofp/crti.o
                0x08001234                _fini
 .fini          0x08001238        0x8 d:/zodhya projects/technical doccuments/stm32_vscode_make/tools/gcc-arm-none-eabi-10.3-2021.10/bin/../lib/gcc/arm-none-eabi/10.3.1/thumb/v7e-m/nofp/crtn.o
                0x08001240                . = ALIGN (0x8)
                0x08001240                _etext = .

.vfp11_veneer   0x08001240        0x0
 .vfp11_veneer  0x08001240        0x0 linker stubs

.v4_bx          0x08001240        0x0
 .v4_bx         0x08001240        0x0 linker stubs

.iplt           0x08001240        0x0
 .iplt          0x08001240        0x0 d:/zodhya projects/technical doccuments/stm32_vscode_make/tools/gcc-arm-none-eabi-10.3-2021.10/bin/../lib/gcc/arm-none-eabi/10.3.1/thumb/v7e-m/nofp/crtbegin.o

.rodata         0x08001240       0xa0
                0x08001240                . = ALIGN (0x8)
 *(.rodata)
 .rodata        0x08001240       0x1c build/stm32wlxx_hal_rcc.o
 *(.rodata*)
 .rodata.AHBPrescTable
                0x0800125c       0x40 build/system_stm32wlxx.o
                0x0800125c                AHBPrescTable
 .rodata.MSIRangeTable
                0x0800129c       0x40 build/system_stm32wlxx.o
                0x0800129c                MSIRangeTable
                0x080012e0                . = ALIGN (0x8)
 *fill*         0x080012dc        0x4 

.rel.dyn        0x080012e0        0x0
 .rel.iplt      0x080012e0        0x0 d:/zodhya projects/technical doccuments/stm32_vscode_make/tools/gcc-arm-none-eabi-10.3-2021.10/bin/../lib/gcc/arm-none-eabi/10.3.1/thumb/v7e-m/nofp/crtbegin.o

.ARM.extab      0x080012e0        0x0
                0x080012e0                . = ALIGN (0x8)
 *(.ARM.extab* .gnu.linkonce.armextab.*)
                0x080012e0                . = ALIGN (0x8)

.ARM            0x080012e0        0x0
                0x080012e0                . = ALIGN (0x8)
                0x080012e0                __exidx_start = .
 *(.ARM.exidx*)
                0x080012e0                __exidx_end = .
                0x080012e0                . = ALIGN (0x8)

.preinit_array  0x080012e0        0x0
                0x080012e0                . = ALIGN (0x8)
                0x080012e0                PROVIDE (__preinit_array_start = .)
 *(.preinit_array*)
                0x080012e0                PROVIDE (__preinit_array_end = .)
                0x080012e0                . = ALIGN (0x8)

.init_array     0x080012e0        0x8
                0x080012e0                . = ALIGN (0x8)
                0x080012e0                PROVIDE (__init_array_start = .)
 *(SORT_BY_NAME(.init_array.*))
 *(.init_array*)
 .init_array    0x080012e0        0x4 d:/zodhya projects/technical doccuments/stm32_vscode_make/tools/gcc-arm-none-eabi-10.3-2021.10/bin/../lib/gcc/arm-none-eabi/10.3.1/thumb/v7e-m/nofp/crtbegin.o
                0x080012e4                PROVIDE (__init_array_end = .)
                0x080012e8                . = ALIGN (0x8)
 *fill*         0x080012e4        0x4 

.fini_array     0x080012e8        0x8
                0x080012e8                . = ALIGN (0x8)
                [!provide]                PROVIDE (__fini_array_start = .)
 *(SORT_BY_NAME(.fini_array.*))
 *(.fini_array*)
 .fini_array    0x080012e8        0x4 d:/zodhya projects/technical doccuments/stm32_vscode_make/tools/gcc-arm-none-eabi-10.3-2021.10/bin/../lib/gcc/arm-none-eabi/10.3.1/thumb/v7e-m/nofp/crtbegin.o
                [!provide]                PROVIDE (__fini_array_end = .)
                0x080012f0                . = ALIGN (0x8)
 *fill*         0x080012ec        0x4 
                0x080012f0                _sidata = LOADADDR (.data)

.data           0x20000000       0x10 load address 0x080012f0
                0x20000000                . = ALIGN (0x8)
                0x20000000                _sdata = .
 *(.data)
 *(.data*)
 .data.uwTickFreq
                0x20000000        0x1 build/stm32wlxx_hal.o
                0x20000000                uwTickFreq
 *fill*         0x20000001        0x3 
 .data.uwTickPrio
                0x20000004        0x4 build/stm32wlxx_hal.o
                0x20000004                uwTickPrio
 .data.SystemCoreClock
                0x20000008        0x4 build/system_stm32wlxx.o
                0x20000008                SystemCoreClock
                0x20000010                . = ALIGN (0x8)
 *fill*         0x2000000c        0x4 
                0x20000010                _edata = .

.igot.plt       0x20000010        0x0 load address 0x08001300
 .igot.plt      0x20000010        0x0 d:/zodhya projects/technical doccuments/stm32_vscode_make/tools/gcc-arm-none-eabi-10.3-2021.10/bin/../lib/gcc/arm-none-eabi/10.3.1/thumb/v7e-m/nofp/crtbegin.o
                0x20000010                . = ALIGN (0x8)

.bss            0x20000010       0x20 load address 0x08001300
                0x20000010                _sbss = .
                0x20000010                __bss_start__ = _sbss
 *(.bss)
 .bss           0x20000010       0x1c d:/zodhya projects/technical doccuments/stm32_vscode_make/tools/gcc-arm-none-eabi-10.3-2021.10/bin/../lib/gcc/arm-none-eabi/10.3.1/thumb/v7e-m/nofp/crtbegin.o
 *(.bss*)
 .bss.uwTick    0x2000002c        0x4 build/stm32wlxx_hal.o
                0x2000002c                uwTick
 *(COMMON)
                0x20000030                . = ALIGN (0x8)
                0x20000030                _ebss = .
                0x20000030                __bss_end__ = _ebss
                0x20000030                . = ALIGN (0x8)

RAM1_region     0x20000030        0x0 load address 0x08001300
                0x20000030                _sRAM1_region = .
 *(.RAM1_region)
                0x20000030                . = ALIGN (0x8)
                0x20000030                _eRAM1_region = .
                0x20000030                . = ALIGN (0x8)

RAM2_region     0x20008000        0x0
                0x20008000                _sRAM2_region = .
 *(.RAM2_region)
                0x20008000                . = ALIGN (0x8)
                0x20008000                _eRAM2_region = .

._user_heap_stack
                0x20000030      0x600
                0x20000030                . = ALIGN (0x8)
                [!provide]                PROVIDE (end = .)
                0x20000030                PROVIDE (_end = .)
                0x20000230                . = (. + _Min_Heap_Size)
 *fill*         0x20000030      0x200 
                0x20000630                . = (. + _Min_Stack_Size)
 *fill*         0x20000230      0x400 
                0x20000630                . = ALIGN (0x8)

/DISCARD/
 libc.a(*)
 libm.a(*)
 libgcc.a(*)

.ARM.attributes
                0x00000000       0x2a
 *(.ARM.attributes)
 .ARM.attributes
                0x00000000       0x1e d:/zodhya projects/technical doccuments/stm32_vscode_make/tools/gcc-arm-none-eabi-10.3-2021.10/bin/../lib/gcc/arm-none-eabi/10.3.1/thumb/v7e-m/nofp/crti.o
 .ARM.attributes
                0x0000001e       0x2e d:/zodhya projects/technical doccuments/stm32_vscode_make/tools/gcc-arm-none-eabi-10.3-2021.10/bin/../lib/gcc/arm-none-eabi/10.3.1/thumb/v7e-m/nofp/crtbegin.o
 .ARM.attributes
                0x0000004c       0x2e build/main.o
 .ARM.attributes
                0x0000007a       0x2e build/stm32wlxx_it.o
 .ARM.attributes
                0x000000a8       0x2e build/stm32wlxx_hal_msp.o
 .ARM.attributes
                0x000000d6       0x2e build/stm32wlxx_hal_pwr.o
 .ARM.attributes
                0x00000104       0x2e build/stm32wlxx_hal_pwr_ex.o
 .ARM.attributes
                0x00000132       0x2e build/stm32wlxx_hal_rcc.o
 .ARM.attributes
                0x00000160       0x2e build/stm32wlxx_hal_gpio.o
 .ARM.attributes
                0x0000018e       0x2e build/stm32wlxx_hal_cortex.o
 .ARM.attributes
                0x000001bc       0x2e build/stm32wlxx_hal.o
 .ARM.attributes
                0x000001ea       0x2e build/system_stm32wlxx.o
 .ARM.attributes
                0x00000218       0x21 build/startup_stm32wl55xx_cm4.o
 .ARM.attributes
                0x00000239       0x2e d:/zodhya projects/technical doccuments/stm32_vscode_make/tools/gcc-arm-none-eabi-10.3-2021.10/bin/../lib/gcc/arm-none-eabi/10.3.1/../../../../arm-none-eabi/lib/thumb/v7e-m/nofp\libc_nano.a(lib_a-init.o)
 .ARM.attributes
                0x00000267       0x2e d:/zodhya projects/technical doccuments/stm32_vscode_make/tools/gcc-arm-none-eabi-10.3-2021.10/bin/../lib/gcc/arm-none-eabi/10.3.1/../../../../arm-none-eabi/lib/thumb/v7e-m/nofp\libc_nano.a(lib_a-memset.o)
 .ARM.attributes
                0x00000295       0x1e d:/zodhya projects/technical doccuments/stm32_vscode_make/tools/gcc-arm-none-eabi-10.3-2021.10/bin/../lib/gcc/arm-none-eabi/10.3.1/thumb/v7e-m/nofp/crtn.o
OUTPUT(build/MakeTest2_WL.elf elf32-littlearm)
LOAD linker stubs
LOAD d:/zodhya projects/technical doccuments/stm32_vscode_make/tools/gcc-arm-none-eabi-10.3-2021.10/bin/../lib/gcc/arm-none-eabi/10.3.1/../../../../arm-none-eabi/lib/thumb/v7e-m/nofp\libc.a
LOAD d:/zodhya projects/technical doccuments/stm32_vscode_make/tools/gcc-arm-none-eabi-10.3-2021.10/bin/../lib/gcc/arm-none-eabi/10.3.1/../../../../arm-none-eabi/lib/thumb/v7e-m/nofp\libm.a
LOAD d:/zodhya projects/technical doccuments/stm32_vscode_make/tools/gcc-arm-none-eabi-10.3-2021.10/bin/../lib/gcc/arm-none-eabi/10.3.1/thumb/v7e-m/nofp\libgcc.a

.debug_info     0x00000000     0x8528
 .debug_info    0x00000000      0xd58 build/main.o
 .debug_info    0x00000d58      0x1a1 build/stm32wlxx_it.o
 .debug_info    0x00000ef9       0xd3 build/stm32wlxx_hal_msp.o
 .debug_info    0x00000fcc      0xaec build/stm32wlxx_hal_pwr.o
 .debug_info    0x00001ab8     0x1202 build/stm32wlxx_hal_pwr_ex.o
 .debug_info    0x00002cba     0x213f build/stm32wlxx_hal_rcc.o
 .debug_info    0x00004df9      0x87b build/stm32wlxx_hal_gpio.o
 .debug_info    0x00005674     0x1120 build/stm32wlxx_hal_cortex.o
 .debug_info    0x00006794     0x1763 build/stm32wlxx_hal.o
 .debug_info    0x00007ef7      0x60f build/system_stm32wlxx.o
 .debug_info    0x00008506       0x22 build/startup_stm32wl55xx_cm4.o

.debug_abbrev   0x00000000     0x16a1
 .debug_abbrev  0x00000000      0x26e build/main.o
 .debug_abbrev  0x0000026e       0xba build/stm32wlxx_it.o
 .debug_abbrev  0x00000328       0x7f build/stm32wlxx_hal_msp.o
 .debug_abbrev  0x000003a7      0x20a build/stm32wlxx_hal_pwr.o
 .debug_abbrev  0x000005b1      0x364 build/stm32wlxx_hal_pwr_ex.o
 .debug_abbrev  0x00000915      0x355 build/stm32wlxx_hal_rcc.o
 .debug_abbrev  0x00000c6a      0x22f build/stm32wlxx_hal_gpio.o
 .debug_abbrev  0x00000e99      0x36c build/stm32wlxx_hal_cortex.o
 .debug_abbrev  0x00001205      0x35e build/stm32wlxx_hal.o
 .debug_abbrev  0x00001563      0x12c build/system_stm32wlxx.o
 .debug_abbrev  0x0000168f       0x12 build/startup_stm32wl55xx_cm4.o

.debug_loc      0x00000000     0x2d70
 .debug_loc     0x00000000       0xe0 build/main.o
 .debug_loc     0x000000e0       0x20 build/stm32wlxx_it.o
 .debug_loc     0x00000100      0x281 build/stm32wlxx_hal_pwr.o
 .debug_loc     0x00000381      0x872 build/stm32wlxx_hal_pwr_ex.o
 .debug_loc     0x00000bf3      0xe79 build/stm32wlxx_hal_rcc.o
 .debug_loc     0x00001a6c      0x491 build/stm32wlxx_hal_gpio.o
 .debug_loc     0x00001efd      0x796 build/stm32wlxx_hal_cortex.o
 .debug_loc     0x00002693      0x5b6 build/stm32wlxx_hal.o
 .debug_loc     0x00002c49      0x127 build/system_stm32wlxx.o

.debug_aranges  0x00000000      0x5e0
 .debug_aranges
                0x00000000       0x38 build/main.o
 .debug_aranges
                0x00000038       0x60 build/stm32wlxx_it.o
 .debug_aranges
                0x00000098       0x20 build/stm32wlxx_hal_msp.o
 .debug_aranges
                0x000000b8       0x98 build/stm32wlxx_hal_pwr.o
 .debug_aranges
                0x00000150      0x160 build/stm32wlxx_hal_pwr_ex.o
 .debug_aranges
                0x000002b0       0xa8 build/stm32wlxx_hal_rcc.o
 .debug_aranges
                0x00000358       0x60 build/stm32wlxx_hal_gpio.o
 .debug_aranges
                0x000003b8       0xa8 build/stm32wlxx_hal_cortex.o
 .debug_aranges
                0x00000460      0x130 build/stm32wlxx_hal.o
 .debug_aranges
                0x00000590       0x28 build/system_stm32wlxx.o
 .debug_aranges
                0x000005b8       0x28 build/startup_stm32wl55xx_cm4.o

.debug_ranges   0x00000000      0x5e8
 .debug_ranges  0x00000000       0x28 build/main.o
 .debug_ranges  0x00000028       0x50 build/stm32wlxx_it.o
 .debug_ranges  0x00000078       0x10 build/stm32wlxx_hal_msp.o
 .debug_ranges  0x00000088       0x88 build/stm32wlxx_hal_pwr.o
 .debug_ranges  0x00000110      0x168 build/stm32wlxx_hal_pwr_ex.o
 .debug_ranges  0x00000278       0xd0 build/stm32wlxx_hal_rcc.o
 .debug_ranges  0x00000348       0x50 build/stm32wlxx_hal_gpio.o
 .debug_ranges  0x00000398       0xf8 build/stm32wlxx_hal_cortex.o
 .debug_ranges  0x00000490      0x120 build/stm32wlxx_hal.o
 .debug_ranges  0x000005b0       0x18 build/system_stm32wlxx.o
 .debug_ranges  0x000005c8       0x20 build/startup_stm32wl55xx_cm4.o

.debug_line     0x00000000     0x4b87
 .debug_line    0x00000000      0x483 build/main.o
 .debug_line    0x00000483      0x2a6 build/stm32wlxx_it.o
 .debug_line    0x00000729      0x19f build/stm32wlxx_hal_msp.o
 .debug_line    0x000008c8      0x502 build/stm32wlxx_hal_pwr.o
 .debug_line    0x00000dca      0xad0 build/stm32wlxx_hal_pwr_ex.o
 .debug_line    0x0000189a     0x16e3 build/stm32wlxx_hal_rcc.o
 .debug_line    0x00002f7d      0x6ef build/stm32wlxx_hal_gpio.o
 .debug_line    0x0000366c      0x7cc build/stm32wlxx_hal_cortex.o
 .debug_line    0x00003e38      0x9da build/stm32wlxx_hal.o
 .debug_line    0x00004812      0x2fa build/system_stm32wlxx.o
 .debug_line    0x00004b0c       0x7b build/startup_stm32wl55xx_cm4.o

.debug_str      0x00000000     0x2bc8
 .debug_str     0x00000000      0x66e build/main.o
                                0x74f (size before relaxing)
 .debug_str     0x0000066e       0xb4 build/stm32wlxx_it.o
                                0x249 (size before relaxing)
 .debug_str     0x00000722       0x29 build/stm32wlxx_hal_msp.o
                                0x1be (size before relaxing)
 .debug_str     0x0000074b      0x3d8 build/stm32wlxx_hal_pwr.o
                                0x67b (size before relaxing)
 .debug_str     0x00000b23      0x6ba build/stm32wlxx_hal_pwr_ex.o
                                0xafe (size before relaxing)
 .debug_str     0x000011dd      0x813 build/stm32wlxx_hal_rcc.o
                                0xefa (size before relaxing)
 .debug_str     0x000019f0      0x13a build/stm32wlxx_hal_gpio.o
                                0x49c (size before relaxing)
 .debug_str     0x00001b2a      0x8ae build/stm32wlxx_hal_cortex.o
                                0xb3b (size before relaxing)
 .debug_str     0x000023d8      0x771 build/stm32wlxx_hal.o
                               0x10db (size before relaxing)
 .debug_str     0x00002b49       0x57 build/system_stm32wlxx.o
                                0x455 (size before relaxing)
 .debug_str     0x00002ba0       0x28 build/startup_stm32wl55xx_cm4.o
                                 0x78 (size before relaxing)

.comment        0x00000000       0x49
 .comment       0x00000000       0x49 build/main.o
                                 0x4a (size before relaxing)
 .comment       0x00000049       0x4a build/stm32wlxx_it.o
 .comment       0x00000049       0x4a build/stm32wlxx_hal_msp.o
 .comment       0x00000049       0x4a build/stm32wlxx_hal_pwr.o
 .comment       0x00000049       0x4a build/stm32wlxx_hal_pwr_ex.o
 .comment       0x00000049       0x4a build/stm32wlxx_hal_rcc.o
 .comment       0x00000049       0x4a build/stm32wlxx_hal_gpio.o
 .comment       0x00000049       0x4a build/stm32wlxx_hal_cortex.o
 .comment       0x00000049       0x4a build/stm32wlxx_hal.o
 .comment       0x00000049       0x4a build/system_stm32wlxx.o

.debug_frame    0x00000000      0xc34
 .debug_frame   0x00000000       0x80 build/main.o
 .debug_frame   0x00000080       0xa8 build/stm32wlxx_it.o
 .debug_frame   0x00000128       0x20 build/stm32wlxx_hal_msp.o
 .debug_frame   0x00000148      0x120 build/stm32wlxx_hal_pwr.o
 .debug_frame   0x00000268      0x2a8 build/stm32wlxx_hal_pwr_ex.o
 .debug_frame   0x00000510      0x200 build/stm32wlxx_hal_rcc.o
 .debug_frame   0x00000710       0xd8 build/stm32wlxx_hal_gpio.o
 .debug_frame   0x000007e8      0x148 build/stm32wlxx_hal_cortex.o
 .debug_frame   0x00000930      0x288 build/stm32wlxx_hal.o
 .debug_frame   0x00000bb8       0x30 build/system_stm32wlxx.o
 .debug_frame   0x00000be8       0x2c d:/zodhya projects/technical doccuments/stm32_vscode_make/tools/gcc-arm-none-eabi-10.3-2021.10/bin/../lib/gcc/arm-none-eabi/10.3.1/../../../../arm-none-eabi/lib/thumb/v7e-m/nofp\libc_nano.a(lib_a-init.o)
 .debug_frame   0x00000c14       0x20 d:/zodhya projects/technical doccuments/stm32_vscode_make/tools/gcc-arm-none-eabi-10.3-2021.10/bin/../lib/gcc/arm-none-eabi/10.3.1/../../../../arm-none-eabi/lib/thumb/v7e-m/nofp\libc_nano.a(lib_a-memset.o)

Cross Reference Table

Symbol                                            File
ADC_IRQHandler                                    build/startup_stm32wl55xx_cm4.o
AES_IRQHandler                                    build/startup_stm32wl55xx_cm4.o
AHBPrescTable                                     build/system_stm32wlxx.o
                                                  build/stm32wlxx_hal_rcc_ex.o
                                                  build/stm32wlxx_hal_rcc.o
APBPrescTable                                     build/system_stm32wlxx.o
                                                  build/stm32wlxx_hal_rcc_ex.o
                                                  build/stm32wlxx_hal_rcc.o
BusFault_Handler                                  build/stm32wlxx_it.o
C2SEV_PWR_C2H_IRQHandler                          build/startup_stm32wl55xx_cm4.o
COMP_IRQHandler                                   build/startup_stm32wl55xx_cm4.o
DAC_IRQHandler                                    build/startup_stm32wl55xx_cm4.o
DMA1_Channel1_IRQHandler                          build/startup_stm32wl55xx_cm4.o
DMA1_Channel2_IRQHandler                          build/startup_stm32wl55xx_cm4.o
DMA1_Channel3_IRQHandler                          build/startup_stm32wl55xx_cm4.o
DMA1_Channel4_IRQHandler                          build/startup_stm32wl55xx_cm4.o
DMA1_Channel5_IRQHandler                          build/startup_stm32wl55xx_cm4.o
DMA1_Channel6_IRQHandler                          build/startup_stm32wl55xx_cm4.o
DMA1_Channel7_IRQHandler                          build/startup_stm32wl55xx_cm4.o
DMA2_Channel1_IRQHandler                          build/startup_stm32wl55xx_cm4.o
DMA2_Channel2_IRQHandler                          build/startup_stm32wl55xx_cm4.o
DMA2_Channel3_IRQHandler                          build/startup_stm32wl55xx_cm4.o
DMA2_Channel4_IRQHandler                          build/startup_stm32wl55xx_cm4.o
DMA2_Channel5_IRQHandler                          build/startup_stm32wl55xx_cm4.o
DMA2_Channel6_IRQHandler                          build/startup_stm32wl55xx_cm4.o
DMA2_Channel7_IRQHandler                          build/startup_stm32wl55xx_cm4.o
DMAMUX1_OVR_IRQHandler                            build/startup_stm32wl55xx_cm4.o
DebugMon_Handler                                  build/stm32wlxx_it.o
Default_Handler                                   build/startup_stm32wl55xx_cm4.o
EXTI0_IRQHandler                                  build/startup_stm32wl55xx_cm4.o
EXTI15_10_IRQHandler                              build/startup_stm32wl55xx_cm4.o
EXTI1_IRQHandler                                  build/startup_stm32wl55xx_cm4.o
EXTI2_IRQHandler                                  build/startup_stm32wl55xx_cm4.o
EXTI3_IRQHandler                                  build/startup_stm32wl55xx_cm4.o
EXTI4_IRQHandler                                  build/startup_stm32wl55xx_cm4.o
EXTI9_5_IRQHandler                                build/startup_stm32wl55xx_cm4.o
Error_Handler                                     build/main.o
FLASH_IRQHandler                                  build/startup_stm32wl55xx_cm4.o
FLASH_PageErase                                   build/stm32wlxx_hal_flash_ex.o
                                                  build/stm32wlxx_hal_flash.o
FLASH_WaitForLastOperation                        build/stm32wlxx_hal_flash.o
                                                  build/stm32wlxx_hal_flash_ex.o
HAL_DBGMCU_DisableDBGSleepMode                    build/stm32wlxx_hal.o
HAL_DBGMCU_DisableDBGStandbyMode                  build/stm32wlxx_hal.o
HAL_DBGMCU_DisableDBGStopMode                     build/stm32wlxx_hal.o
HAL_DBGMCU_EnableDBGSleepMode                     build/stm32wlxx_hal.o
HAL_DBGMCU_EnableDBGStandbyMode                   build/stm32wlxx_hal.o
HAL_DBGMCU_EnableDBGStopMode                      build/stm32wlxx_hal.o
HAL_DMAEx_ConfigMuxRequestGenerator               build/stm32wlxx_hal_dma_ex.o
HAL_DMAEx_ConfigMuxSync                           build/stm32wlxx_hal_dma_ex.o
HAL_DMAEx_DisableMuxRequestGenerator              build/stm32wlxx_hal_dma_ex.o
HAL_DMAEx_EnableMuxRequestGenerator               build/stm32wlxx_hal_dma_ex.o
HAL_DMAEx_MUX_IRQHandler                          build/stm32wlxx_hal_dma_ex.o
HAL_DMA_Abort                                     build/stm32wlxx_hal_dma.o
HAL_DMA_Abort_IT                                  build/stm32wlxx_hal_dma.o
HAL_DMA_ConfigChannelAttributes                   build/stm32wlxx_hal_dma.o
HAL_DMA_DeInit                                    build/stm32wlxx_hal_dma.o
HAL_DMA_GetConfigChannelAttributes                build/stm32wlxx_hal_dma.o
HAL_DMA_GetError                                  build/stm32wlxx_hal_dma.o
HAL_DMA_GetState                                  build/stm32wlxx_hal_dma.o
HAL_DMA_IRQHandler                                build/stm32wlxx_hal_dma.o
HAL_DMA_Init                                      build/stm32wlxx_hal_dma.o
HAL_DMA_PollForTransfer                           build/stm32wlxx_hal_dma.o
HAL_DMA_RegisterCallback                          build/stm32wlxx_hal_dma.o
HAL_DMA_Start                                     build/stm32wlxx_hal_dma.o
HAL_DMA_Start_IT                                  build/stm32wlxx_hal_dma.o
HAL_DMA_UnRegisterCallback                        build/stm32wlxx_hal_dma.o
HAL_DeInit                                        build/stm32wlxx_hal.o
HAL_Delay                                         build/stm32wlxx_hal.o
                                                  build/main.o
HAL_EXTI_ClearConfigLine                          build/stm32wlxx_hal_exti.o
HAL_EXTI_ClearPending                             build/stm32wlxx_hal_exti.o
HAL_EXTI_GenerateSWI                              build/stm32wlxx_hal_exti.o
HAL_EXTI_GetConfigLine                            build/stm32wlxx_hal_exti.o
HAL_EXTI_GetHandle                                build/stm32wlxx_hal_exti.o
HAL_EXTI_GetPending                               build/stm32wlxx_hal_exti.o
HAL_EXTI_IRQHandler                               build/stm32wlxx_hal_exti.o
HAL_EXTI_RegisterCallback                         build/stm32wlxx_hal_exti.o
HAL_EXTI_SetConfigLine                            build/stm32wlxx_hal_exti.o
HAL_FLASHEx_AllowOperation                        build/stm32wlxx_hal_flash_ex.o
HAL_FLASHEx_ConfigPrivMode                        build/stm32wlxx_hal_flash_ex.o
HAL_FLASHEx_DisableC2Debug                        build/stm32wlxx_hal_flash_ex.o
HAL_FLASHEx_EnableC2Debug                         build/stm32wlxx_hal_flash_ex.o
HAL_FLASHEx_EnableSecHideProtection               build/stm32wlxx_hal_flash_ex.o
HAL_FLASHEx_Erase                                 build/stm32wlxx_hal_flash_ex.o
HAL_FLASHEx_Erase_IT                              build/stm32wlxx_hal_flash_ex.o
HAL_FLASHEx_FlashEmptyCheck                       build/stm32wlxx_hal_flash_ex.o
HAL_FLASHEx_ForceFlashEmpty                       build/stm32wlxx_hal_flash_ex.o
HAL_FLASHEx_GetPrivMode                           build/stm32wlxx_hal_flash_ex.o
HAL_FLASHEx_IsOperationSuspended                  build/stm32wlxx_hal_flash_ex.o
HAL_FLASHEx_OBGetConfig                           build/stm32wlxx_hal_flash_ex.o
HAL_FLASHEx_OBProgram                             build/stm32wlxx_hal_flash_ex.o
HAL_FLASHEx_SuspendOperation                      build/stm32wlxx_hal_flash_ex.o
HAL_FLASH_EndOfOperationCallback                  build/stm32wlxx_hal_flash.o
HAL_FLASH_GetError                                build/stm32wlxx_hal_flash.o
HAL_FLASH_IRQHandler                              build/stm32wlxx_hal_flash.o
HAL_FLASH_Lock                                    build/stm32wlxx_hal_flash.o
HAL_FLASH_OB_Launch                               build/stm32wlxx_hal_flash.o
HAL_FLASH_OB_Lock                                 build/stm32wlxx_hal_flash.o
HAL_FLASH_OB_Unlock                               build/stm32wlxx_hal_flash.o
HAL_FLASH_OperationErrorCallback                  build/stm32wlxx_hal_flash.o
HAL_FLASH_Program                                 build/stm32wlxx_hal_flash.o
HAL_FLASH_Program_IT                              build/stm32wlxx_hal_flash.o
HAL_FLASH_Unlock                                  build/stm32wlxx_hal_flash.o
HAL_GPIO_DeInit                                   build/stm32wlxx_hal_gpio.o
HAL_GPIO_EXTI_Callback                            build/stm32wlxx_hal_gpio.o
HAL_GPIO_EXTI_IRQHandler                          build/stm32wlxx_hal_gpio.o
HAL_GPIO_Init                                     build/stm32wlxx_hal_gpio.o
                                                  build/stm32wlxx_hal_rcc.o
                                                  build/main.o
HAL_GPIO_LockPin                                  build/stm32wlxx_hal_gpio.o
HAL_GPIO_ReadPin                                  build/stm32wlxx_hal_gpio.o
HAL_GPIO_TogglePin                                build/stm32wlxx_hal_gpio.o
                                                  build/main.o
HAL_GPIO_WriteMultipleStatePin                    build/stm32wlxx_hal_gpio.o
HAL_GPIO_WritePin                                 build/stm32wlxx_hal_gpio.o
                                                  build/main.o
HAL_GetDEVID                                      build/stm32wlxx_hal.o
HAL_GetHalVersion                                 build/stm32wlxx_hal.o
HAL_GetREVID                                      build/stm32wlxx_hal.o
HAL_GetTick                                       build/stm32wlxx_hal.o
                                                  build/stm32wlxx_hal_dma.o
                                                  build/stm32wlxx_hal_flash.o
                                                  build/stm32wlxx_hal_rcc_ex.o
                                                  build/stm32wlxx_hal_rcc.o
HAL_GetTickFreq                                   build/stm32wlxx_hal.o
HAL_GetTickPrio                                   build/stm32wlxx_hal.o
HAL_GetUIDw0                                      build/stm32wlxx_hal.o
HAL_GetUIDw1                                      build/stm32wlxx_hal.o
HAL_GetUIDw2                                      build/stm32wlxx_hal.o
HAL_IncTick                                       build/stm32wlxx_hal.o
                                                  build/stm32wlxx_it.o
HAL_Init                                          build/stm32wlxx_hal.o
                                                  build/main.o
HAL_InitTick                                      build/stm32wlxx_hal.o
                                                  build/stm32wlxx_hal_rcc.o
HAL_MPU_ConfigRegion                              build/stm32wlxx_hal_cortex.o
HAL_MPU_Disable                                   build/stm32wlxx_hal_cortex.o
HAL_MPU_Enable                                    build/stm32wlxx_hal_cortex.o
HAL_MspDeInit                                     build/stm32wlxx_hal.o
HAL_MspInit                                       build/stm32wlxx_hal_msp.o
HAL_NVIC_ClearPendingIRQ                          build/stm32wlxx_hal_cortex.o
HAL_NVIC_DisableIRQ                               build/stm32wlxx_hal_cortex.o
HAL_NVIC_EnableIRQ                                build/stm32wlxx_hal_cortex.o
HAL_NVIC_GetActive                                build/stm32wlxx_hal_cortex.o
HAL_NVIC_GetPendingIRQ                            build/stm32wlxx_hal_cortex.o
HAL_NVIC_GetPriority                              build/stm32wlxx_hal_cortex.o
HAL_NVIC_GetPriorityGrouping                      build/stm32wlxx_hal_cortex.o
HAL_NVIC_SetPendingIRQ                            build/stm32wlxx_hal_cortex.o
HAL_NVIC_SetPriority                              build/stm32wlxx_hal_cortex.o
                                                  build/stm32wlxx_hal.o
HAL_NVIC_SetPriorityGrouping                      build/stm32wlxx_hal_cortex.o
                                                  build/stm32wlxx_hal.o
HAL_NVIC_SystemReset                              build/stm32wlxx_hal_cortex.o
HAL_PWREx_ConfigPVM                               build/stm32wlxx_hal_pwr_ex.o
HAL_PWREx_ControlVoltageScaling                   build/stm32wlxx_hal_pwr_ex.o
HAL_PWREx_DisableBORPVD_ULP                       build/stm32wlxx_hal_pwr_ex.o
HAL_PWREx_DisableBatteryCharging                  build/stm32wlxx_hal_pwr_ex.o
HAL_PWREx_DisableFlashPowerDown                   build/stm32wlxx_hal_pwr_ex.o
HAL_PWREx_DisableGPIOPullDown                     build/stm32wlxx_hal_pwr_ex.o
HAL_PWREx_DisableGPIOPullUp                       build/stm32wlxx_hal_pwr_ex.o
HAL_PWREx_DisableHOLDC2IT                         build/stm32wlxx_hal_pwr_ex.o
HAL_PWREx_DisableInternalWakeUpLine               build/stm32wlxx_hal_pwr_ex.o
HAL_PWREx_DisableLowPowerRunMode                  build/stm32wlxx_hal_pwr_ex.o
                                                  build/stm32wlxx_hal_pwr.o
HAL_PWREx_DisablePVM3                             build/stm32wlxx_hal_pwr_ex.o
HAL_PWREx_DisablePullUpPullDownConfig             build/stm32wlxx_hal_pwr_ex.o
HAL_PWREx_DisableSRAMRetention                    build/stm32wlxx_hal_pwr_ex.o
HAL_PWREx_DisableWPVD                             build/stm32wlxx_hal_pwr_ex.o
HAL_PWREx_EnableBORPVD_ULP                        build/stm32wlxx_hal_pwr_ex.o
HAL_PWREx_EnableBatteryCharging                   build/stm32wlxx_hal_pwr_ex.o
HAL_PWREx_EnableFlashPowerDown                    build/stm32wlxx_hal_pwr_ex.o
HAL_PWREx_EnableGPIOPullDown                      build/stm32wlxx_hal_pwr_ex.o
HAL_PWREx_EnableGPIOPullUp                        build/stm32wlxx_hal_pwr_ex.o
HAL_PWREx_EnableHOLDC2IT                          build/stm32wlxx_hal_pwr_ex.o
HAL_PWREx_EnableInternalWakeUpLine                build/stm32wlxx_hal_pwr_ex.o
HAL_PWREx_EnableLowPowerRunMode                   build/stm32wlxx_hal_pwr_ex.o
                                                  build/stm32wlxx_hal_pwr.o
HAL_PWREx_EnablePVM3                              build/stm32wlxx_hal_pwr_ex.o
HAL_PWREx_EnablePullUpPullDownConfig              build/stm32wlxx_hal_pwr_ex.o
HAL_PWREx_EnableSRAMRetention                     build/stm32wlxx_hal_pwr_ex.o
HAL_PWREx_EnableWPVD                              build/stm32wlxx_hal_pwr_ex.o
HAL_PWREx_EnterSHUTDOWNMode                       build/stm32wlxx_hal_pwr_ex.o
HAL_PWREx_EnterSTOP0Mode                          build/stm32wlxx_hal_pwr_ex.o
                                                  build/stm32wlxx_hal_pwr.o
HAL_PWREx_EnterSTOP1Mode                          build/stm32wlxx_hal_pwr_ex.o
                                                  build/stm32wlxx_hal_pwr.o
HAL_PWREx_EnterSTOP2Mode                          build/stm32wlxx_hal_pwr_ex.o
HAL_PWREx_GetVoltageRange                         build/stm32wlxx_hal_pwr_ex.o
                                                  build/stm32wlxx_hal_rcc.o
HAL_PWREx_HoldCore                                build/stm32wlxx_hal_pwr_ex.o
HAL_PWREx_PVD_PVM_IRQHandler                      build/stm32wlxx_hal_pwr_ex.o
HAL_PWREx_PVM3Callback                            build/stm32wlxx_hal_pwr_ex.o
HAL_PWREx_ReleaseCore                             build/stm32wlxx_hal_pwr_ex.o
HAL_PWREx_SMPS_GetEffectiveMode                   build/stm32wlxx_hal_pwr_ex.o
HAL_PWREx_SMPS_SetMode                            build/stm32wlxx_hal_pwr_ex.o
HAL_PWREx_SetRadioBusyPolarity                    build/stm32wlxx_hal_pwr_ex.o
HAL_PWREx_SetRadioBusyTrigger                     build/stm32wlxx_hal_pwr_ex.o
HAL_PWREx_SetRadioEOL                             build/stm32wlxx_hal_pwr_ex.o
HAL_PWREx_SetRadioIRQTrigger                      build/stm32wlxx_hal_pwr_ex.o
HAL_PWR_ConfigPVD                                 build/stm32wlxx_hal_pwr.o
HAL_PWR_DeInit                                    build/stm32wlxx_hal_pwr.o
HAL_PWR_DisableBkUpAccess                         build/stm32wlxx_hal_pwr.o
HAL_PWR_DisablePVD                                build/stm32wlxx_hal_pwr.o
HAL_PWR_DisableSEVOnPend                          build/stm32wlxx_hal_pwr.o
HAL_PWR_DisableSleepOnExit                        build/stm32wlxx_hal_pwr.o
HAL_PWR_DisableWakeUpPin                          build/stm32wlxx_hal_pwr.o
HAL_PWR_EnableBkUpAccess                          build/stm32wlxx_hal_pwr.o
                                                  build/stm32wlxx_hal_rcc_ex.o
                                                  build/stm32wlxx_hal_rcc.o
HAL_PWR_EnablePVD                                 build/stm32wlxx_hal_pwr.o
HAL_PWR_EnableSEVOnPend                           build/stm32wlxx_hal_pwr.o
HAL_PWR_EnableSleepOnExit                         build/stm32wlxx_hal_pwr.o
HAL_PWR_EnableWakeUpPin                           build/stm32wlxx_hal_pwr.o
HAL_PWR_EnterSLEEPMode                            build/stm32wlxx_hal_pwr.o
HAL_PWR_EnterSTANDBYMode                          build/stm32wlxx_hal_pwr.o
HAL_PWR_EnterSTOPMode                             build/stm32wlxx_hal_pwr.o
HAL_PWR_PVDCallback                               build/stm32wlxx_hal_pwr.o
                                                  build/stm32wlxx_hal_pwr_ex.o
HAL_RCCEx_DisableLSCO                             build/stm32wlxx_hal_rcc_ex.o
HAL_RCCEx_DisableLSECSS                           build/stm32wlxx_hal_rcc_ex.o
HAL_RCCEx_DisableMSIPLLMode                       build/stm32wlxx_hal_rcc_ex.o
HAL_RCCEx_EnableLSCO                              build/stm32wlxx_hal_rcc_ex.o
HAL_RCCEx_EnableLSECSS                            build/stm32wlxx_hal_rcc_ex.o
HAL_RCCEx_EnableLSECSS_IT                         build/stm32wlxx_hal_rcc_ex.o
HAL_RCCEx_EnableMSIPLLMode                        build/stm32wlxx_hal_rcc_ex.o
HAL_RCCEx_GetPeriphCLKConfig                      build/stm32wlxx_hal_rcc_ex.o
HAL_RCCEx_GetPeriphCLKFreq                        build/stm32wlxx_hal_rcc_ex.o
HAL_RCCEx_LSECSS_Callback                         build/stm32wlxx_hal_rcc_ex.o
HAL_RCCEx_LSECSS_IRQHandler                       build/stm32wlxx_hal_rcc_ex.o
HAL_RCCEx_PeriphCLKConfig                         build/stm32wlxx_hal_rcc_ex.o
HAL_RCCEx_WakeUpStopCLKConfig                     build/stm32wlxx_hal_rcc_ex.o
HAL_RCC_CSSCallback                               build/stm32wlxx_hal_rcc.o
HAL_RCC_ClockConfig                               build/stm32wlxx_hal_rcc.o
                                                  build/main.o
HAL_RCC_DeInit                                    build/stm32wlxx_hal_rcc.o
HAL_RCC_EnableCSS                                 build/stm32wlxx_hal_rcc.o
HAL_RCC_GetClockConfig                            build/stm32wlxx_hal_rcc.o
HAL_RCC_GetHCLK2Freq                              build/stm32wlxx_hal_rcc.o
HAL_RCC_GetHCLK3Freq                              build/stm32wlxx_hal_rcc.o
HAL_RCC_GetHCLKFreq                               build/stm32wlxx_hal_rcc.o
                                                  build/stm32wlxx_hal.o
HAL_RCC_GetOscConfig                              build/stm32wlxx_hal_rcc.o
HAL_RCC_GetPCLK1Freq                              build/stm32wlxx_hal_rcc.o
HAL_RCC_GetPCLK2Freq                              build/stm32wlxx_hal_rcc.o
HAL_RCC_GetResetSource                            build/stm32wlxx_hal_rcc.o
HAL_RCC_GetSysClockFreq                           build/stm32wlxx_hal_rcc.o
                                                  build/stm32wlxx_hal_rcc_ex.o
HAL_RCC_MCOConfig                                 build/stm32wlxx_hal_rcc.o
HAL_RCC_NMI_IRQHandler                            build/stm32wlxx_hal_rcc.o
HAL_RCC_OscConfig                                 build/stm32wlxx_hal_rcc.o
                                                  build/main.o
HAL_ResumeTick                                    build/stm32wlxx_hal.o
HAL_SYSCFG_DisableIOAnalogSwitchBooster           build/stm32wlxx_hal.o
HAL_SYSCFG_DisableIT                              build/stm32wlxx_hal.o
HAL_SYSCFG_DisableVREFBUF                         build/stm32wlxx_hal.o
HAL_SYSCFG_EnableIOAnalogSwitchBooster            build/stm32wlxx_hal.o
HAL_SYSCFG_EnableIT                               build/stm32wlxx_hal.o
HAL_SYSCFG_EnableVREFBUF                          build/stm32wlxx_hal.o
HAL_SYSCFG_SRAM2Erase                             build/stm32wlxx_hal.o
HAL_SYSCFG_VREFBUF_HighImpedanceConfig            build/stm32wlxx_hal.o
HAL_SYSCFG_VREFBUF_TrimmingConfig                 build/stm32wlxx_hal.o
HAL_SYSCFG_VREFBUF_VoltageScalingConfig           build/stm32wlxx_hal.o
HAL_SYSTICK_CLKSourceConfig                       build/stm32wlxx_hal_cortex.o
HAL_SYSTICK_Callback                              build/stm32wlxx_hal_cortex.o
HAL_SYSTICK_Config                                build/stm32wlxx_hal_cortex.o
                                                  build/stm32wlxx_hal.o
HAL_SYSTICK_IRQHandler                            build/stm32wlxx_hal_cortex.o
HAL_SetTickFreq                                   build/stm32wlxx_hal.o
HAL_SuspendTick                                   build/stm32wlxx_hal.o
HSEM_IRQHandler                                   build/startup_stm32wl55xx_cm4.o
HardFault_Handler                                 build/stm32wlxx_it.o
I2C1_ER_IRQHandler                                build/startup_stm32wl55xx_cm4.o
I2C1_EV_IRQHandler                                build/startup_stm32wl55xx_cm4.o
I2C2_ER_IRQHandler                                build/startup_stm32wl55xx_cm4.o
I2C2_EV_IRQHandler                                build/startup_stm32wl55xx_cm4.o
I2C3_ER_IRQHandler                                build/startup_stm32wl55xx_cm4.o
I2C3_EV_IRQHandler                                build/startup_stm32wl55xx_cm4.o
IPCC_C1_RX_IRQHandler                             build/startup_stm32wl55xx_cm4.o
IPCC_C1_TX_IRQHandler                             build/startup_stm32wl55xx_cm4.o
LPTIM1_IRQHandler                                 build/startup_stm32wl55xx_cm4.o
LPTIM2_IRQHandler                                 build/startup_stm32wl55xx_cm4.o
LPTIM3_IRQHandler                                 build/startup_stm32wl55xx_cm4.o
LPUART1_IRQHandler                                build/startup_stm32wl55xx_cm4.o
MSIRangeTable                                     build/system_stm32wlxx.o
                                                  build/stm32wlxx_hal_rcc_ex.o
                                                  build/stm32wlxx_hal_rcc.o
MemManage_Handler                                 build/stm32wlxx_it.o
NMI_Handler                                       build/stm32wlxx_it.o
PKA_IRQHandler                                    build/startup_stm32wl55xx_cm4.o
PVD_PVM_IRQHandler                                build/startup_stm32wl55xx_cm4.o
PendSV_Handler                                    build/stm32wlxx_it.o
RCC_IRQHandler                                    build/startup_stm32wl55xx_cm4.o
RNG_IRQHandler                                    build/startup_stm32wl55xx_cm4.o
RTC_Alarm_IRQHandler                              build/startup_stm32wl55xx_cm4.o
RTC_WKUP_IRQHandler                               build/startup_stm32wl55xx_cm4.o
Reset_Handler                                     build/startup_stm32wl55xx_cm4.o
SPI1_IRQHandler                                   build/startup_stm32wl55xx_cm4.o
SPI2_IRQHandler                                   build/startup_stm32wl55xx_cm4.o
SUBGHZSPI_IRQHandler                              build/startup_stm32wl55xx_cm4.o
SUBGHZ_Radio_IRQHandler                           build/startup_stm32wl55xx_cm4.o
SVC_Handler                                       build/stm32wlxx_it.o
SysTick_Handler                                   build/stm32wlxx_it.o
SystemClock_Config                                build/main.o
SystemCoreClock                                   build/system_stm32wlxx.o
                                                  build/stm32wlxx_hal.o
                                                  build/stm32wlxx_hal_rcc.o
                                                  build/stm32wlxx_hal_pwr_ex.o
SystemCoreClockUpdate                             build/system_stm32wlxx.o
SystemInit                                        build/system_stm32wlxx.o
                                                  build/startup_stm32wl55xx_cm4.o
TAMP_STAMP_LSECSS_SSRU_IRQHandler                 build/startup_stm32wl55xx_cm4.o
TIM16_IRQHandler                                  build/startup_stm32wl55xx_cm4.o
TIM17_IRQHandler                                  build/startup_stm32wl55xx_cm4.o
TIM1_BRK_IRQHandler                               build/startup_stm32wl55xx_cm4.o
TIM1_CC_IRQHandler                                build/startup_stm32wl55xx_cm4.o
TIM1_TRG_COM_IRQHandler                           build/startup_stm32wl55xx_cm4.o
TIM1_UP_IRQHandler                                build/startup_stm32wl55xx_cm4.o
TIM2_IRQHandler                                   build/startup_stm32wl55xx_cm4.o
USART1_IRQHandler                                 build/startup_stm32wl55xx_cm4.o
USART2_IRQHandler                                 build/startup_stm32wl55xx_cm4.o
UsageFault_Handler                                build/stm32wlxx_it.o
WWDG_IRQHandler                                   build/startup_stm32wl55xx_cm4.o
_Min_Stack_Size                                   build/sysmem.o
__bss_end__                                       d:/zodhya projects/technical doccuments/stm32_vscode_make/tools/gcc-arm-none-eabi-10.3-2021.10/bin/../lib/gcc/arm-none-eabi/10.3.1/../../../../arm-none-eabi/lib/thumb/v7e-m/nofp/crt0.o
__bss_start__                                     d:/zodhya projects/technical doccuments/stm32_vscode_make/tools/gcc-arm-none-eabi-10.3-2021.10/bin/../lib/gcc/arm-none-eabi/10.3.1/../../../../arm-none-eabi/lib/thumb/v7e-m/nofp/crt0.o
__call_exitprocs                                  d:/zodhya projects/technical doccuments/stm32_vscode_make/tools/gcc-arm-none-eabi-10.3-2021.10/bin/../lib/gcc/arm-none-eabi/10.3.1/../../../../arm-none-eabi/lib/thumb/v7e-m/nofp\libc_nano.a(lib_a-exit.o)
__deregister_frame_info                           d:/zodhya projects/technical doccuments/stm32_vscode_make/tools/gcc-arm-none-eabi-10.3-2021.10/bin/../lib/gcc/arm-none-eabi/10.3.1/thumb/v7e-m/nofp/crtbegin.o
__dso_handle                                      d:/zodhya projects/technical doccuments/stm32_vscode_make/tools/gcc-arm-none-eabi-10.3-2021.10/bin/../lib/gcc/arm-none-eabi/10.3.1/thumb/v7e-m/nofp/crtbegin.o
__env                                             build/syscalls.o
__errno                                           d:/zodhya projects/technical doccuments/stm32_vscode_make/tools/gcc-arm-none-eabi-10.3-2021.10/bin/../lib/gcc/arm-none-eabi/10.3.1/../../../../arm-none-eabi/lib/thumb/v7e-m/nofp\libc_nano.a(lib_a-errno.o)
                                                  build/syscalls.o
                                                  build/sysmem.o
__init_array_end                                  d:/zodhya projects/technical doccuments/stm32_vscode_make/tools/gcc-arm-none-eabi-10.3-2021.10/bin/../lib/gcc/arm-none-eabi/10.3.1/../../../../arm-none-eabi/lib/thumb/v7e-m/nofp\libc_nano.a(lib_a-init.o)
__init_array_start                                d:/zodhya projects/technical doccuments/stm32_vscode_make/tools/gcc-arm-none-eabi-10.3-2021.10/bin/../lib/gcc/arm-none-eabi/10.3.1/../../../../arm-none-eabi/lib/thumb/v7e-m/nofp\libc_nano.a(lib_a-init.o)
__io_getchar                                      build/syscalls.o
__io_putchar                                      build/syscalls.o
__libc_fini_array                                 d:/zodhya projects/technical doccuments/stm32_vscode_make/tools/gcc-arm-none-eabi-10.3-2021.10/bin/../lib/gcc/arm-none-eabi/10.3.1/../../../../arm-none-eabi/lib/thumb/v7e-m/nofp/crt0.o
__libc_init_array                                 d:/zodhya projects/technical doccuments/stm32_vscode_make/tools/gcc-arm-none-eabi-10.3-2021.10/bin/../lib/gcc/arm-none-eabi/10.3.1/../../../../arm-none-eabi/lib/thumb/v7e-m/nofp\libc_nano.a(lib_a-init.o)
                                                  build/startup_stm32wl55xx_cm4.o
                                                  d:/zodhya projects/technical doccuments/stm32_vscode_make/tools/gcc-arm-none-eabi-10.3-2021.10/bin/../lib/gcc/arm-none-eabi/10.3.1/../../../../arm-none-eabi/lib/thumb/v7e-m/nofp/crt0.o
__preinit_array_end                               d:/zodhya projects/technical doccuments/stm32_vscode_make/tools/gcc-arm-none-eabi-10.3-2021.10/bin/../lib/gcc/arm-none-eabi/10.3.1/../../../../arm-none-eabi/lib/thumb/v7e-m/nofp\libc_nano.a(lib_a-init.o)
__preinit_array_start                             d:/zodhya projects/technical doccuments/stm32_vscode_make/tools/gcc-arm-none-eabi-10.3-2021.10/bin/../lib/gcc/arm-none-eabi/10.3.1/../../../../arm-none-eabi/lib/thumb/v7e-m/nofp\libc_nano.a(lib_a-init.o)
__register_frame_info                             d:/zodhya projects/technical doccuments/stm32_vscode_make/tools/gcc-arm-none-eabi-10.3-2021.10/bin/../lib/gcc/arm-none-eabi/10.3.1/thumb/v7e-m/nofp/crtbegin.o
__sf_fake_stderr                                  d:/zodhya projects/technical doccuments/stm32_vscode_make/tools/gcc-arm-none-eabi-10.3-2021.10/bin/../lib/gcc/arm-none-eabi/10.3.1/../../../../arm-none-eabi/lib/thumb/v7e-m/nofp\libc_nano.a(lib_a-impure.o)
__sf_fake_stdin                                   d:/zodhya projects/technical doccuments/stm32_vscode_make/tools/gcc-arm-none-eabi-10.3-2021.10/bin/../lib/gcc/arm-none-eabi/10.3.1/../../../../arm-none-eabi/lib/thumb/v7e-m/nofp\libc_nano.a(lib_a-impure.o)
__sf_fake_stdout                                  d:/zodhya projects/technical doccuments/stm32_vscode_make/tools/gcc-arm-none-eabi-10.3-2021.10/bin/../lib/gcc/arm-none-eabi/10.3.1/../../../../arm-none-eabi/lib/thumb/v7e-m/nofp\libc_nano.a(lib_a-impure.o)
__stack                                           d:/zodhya projects/technical doccuments/stm32_vscode_make/tools/gcc-arm-none-eabi-10.3-2021.10/bin/../lib/gcc/arm-none-eabi/10.3.1/../../../../arm-none-eabi/lib/thumb/v7e-m/nofp/crt0.o
_close                                            build/syscalls.o
_ebss                                             build/startup_stm32wl55xx_cm4.o
_edata                                            build/startup_stm32wl55xx_cm4.o
_end                                              build/sysmem.o
_estack                                           build/startup_stm32wl55xx_cm4.o
                                                  build/sysmem.o
_execve                                           build/syscalls.o
_exit                                             build/syscalls.o
                                                  d:/zodhya projects/technical doccuments/stm32_vscode_make/tools/gcc-arm-none-eabi-10.3-2021.10/bin/../lib/gcc/arm-none-eabi/10.3.1/../../../../arm-none-eabi/lib/thumb/v7e-m/nofp\libc_nano.a(lib_a-exit.o)
_fini                                             d:/zodhya projects/technical doccuments/stm32_vscode_make/tools/gcc-arm-none-eabi-10.3-2021.10/bin/../lib/gcc/arm-none-eabi/10.3.1/thumb/v7e-m/nofp/crti.o
_fork                                             build/syscalls.o
_fstat                                            build/syscalls.o
_getpid                                           build/syscalls.o
_global_impure_ptr                                d:/zodhya projects/technical doccuments/stm32_vscode_make/tools/gcc-arm-none-eabi-10.3-2021.10/bin/../lib/gcc/arm-none-eabi/10.3.1/../../../../arm-none-eabi/lib/thumb/v7e-m/nofp\libc_nano.a(lib_a-impure.o)
                                                  d:/zodhya projects/technical doccuments/stm32_vscode_make/tools/gcc-arm-none-eabi-10.3-2021.10/bin/../lib/gcc/arm-none-eabi/10.3.1/../../../../arm-none-eabi/lib/thumb/v7e-m/nofp\libc_nano.a(lib_a-exit.o)
_impure_ptr                                       d:/zodhya projects/technical doccuments/stm32_vscode_make/tools/gcc-arm-none-eabi-10.3-2021.10/bin/../lib/gcc/arm-none-eabi/10.3.1/../../../../arm-none-eabi/lib/thumb/v7e-m/nofp\libc_nano.a(lib_a-impure.o)
                                                  d:/zodhya projects/technical doccuments/stm32_vscode_make/tools/gcc-arm-none-eabi-10.3-2021.10/bin/../lib/gcc/arm-none-eabi/10.3.1/../../../../arm-none-eabi/lib/thumb/v7e-m/nofp\libc_nano.a(lib_a-errno.o)
_init                                             d:/zodhya projects/technical doccuments/stm32_vscode_make/tools/gcc-arm-none-eabi-10.3-2021.10/bin/../lib/gcc/arm-none-eabi/10.3.1/thumb/v7e-m/nofp/crti.o
                                                  d:/zodhya projects/technical doccuments/stm32_vscode_make/tools/gcc-arm-none-eabi-10.3-2021.10/bin/../lib/gcc/arm-none-eabi/10.3.1/../../../../arm-none-eabi/lib/thumb/v7e-m/nofp\libc_nano.a(lib_a-init.o)
_isatty                                           build/syscalls.o
_kill                                             build/syscalls.o
_link                                             build/syscalls.o
_lseek                                            build/syscalls.o
_mainCRTStartup                                   d:/zodhya projects/technical doccuments/stm32_vscode_make/tools/gcc-arm-none-eabi-10.3-2021.10/bin/../lib/gcc/arm-none-eabi/10.3.1/../../../../arm-none-eabi/lib/thumb/v7e-m/nofp/crt0.o
_open                                             build/syscalls.o
_read                                             build/syscalls.o
_sbrk                                             build/sysmem.o
_sbss                                             build/startup_stm32wl55xx_cm4.o
_sdata                                            build/startup_stm32wl55xx_cm4.o
_sidata                                           build/startup_stm32wl55xx_cm4.o
_stack_init                                       d:/zodhya projects/technical doccuments/stm32_vscode_make/tools/gcc-arm-none-eabi-10.3-2021.10/bin/../lib/gcc/arm-none-eabi/10.3.1/../../../../arm-none-eabi/lib/thumb/v7e-m/nofp/crt0.o
_start                                            d:/zodhya projects/technical doccuments/stm32_vscode_make/tools/gcc-arm-none-eabi-10.3-2021.10/bin/../lib/gcc/arm-none-eabi/10.3.1/../../../../arm-none-eabi/lib/thumb/v7e-m/nofp/crt0.o
_stat                                             build/syscalls.o
_times                                            build/syscalls.o
_unlink                                           build/syscalls.o
_wait                                             build/syscalls.o
_write                                            build/syscalls.o
atexit                                            d:/zodhya projects/technical doccuments/stm32_vscode_make/tools/gcc-arm-none-eabi-10.3-2021.10/bin/../lib/gcc/arm-none-eabi/10.3.1/../../../../arm-none-eabi/lib/thumb/v7e-m/nofp/crt0.o
environ                                           build/syscalls.o
exit                                              d:/zodhya projects/technical doccuments/stm32_vscode_make/tools/gcc-arm-none-eabi-10.3-2021.10/bin/../lib/gcc/arm-none-eabi/10.3.1/../../../../arm-none-eabi/lib/thumb/v7e-m/nofp\libc_nano.a(lib_a-exit.o)
                                                  d:/zodhya projects/technical doccuments/stm32_vscode_make/tools/gcc-arm-none-eabi-10.3-2021.10/bin/../lib/gcc/arm-none-eabi/10.3.1/../../../../arm-none-eabi/lib/thumb/v7e-m/nofp/crt0.o
g_pfnVectors                                      build/startup_stm32wl55xx_cm4.o
hardware_init_hook                                d:/zodhya projects/technical doccuments/stm32_vscode_make/tools/gcc-arm-none-eabi-10.3-2021.10/bin/../lib/gcc/arm-none-eabi/10.3.1/../../../../arm-none-eabi/lib/thumb/v7e-m/nofp/crt0.o
initialise_monitor_handles                        build/syscalls.o
main                                              build/main.o
                                                  build/startup_stm32wl55xx_cm4.o
                                                  d:/zodhya projects/technical doccuments/stm32_vscode_make/tools/gcc-arm-none-eabi-10.3-2021.10/bin/../lib/gcc/arm-none-eabi/10.3.1/../../../../arm-none-eabi/lib/thumb/v7e-m/nofp/crt0.o
memset                                            d:/zodhya projects/technical doccuments/stm32_vscode_make/tools/gcc-arm-none-eabi-10.3-2021.10/bin/../lib/gcc/arm-none-eabi/10.3.1/../../../../arm-none-eabi/lib/thumb/v7e-m/nofp\libc_nano.a(lib_a-memset.o)
                                                  build/main.o
                                                  d:/zodhya projects/technical doccuments/stm32_vscode_make/tools/gcc-arm-none-eabi-10.3-2021.10/bin/../lib/gcc/arm-none-eabi/10.3.1/../../../../arm-none-eabi/lib/thumb/v7e-m/nofp/crt0.o
pFlash                                            build/stm32wlxx_hal_flash.o
                                                  build/stm32wlxx_hal_flash_ex.o
software_init_hook                                d:/zodhya projects/technical doccuments/stm32_vscode_make/tools/gcc-arm-none-eabi-10.3-2021.10/bin/../lib/gcc/arm-none-eabi/10.3.1/../../../../arm-none-eabi/lib/thumb/v7e-m/nofp/crt0.o
uwTick                                            build/stm32wlxx_hal.o
uwTickFreq                                        build/stm32wlxx_hal.o
uwTickPrio                                        build/stm32wlxx_hal.o
                                                  build/stm32wlxx_hal_rcc.o
