Archive member included to satisfy reference by file (symbol)

d:/zodhya projects/technical doccuments/stm32_vscode_make/tools/gcc-arm-none-eabi-10.3-2021.10/bin/../lib/gcc/arm-none-eabi/10.3.1/../../../../arm-none-eabi/lib/thumb/v7e-m/nofp\libc_nano.a(lib_a-errno.o)
                              build/sysmem.o (__errno)
d:/zodhya projects/technical doccuments/stm32_vscode_make/tools/gcc-arm-none-eabi-10.3-2021.10/bin/../lib/gcc/arm-none-eabi/10.3.1/../../../../arm-none-eabi/lib/thumb/v7e-m/nofp\libc_nano.a(lib_a-exit.o)
                              d:/zodhya projects/technical doccuments/stm32_vscode_make/tools/gcc-arm-none-eabi-10.3-2021.10/bin/../lib/gcc/arm-none-eabi/10.3.1/../../../../arm-none-eabi/lib/thumb/v7e-m/nofp/crt0.o (exit)
d:/zodhya projects/technical doccuments/stm32_vscode_make/tools/gcc-arm-none-eabi-10.3-2021.10/bin/../lib/gcc/arm-none-eabi/10.3.1/../../../../arm-none-eabi/lib/thumb/v7e-m/nofp\libc_nano.a(lib_a-impure.o)
                              d:/zodhya projects/technical doccuments/stm32_vscode_make/tools/gcc-arm-none-eabi-10.3-2021.10/bin/../lib/gcc/arm-none-eabi/10.3.1/../../../../arm-none-eabi/lib/thumb/v7e-m/nofp\libc_nano.a(lib_a-exit.o) (_global_impure_ptr)
d:/zodhya projects/technical doccuments/stm32_vscode_make/tools/gcc-arm-none-eabi-10.3-2021.10/bin/../lib/gcc/arm-none-eabi/10.3.1/../../../../arm-none-eabi/lib/thumb/v7e-m/nofp\libc_nano.a(lib_a-init.o)
                              d:/zodhya projects/technical doccuments/stm32_vscode_make/tools/gcc-arm-none-eabi-10.3-2021.10/bin/../lib/gcc/arm-none-eabi/10.3.1/../../../../arm-none-eabi/lib/thumb/v7e-m/nofp/crt0.o (__libc_init_array)
d:/zodhya projects/technical doccuments/stm32_vscode_make/tools/gcc-arm-none-eabi-10.3-2021.10/bin/../lib/gcc/arm-none-eabi/10.3.1/../../../../arm-none-eabi/lib/thumb/v7e-m/nofp\libc_nano.a(lib_a-memcpy-stub.o)
                              build/queue.o (memcpy)
d:/zodhya projects/technical doccuments/stm32_vscode_make/tools/gcc-arm-none-eabi-10.3-2021.10/bin/../lib/gcc/arm-none-eabi/10.3.1/../../../../arm-none-eabi/lib/thumb/v7e-m/nofp\libc_nano.a(lib_a-memset.o)
                              d:/zodhya projects/technical doccuments/stm32_vscode_make/tools/gcc-arm-none-eabi-10.3-2021.10/bin/../lib/gcc/arm-none-eabi/10.3.1/../../../../arm-none-eabi/lib/thumb/v7e-m/nofp/crt0.o (memset)
d:/zodhya projects/technical doccuments/stm32_vscode_make/tools/gcc-arm-none-eabi-10.3-2021.10/bin/../lib/gcc/arm-none-eabi/10.3.1/../../../../arm-none-eabi/lib/thumb/v7e-m/nofp\libc_nano.a(lib_a-printf.o)
                              build/main.o (printf)
d:/zodhya projects/technical doccuments/stm32_vscode_make/tools/gcc-arm-none-eabi-10.3-2021.10/bin/../lib/gcc/arm-none-eabi/10.3.1/../../../../arm-none-eabi/lib/thumb/v7e-m/nofp\libc_nano.a(lib_a-puts.o)
                              build/main.o (puts)
d:/zodhya projects/technical doccuments/stm32_vscode_make/tools/gcc-arm-none-eabi-10.3-2021.10/bin/../lib/gcc/arm-none-eabi/10.3.1/../../../../arm-none-eabi/lib/thumb/v7e-m/nofp\libc_nano.a(lib_a-strlen.o)
                              build/tasks.o (strlen)
d:/zodhya projects/technical doccuments/stm32_vscode_make/tools/gcc-arm-none-eabi-10.3-2021.10/bin/../lib/gcc/arm-none-eabi/10.3.1/../../../../arm-none-eabi/lib/thumb/v7e-m/nofp\libc_nano.a(lib_a-wbuf.o)
                              d:/zodhya projects/technical doccuments/stm32_vscode_make/tools/gcc-arm-none-eabi-10.3-2021.10/bin/../lib/gcc/arm-none-eabi/10.3.1/../../../../arm-none-eabi/lib/thumb/v7e-m/nofp\libc_nano.a(lib_a-puts.o) (__swbuf_r)
d:/zodhya projects/technical doccuments/stm32_vscode_make/tools/gcc-arm-none-eabi-10.3-2021.10/bin/../lib/gcc/arm-none-eabi/10.3.1/../../../../arm-none-eabi/lib/thumb/v7e-m/nofp\libc_nano.a(lib_a-wsetup.o)
                              d:/zodhya projects/technical doccuments/stm32_vscode_make/tools/gcc-arm-none-eabi-10.3-2021.10/bin/../lib/gcc/arm-none-eabi/10.3.1/../../../../arm-none-eabi/lib/thumb/v7e-m/nofp\libc_nano.a(lib_a-puts.o) (__swsetup_r)
d:/zodhya projects/technical doccuments/stm32_vscode_make/tools/gcc-arm-none-eabi-10.3-2021.10/bin/../lib/gcc/arm-none-eabi/10.3.1/../../../../arm-none-eabi/lib/thumb/v7e-m/nofp\libc_nano.a(lib_a-fflush.o)
                              d:/zodhya projects/technical doccuments/stm32_vscode_make/tools/gcc-arm-none-eabi-10.3-2021.10/bin/../lib/gcc/arm-none-eabi/10.3.1/../../../../arm-none-eabi/lib/thumb/v7e-m/nofp\libc_nano.a(lib_a-wbuf.o) (_fflush_r)
d:/zodhya projects/technical doccuments/stm32_vscode_make/tools/gcc-arm-none-eabi-10.3-2021.10/bin/../lib/gcc/arm-none-eabi/10.3.1/../../../../arm-none-eabi/lib/thumb/v7e-m/nofp\libc_nano.a(lib_a-findfp.o)
                              d:/zodhya projects/technical doccuments/stm32_vscode_make/tools/gcc-arm-none-eabi-10.3-2021.10/bin/../lib/gcc/arm-none-eabi/10.3.1/../../../../arm-none-eabi/lib/thumb/v7e-m/nofp\libc_nano.a(lib_a-printf.o) (__sinit)
[...]
Memory Configuration

Name             Origin             Length             Attributes
ROM              0x08000000         0x00040000         xr
RAM1             0x20000000         0x00008000         xrw
RAM2             0x20008000         0x00008000         xrw
*default*        0x00000000         0xffffffff

Linker script and memory map

LOAD d:/zodhya projects/technical doccuments/stm32_vscode_make/tools/gcc-arm-none-eabi-10.3-2021.10/bin/../lib/gcc/arm-none-eabi/10.3.1/thumb/v7e-m/nofp/crti.o
LOAD d:/zodhya projects/technical doccuments/stm32_vscode_make/tools/gcc-arm-none-eabi-10.3-2021.10/bin/../lib/gcc/arm-none-eabi/10.3.1/thumb/v7e-m/nofp/crtbegin.o
LOAD d:/zodhya projects/technical doccuments/stm32_vscode_make/tools/gcc-arm-none-eabi-10.3-2021.10/bin/../lib/gcc/arm-none-eabi/10.3.1/../../../../arm-none-eabi/lib/thumb/v7e-m/nofp/crt0.o
LOAD build/main.o
LOAD build/app_freertos.o
LOAD build/stm32wlxx_it.o
LOAD build/stm32wlxx_hal_msp.o
LOAD build/stm32wlxx_hal_timebase_tim.o
LOAD build/stm32wlxx_hal_rcc.o
LOAD build/stm32wlxx_hal_rcc_ex.o
LOAD build/stm32wlxx_hal_flash.o
LOAD build/stm32wlxx_hal_flash_ex.o
LOAD build/stm32wlxx_hal_gpio.o
LOAD build/stm32wlxx_hal_dma.o
LOAD build/stm32wlxx_hal_dma_ex.o
LOAD build/stm32wlxx_hal_pwr.o
LOAD build/stm32wlxx_hal_pwr_ex.o
LOAD build/stm32wlxx_hal_cortex.o
LOAD build/stm32wlxx_hal.o
LOAD build/stm32wlxx_hal_exti.o
LOAD build/stm32wlxx_hal_tim.o
LOAD build/stm32wlxx_hal_tim_ex.o
LOAD build/system_stm32wlxx.o
LOAD build/croutine.o
LOAD build/event_groups.o
LOAD build/list.o
LOAD build/queue.o
LOAD build/stream_buffer.o
LOAD build/tasks.o
LOAD build/timers.o
LOAD build/cmsis_os2.o
LOAD build/heap_4.o
LOAD build/port.o
LOAD build/sysmem.o
LOAD build/syscalls.o
LOAD build/cmsis_os2_error_handler.o
LOAD build/cmsis_os2_threads.o
LOAD build/startup_stm32wl55xx_cm4.o
LOAD d:/zodhya projects/technical doccuments/stm32_vscode_make/tools/gcc-arm-none-eabi-10.3-2021.10/bin/../lib/gcc/arm-none-eabi/10.3.1/../../../../arm-none-eabi/lib/thumb/v7e-m/nofp\libc_nano.a
LOAD d:/zodhya projects/technical doccuments/stm32_vscode_make/tools/gcc-arm-none-eabi-10.3-2021.10/bin/../lib/gcc/arm-none-eabi/10.3.1/../../../../arm-none-eabi/lib/thumb/v7e-m/nofp\libm.a
LOAD d:/zodhya projects/technical doccuments/stm32_vscode_make/tools/gcc-arm-none-eabi-10.3-2021.10/bin/../lib/gcc/arm-none-eabi/10.3.1/../../../../arm-none-eabi/lib/thumb/v7e-m/nofp\libnosys.a
START GROUP
LOAD d:/zodhya projects/technical doccuments/stm32_vscode_make/tools/gcc-arm-none-eabi-10.3-2021.10/bin/../lib/gcc/arm-none-eabi/10.3.1/thumb/v7e-m/nofp\libgcc.a
LOAD d:/zodhya projects/technical doccuments/stm32_vscode_make/tools/gcc-arm-none-eabi-10.3-2021.10/bin/../lib/gcc/arm-none-eabi/10.3.1/../../../../arm-none-eabi/lib/thumb/v7e-m/nofp\libc_nano.a
END GROUP
START GROUP
LOAD d:/zodhya projects/technical doccuments/stm32_vscode_make/tools/gcc-arm-none-eabi-10.3-2021.10/bin/../lib/gcc/arm-none-eabi/10.3.1/thumb/v7e-m/nofp\libgcc.a
LOAD d:/zodhya projects/technical doccuments/stm32_vscode_make/tools/gcc-arm-none-eabi-10.3-2021.10/bin/../lib/gcc/arm-none-eabi/10.3.1/../../../../arm-none-eabi/lib/thumb/v7e-m/nofp\libc_nano.a
END GROUP
LOAD d:/zodhya projects/technical doccuments/stm32_vscode_make/tools/gcc-arm-none-eabi-10.3-2021.10/bin/../lib/gcc/arm-none-eabi/10.3.1/thumb/v7e-m/nofp/crtend.o
LOAD d:/zodhya projects/technical doccuments/stm32_vscode_make/tools/gcc-arm-none-eabi-10.3-2021.10/bin/../lib/gcc/arm-none-eabi/10.3.1/thumb/v7e-m/nofp/crtn.o
                0x20008000                _estack = (ORIGIN (RAM1) + LENGTH (RAM1))
                0x00000200                _Min_Heap_Size = 0x200
                0x00000400                _Min_Stack_Size = 0x400

.isr_vector     0x08000000      0x138
                0x08000000                . = ALIGN (0x8)
 *(.isr_vector)
 .isr_vector    0x08000000      0x138 build/startup_stm32wl55xx_cm4.o
                0x08000000                g_pfnVectors
                0x08000138                . = ALIGN (0x8)

.text           0x08000140     0x4a08
                0x08000140                . = ALIGN (0x8)
 *(.text)
 .text          0x08000140       0x40 d:/zodhya projects/technical doccuments/stm32_vscode_make/tools/gcc-arm-none-eabi-10.3-2021.10/bin/../lib/gcc/arm-none-eabi/10.3.1/thumb/v7e-m/nofp/crtbegin.o
 .text          0x08000180       0xa0 d:/zodhya projects/technical doccuments/stm32_vscode_make/tools/gcc-arm-none-eabi-10.3-2021.10/bin/../lib/gcc/arm-none-eabi/10.3.1/../../../../arm-none-eabi/lib/thumb/v7e-m/nofp\libc_nano.a(lib_a-memchr.o)
                0x08000180                memchr
 *(.text*)
 .text.MX_GPIO_Init
                0x08000220       0x80 build/main.o
 .text.SystemClock_Config
                0x080002a0       0x7c build/main.o
                0x080002a0                SystemClock_Config
 .text.main     0x0800031c       0xa8 build/main.o
                0x0800031c                main
 .text.HAL_TIM_PeriodElapsedCallback
                0x080003c4       0x18 build/main.o
                0x080003c4                HAL_TIM_PeriodElapsedCallback
 .text.NMI_Handler
                0x080003dc        0x2 build/stm32wlxx_it.o
                0x080003dc                NMI_Handler
 .text.HardFault_Handler
                0x080003de        0x2 build/stm32wlxx_it.o
                0x080003de                HardFault_Handler
 .text.MemManage_Handler
                0x080003e0        0x2 build/stm32wlxx_it.o
                0x080003e0                MemManage_Handler
 .text.BusFault_Handler
                0x080003e2        0x2 build/stm32wlxx_it.o
                0x080003e2                BusFault_Handler
 .text.UsageFault_Handler
                0x080003e4        0x2 build/stm32wlxx_it.o
                0x080003e4                UsageFault_Handler
 .text.DebugMon_Handler
                0x080003e6        0x2 build/stm32wlxx_it.o
                0x080003e6                DebugMon_Handler
 .text.TIM17_IRQHandler
                0x080003e8       0x10 build/stm32wlxx_it.o
                0x080003e8                TIM17_IRQHandler
 .text.HAL_MspInit
                0x080003f8       0x10 build/stm32wlxx_hal_msp.o
                0x080003f8                HAL_MspInit
 .text.HAL_InitTick
                0x08000408       0x90 build/stm32wlxx_hal_timebase_tim.o
                0x08000408                HAL_InitTick
 .text.RCC_SetFlashLatency
                0x08000498       0xbc build/stm32wlxx_hal_rcc.o
 .text.RCC_SetFlashLatencyFromMSIRange
                0x08000554       0x44 build/stm32wlxx_hal_rcc.o
 .text.HAL_RCC_GetSysClockFreq
                0x08000598      0x110 build/stm32wlxx_hal_rcc.o
                0x08000598                HAL_RCC_GetSysClockFreq
 .text.HAL_RCC_GetHCLKFreq
                0x080006a8       0x20 build/stm32wlxx_hal_rcc.o
                0x080006a8                HAL_RCC_GetHCLKFreq
 .text.HAL_RCC_OscConfig
                0x080006c8      0x664 build/stm32wlxx_hal_rcc.o
                0x080006c8                HAL_RCC_OscConfig
 .text.HAL_RCC_ClockConfig
                0x08000d2c      0x268 build/stm32wlxx_hal_rcc.o
                0x08000d2c                HAL_RCC_ClockConfig
 .text.HAL_RCC_GetPCLK2Freq
                0x08000f94       0x20 build/stm32wlxx_hal_rcc.o
                0x08000f94                HAL_RCC_GetPCLK2Freq
 .text.HAL_RCC_GetClockConfig
                0x08000fb4       0x54 build/stm32wlxx_hal_rcc.o
                0x08000fb4                HAL_RCC_GetClockConfig
 .text.HAL_GPIO_Init
                0x08001008      0x1a4 build/stm32wlxx_hal_gpio.o
                0x08001008                HAL_GPIO_Init
 .text.HAL_GPIO_TogglePin
                0x080011ac       0x12 build/stm32wlxx_hal_gpio.o
                0x080011ac                HAL_GPIO_TogglePin
 *fill*         0x080011be        0x2 
 .text.HAL_PWR_EnableBkUpAccess
                0x080011c0       0x10 build/stm32wlxx_hal_pwr.o
                0x080011c0                HAL_PWR_EnableBkUpAccess
 .text.HAL_PWREx_GetVoltageRange
                0x080011d0       0x10 build/stm32wlxx_hal_pwr_ex.o
                0x080011d0                HAL_PWREx_GetVoltageRange
 .text.HAL_NVIC_SetPriorityGrouping
                0x080011e0       0x24 build/stm32wlxx_hal_cortex.o
                0x080011e0                HAL_NVIC_SetPriorityGrouping
 .text.HAL_NVIC_SetPriority
                0x08001204       0x70 build/stm32wlxx_hal_cortex.o
                0x08001204                HAL_NVIC_SetPriority
 .text.HAL_NVIC_EnableIRQ
                0x08001274       0x1c build/stm32wlxx_hal_cortex.o
                0x08001274                HAL_NVIC_EnableIRQ
 .text.HAL_Init
                0x08001290       0x2c build/stm32wlxx_hal.o
                0x08001290                HAL_Init
 .text.HAL_IncTick
                0x080012bc       0x18 build/stm32wlxx_hal.o
                0x080012bc                HAL_IncTick
 .text.HAL_GetTick
                0x080012d4        0xc build/stm32wlxx_hal.o
                0x080012d4                HAL_GetTick
 .text.HAL_TIM_Base_MspInit
                0x080012e0        0x2 build/stm32wlxx_hal_tim.o
                0x080012e0                HAL_TIM_Base_MspInit
 *fill*         0x080012e2        0x2 
 .text.HAL_TIM_Base_Start_IT
                0x080012e4       0x64 build/stm32wlxx_hal_tim.o
                0x080012e4                HAL_TIM_Base_Start_IT
 .text.HAL_TIM_OC_DelayElapsedCallback
                0x08001348        0x2 build/stm32wlxx_hal_tim.o
                0x08001348                HAL_TIM_OC_DelayElapsedCallback
 .text.HAL_TIM_IC_CaptureCallback
                0x0800134a        0x2 build/stm32wlxx_hal_tim.o
                0x0800134a                HAL_TIM_IC_CaptureCallback
 .text.HAL_TIM_PWM_PulseFinishedCallback
                0x0800134c        0x2 build/stm32wlxx_hal_tim.o
                0x0800134c                HAL_TIM_PWM_PulseFinishedCallback
 .text.HAL_TIM_TriggerCallback
                0x0800134e        0x2 build/stm32wlxx_hal_tim.o
                0x0800134e                HAL_TIM_TriggerCallback
 .text.HAL_TIM_IRQHandler
                0x08001350      0x19a build/stm32wlxx_hal_tim.o
                0x08001350                HAL_TIM_IRQHandler
 *fill*         0x080014ea        0x2 
 .text.TIM_Base_SetConfig
                0x080014ec       0x70 build/stm32wlxx_hal_tim.o
                0x080014ec                TIM_Base_SetConfig
 .text.HAL_TIM_Base_Init
                0x0800155c       0x60 build/stm32wlxx_hal_tim.o
                0x0800155c                HAL_TIM_Base_Init
 .text.HAL_TIMEx_CommutCallback
                0x080015bc        0x2 build/stm32wlxx_hal_tim_ex.o
                0x080015bc                HAL_TIMEx_CommutCallback
 .text.HAL_TIMEx_BreakCallback
                0x080015be        0x2 build/stm32wlxx_hal_tim_ex.o
                0x080015be                HAL_TIMEx_BreakCallback
 .text.HAL_TIMEx_Break2Callback
                0x080015c0        0x2 build/stm32wlxx_hal_tim_ex.o
                0x080015c0                HAL_TIMEx_Break2Callback
 .text.SystemInit
                0x080015c2        0x2 build/system_stm32wlxx.o
                0x080015c2                SystemInit
 .text.vListInitialise
                0x080015c4       0x16 build/list.o
                0x080015c4                vListInitialise
 .text.vListInitialiseItem
                0x080015da        0x6 build/list.o
                0x080015da                vListInitialiseItem
 .text.vListInsertEnd
                0x080015e0       0x16 build/list.o
                0x080015e0                vListInsertEnd
 .text.vListInsert
                0x080015f6       0x32 build/list.o
                0x080015f6                vListInsert
 .text.uxListRemove
                0x08001628       0x26 build/list.o
                0x08001628                uxListRemove
 .text.prvIsQueueFull
                0x0800164e       0x1e build/queue.o
 .text.prvIsQueueEmpty
                0x0800166c       0x1a build/queue.o
 .text.prvCopyDataToQueue
                0x08001686       0x76 build/queue.o
 .text.prvCopyDataFromQueue
                0x080016fc       0x24 build/queue.o
 .text.prvUnlockQueue
                0x08001720       0x6e build/queue.o
 .text.xQueueGenericReset
                0x0800178e       0x84 build/queue.o
                0x0800178e                xQueueGenericReset
 .text.prvInitialiseNewQueue
                0x08001812       0x22 build/queue.o
 .text.xQueueGenericCreateStatic
                0x08001834       0x94 build/queue.o
                0x08001834                xQueueGenericCreateStatic
 .text.xQueueGenericSend
                0x080018c8      0x188 build/queue.o
                0x080018c8                xQueueGenericSend
 .text.xQueueGenericSendFromISR
                0x08001a50       0xcc build/queue.o
                0x08001a50                xQueueGenericSendFromISR
 .text.xQueueReceive
                0x08001b1c      0x15e build/queue.o
                0x08001b1c                xQueueReceive
 *fill*         0x08001c7a        0x2 
 .text.vQueueAddToRegistry
                0x08001c7c       0x28 build/queue.o
                0x08001c7c                vQueueAddToRegistry
 .text.vQueueWaitForMessageRestricted
                0x08001ca4       0x52 build/queue.o
                0x08001ca4                vQueueWaitForMessageRestricted
 *fill*         0x08001cf6        0x2 
 .text.prvResetNextTaskUnblockTime
                0x08001cf8       0x2c build/tasks.o
 .text.prvInitialiseNewTask
                0x08001d24       0xa6 build/tasks.o
 *fill*         0x08001dca        0x2 
 .text.prvInitialiseTaskLists
                0x08001dcc       0x68 build/tasks.o
 .text.prvAddNewTaskToReadyList
                0x08001e34       0xac build/tasks.o
 .text.prvDeleteTCB
                0x08001ee0       0x38 build/tasks.o
 .text.prvCheckTasksWaitingTermination
                0x08001f18       0x4c build/tasks.o
 .text.prvIdleTask
                0x08001f64       0x28 build/tasks.o
 .text.prvAddCurrentTaskToDelayedList
                0x08001f8c       0x7c build/tasks.o
 .text.xTaskCreateStatic
                0x08002008       0x76 build/tasks.o
                0x08002008                xTaskCreateStatic
 .text.xTaskCreate
                0x0800207e       0x68 build/tasks.o
                0x0800207e                xTaskCreate
 *fill*         0x080020e6        0x2 
 .text.vTaskStartScheduler
                0x080020e8       0x9c build/tasks.o
                0x080020e8                vTaskStartScheduler
 .text.vTaskSuspendAll
                0x08002184       0x10 build/tasks.o
                0x08002184                vTaskSuspendAll
 .text.xTaskGetTickCount
                0x08002194        0xc build/tasks.o
                0x08002194                xTaskGetTickCount
 .text.xTaskGetTickCountFromISR
                0x080021a0       0x10 build/tasks.o
                0x080021a0                xTaskGetTickCountFromISR
 .text.xTaskIncrementTick
                0x080021b0      0x118 build/tasks.o
                0x080021b0                xTaskIncrementTick
 .text.xTaskResumeAll
                0x080022c8       0xf8 build/tasks.o
                0x080022c8                xTaskResumeAll
 .text.vTaskDelayUntil
                0x080023c0       0xa4 build/tasks.o
                0x080023c0                vTaskDelayUntil
 .text.vTaskSwitchContext
                0x08002464       0x94 build/tasks.o
                0x08002464                vTaskSwitchContext
 .text.vTaskPlaceOnEventList
                0x080024f8       0x30 build/tasks.o
                0x080024f8                vTaskPlaceOnEventList
 .text.vTaskPlaceOnEventListRestricted
                0x08002528       0x38 build/tasks.o
                0x08002528                vTaskPlaceOnEventListRestricted
 .text.xTaskRemoveFromEventList
                0x08002560       0x8c build/tasks.o
                0x08002560                xTaskRemoveFromEventList
 .text.vTaskInternalSetTimeOutState
                0x080025ec       0x18 build/tasks.o
                0x080025ec                vTaskInternalSetTimeOutState
 .text.xTaskCheckForTimeOut
                0x08002604       0x84 build/tasks.o
                0x08002604                xTaskCheckForTimeOut
 .text.vTaskMissedYield
                0x08002688        0xc build/tasks.o
                0x08002688                vTaskMissedYield
 .text.xTaskGetSchedulerState
                0x08002694       0x20 build/tasks.o
                0x08002694                xTaskGetSchedulerState
 .text.xTaskPriorityDisinherit
                0x080026b4       0x90 build/tasks.o
                0x080026b4                xTaskPriorityDisinherit
 .text.xTaskNotifyWait
                0x08002744       0x98 build/tasks.o
                0x08002744                xTaskNotifyWait
 .text.xTaskGenericNotify
                0x080027dc      0x100 build/tasks.o
                0x080027dc                xTaskGenericNotify
 .text.xTaskGenericNotifyFromISR
                0x080028dc      0x134 build/tasks.o
                0x080028dc                xTaskGenericNotifyFromISR
 .text.prvGetNextExpireTime
                0x08002a10       0x20 build/timers.o
 .text.prvInsertTimerInActiveList
                0x08002a30       0x48 build/timers.o
 .text.prvCheckForValidListAndQueue
                0x08002a78       0x70 build/timers.o
 .text.xTimerCreateTimerTask
                0x08002ae8       0x64 build/timers.o
                0x08002ae8                xTimerCreateTimerTask
 .text.xTimerGenericCommand
                0x08002b4c       0x6c build/timers.o
                0x08002b4c                xTimerGenericCommand
 .text.prvSwitchTimerLists
                0x08002bb8       0x7c build/timers.o
 .text.prvSampleTimeNow
                0x08002c34       0x2c build/timers.o
 .text.prvProcessExpiredTimer
                0x08002c60       0x6c build/timers.o
 .text.prvProcessTimerOrBlockTask
                0x08002ccc       0x74 build/timers.o
 .text.prvProcessReceivedCommands
                0x08002d40      0x10c build/timers.o
 .text.prvTimerTask
                0x08002e4c       0x16 build/timers.o
 *fill*         0x08002e62        0x2 
 .text.osKernelInitialize
                0x08002e64       0x3c build/cmsis_os2.o
                0x08002e64                osKernelInitialize
 .text.osKernelGetInfo
                0x08002ea0       0x2c build/cmsis_os2.o
                0x08002ea0                osKernelGetInfo
 .text.osKernelGetState
                0x08002ecc       0x24 build/cmsis_os2.o
                0x08002ecc                osKernelGetState
 .text.osKernelStart
                0x08002ef0       0x48 build/cmsis_os2.o
                0x08002ef0                osKernelStart
 .text.osKernelGetTickCount
                0x08002f38       0x2c build/cmsis_os2.o
                0x08002f38                osKernelGetTickCount
 .text.osKernelGetTickFreq
                0x08002f64        0x6 build/cmsis_os2.o
                0x08002f64                osKernelGetTickFreq
 *fill*         0x08002f6a        0x2 
 .text.osKernelGetSysTimerFreq
                0x08002f6c        0xc build/cmsis_os2.o
                0x08002f6c                osKernelGetSysTimerFreq
 .text.osThreadNew
                0x08002f78       0xd8 build/cmsis_os2.o
                0x08002f78                osThreadNew
 .text.osThreadFlagsSet
                0x08003050       0x90 build/cmsis_os2.o
                0x08003050                osThreadFlagsSet
 .text.osThreadFlagsWait
                0x080030e0       0xcc build/cmsis_os2.o
                0x080030e0                osThreadFlagsWait
 .text.osDelayUntil
                0x080031ac       0x50 build/cmsis_os2.o
                0x080031ac                osDelayUntil
 .text.vApplicationGetIdleTaskMemory
                0x080031fc       0x18 build/cmsis_os2.o
                0x080031fc                vApplicationGetIdleTaskMemory
 .text.vApplicationGetTimerTaskMemory
                0x08003214       0x18 build/cmsis_os2.o
                0x08003214                vApplicationGetTimerTaskMemory
 .text.prvHeapInit
                0x0800322c       0x68 build/heap_4.o
 .text.prvInsertBlockIntoFreeList
                0x08003294       0x60 build/heap_4.o
 .text.pvPortMalloc
                0x080032f4       0xf0 build/heap_4.o
                0x080032f4                pvPortMalloc
 .text.vPortFree
                0x080033e4       0x70 build/heap_4.o
                0x080033e4                vPortFree
 .text.prvTaskExitError
                0x08003454       0x40 build/port.o
 .text.prvPortStartFirstTask
                0x08003494       0x20 build/port.o
 .text.pxPortInitialiseStack
                0x080034b4       0x24 build/port.o
                0x080034b4                pxPortInitialiseStack
 *fill*         0x080034d8        0x8 
 .text.SVC_Handler
                0x080034e0       0x24 build/port.o
                0x080034e0                SVC_Handler
 .text.vPortEnterCritical
                0x08003504       0x44 build/port.o
                0x08003504                vPortEnterCritical
 .text.vPortExitCritical
                0x08003548       0x2c build/port.o
                0x08003548                vPortExitCritical
 *fill*         0x08003574        0xc 
 .text.PendSV_Handler
                0x08003580       0x44 build/port.o
                0x08003580                PendSV_Handler
 .text.SysTick_Handler
                0x080035c4       0x2c build/port.o
                0x080035c4                SysTick_Handler
 .text.vPortSetupTimerInterrupt
                0x080035f0       0x28 build/port.o
                0x080035f0                vPortSetupTimerInterrupt
 .text.xPortStartScheduler
                0x08003618       0xc0 build/port.o
                0x08003618                xPortStartScheduler
 .text.vPortValidateInterruptPriority
                0x080036d8       0x5c build/port.o
                0x080036d8                vPortValidateInterruptPriority
 .text._sbrk    0x08003734       0x48 build/sysmem.o
                0x08003734                _sbrk
 .text.ITM_SendChar
                0x0800377c       0x34 build/syscalls.o
                0x0800377c                ITM_SendChar
 .text._read    0x080037b0       0x20 build/syscalls.o
                0x080037b0                _read
 .text._write   0x080037d0       0x1c build/syscalls.o
                0x080037d0                _write
 .text._close   0x080037ec        0x6 build/syscalls.o
                0x080037ec                _close
 .text._fstat   0x080037f2        0xa build/syscalls.o
                0x080037f2                _fstat
 .text._isatty  0x080037fc        0x4 build/syscalls.o
                0x080037fc                _isatty
 .text._lseek   0x08003800        0x4 build/syscalls.o
                0x08003800                _lseek
 .text.Error_Handler
                0x08003804        0x4 build/cmsis_os2_error_handler.o
                0x08003804                Error_Handler
 .text.OS2ConfigAssert
                0x08003808       0x88 build/cmsis_os2_error_handler.o
                0x08003808                OS2ConfigAssert
 .text.fnOS2ThreadSynchSender1
                0x08003890       0x9c build/cmsis_os2_threads.o
                0x08003890                fnOS2ThreadSynchSender1
 .text.fnOS2ThreadSynchSender2
                0x0800392c       0x64 build/cmsis_os2_threads.o
                0x0800392c                fnOS2ThreadSynchSender2
 .text.fnOS2ThreadSynchReceiver
                0x08003990       0x60 build/cmsis_os2_threads.o
                0x08003990                fnOS2ThreadSynchReceiver
 .text.fnConfigAndCreateThreads
                0x080039f0       0x70 build/cmsis_os2_threads.o
                0x080039f0                fnConfigAndCreateThreads
 .text.Reset_Handler
                0x08003a60       0x50 build/startup_stm32wl55xx_cm4.o
                0x08003a60                Reset_Handler
 .text.Default_Handler
                0x08003ab0        0x2 build/startup_stm32wl55xx_cm4.o
                0x08003ab0                RTC_Alarm_IRQHandler
                0x08003ab0                EXTI2_IRQHandler
                0x08003ab0                TIM1_CC_IRQHandler
                0x08003ab0                EXTI3_IRQHandler
                0x08003ab0                LPTIM2_IRQHandler
                0x08003ab0                I2C3_ER_IRQHandler
                0x08003ab0                LPTIM3_IRQHandler
                0x08003ab0                EXTI0_IRQHandler
                0x08003ab0                I2C2_EV_IRQHandler
                0x08003ab0                TAMP_STAMP_LSECSS_SSRU_IRQHandler
                0x08003ab0                SPI1_IRQHandler
                0x08003ab0                DMA2_Channel2_IRQHandler
                0x08003ab0                DMA1_Channel4_IRQHandler
                0x08003ab0                PKA_IRQHandler
                0x08003ab0                DMA1_Channel7_IRQHandler
                0x08003ab0                SUBGHZSPI_IRQHandler
                0x08003ab0                IPCC_C1_TX_IRQHandler
                0x08003ab0                DMA2_Channel1_IRQHandler
                0x08003ab0                I2C1_EV_IRQHandler
                0x08003ab0                SUBGHZ_Radio_IRQHandler
                0x08003ab0                DMAMUX1_OVR_IRQHandler
                0x08003ab0                DMA1_Channel6_IRQHandler
                0x08003ab0                TIM16_IRQHandler
                0x08003ab0                DMA2_Channel4_IRQHandler
                0x08003ab0                RCC_IRQHandler
                0x08003ab0                TIM1_TRG_COM_IRQHandler
                0x08003ab0                DMA1_Channel1_IRQHandler
                0x08003ab0                Default_Handler
                0x08003ab0                DMA2_Channel7_IRQHandler
                0x08003ab0                EXTI15_10_IRQHandler
                0x08003ab0                IPCC_C1_RX_IRQHandler
                0x08003ab0                ADC_IRQHandler
                0x08003ab0                C2SEV_PWR_C2H_IRQHandler
                0x08003ab0                I2C3_EV_IRQHandler
                0x08003ab0                EXTI9_5_IRQHandler
                0x08003ab0                RTC_WKUP_IRQHandler
                0x08003ab0                PVD_PVM_IRQHandler
                0x08003ab0                SPI2_IRQHandler
                0x08003ab0                DMA2_Channel5_IRQHandler
                0x08003ab0                DMA1_Channel5_IRQHandler
                0x08003ab0                EXTI4_IRQHandler
                0x08003ab0                RNG_IRQHandler
                0x08003ab0                DMA1_Channel3_IRQHandler
                0x08003ab0                COMP_IRQHandler
                0x08003ab0                HSEM_IRQHandler
                0x08003ab0                TIM1_UP_IRQHandler
                0x08003ab0                WWDG_IRQHandler
                0x08003ab0                LPUART1_IRQHandler
                0x08003ab0                DMA2_Channel6_IRQHandler
                0x08003ab0                TIM2_IRQHandler
                0x08003ab0                TIM1_BRK_IRQHandler
                0x08003ab0                DAC_IRQHandler
                0x08003ab0                EXTI1_IRQHandler
                0x08003ab0                AES_IRQHandler
                0x08003ab0                USART2_IRQHandler
                0x08003ab0                I2C2_ER_IRQHandler
                0x08003ab0                DMA1_Channel2_IRQHandler
                0x08003ab0                FLASH_IRQHandler
                0x08003ab0                USART1_IRQHandler
                0x08003ab0                I2C1_ER_IRQHandler
                0x08003ab0                LPTIM1_IRQHandler
                0x08003ab0                DMA2_Channel3_IRQHandler
 *fill*         0x08003ab2        0x2 
 .text.__errno  0x08003ab4        0xc d:/zodhya projects/technical doccuments/stm32_vscode_make/tools/gcc-arm-none-eabi-10.3-2021.10/bin/../lib/gcc/arm-none-eabi/10.3.1/../../../../arm-none-eabi/lib/thumb/v7e-m/nofp\libc_nano.a(lib_a-errno.o)
                0x08003ab4                __errno
 .text.__libc_init_array
                0x08003ac0       0x48 d:/zodhya projects/technical doccuments/stm32_vscode_make/tools/gcc-arm-none-eabi-10.3-2021.10/bin/../lib/gcc/arm-none-eabi/10.3.1/../../../../arm-none-eabi/lib/thumb/v7e-m/nofp\libc_nano.a(lib_a-init.o)
                0x08003ac0                __libc_init_array
 .text.memcpy   0x08003b08       0x1c d:/zodhya projects/technical doccuments/stm32_vscode_make/tools/gcc-arm-none-eabi-10.3-2021.10/bin/../lib/gcc/arm-none-eabi/10.3.1/../../../../arm-none-eabi/lib/thumb/v7e-m/nofp\libc_nano.a(lib_a-memcpy-stub.o)
                0x08003b08                memcpy
 .text.memset   0x08003b24       0x10 d:/zodhya projects/technical doccuments/stm32_vscode_make/tools/gcc-arm-none-eabi-10.3-2021.10/bin/../lib/gcc/arm-none-eabi/10.3.1/../../../../arm-none-eabi/lib/thumb/v7e-m/nofp\libc_nano.a(lib_a-memset.o)
                0x08003b24                memset
 .text.printf   0x08003b34       0x30 d:/zodhya projects/technical doccuments/stm32_vscode_make/tools/gcc-arm-none-eabi-10.3-2021.10/bin/../lib/gcc/arm-none-eabi/10.3.1/../../../../arm-none-eabi/lib/thumb/v7e-m/nofp\libc_nano.a(lib_a-printf.o)
                0x08003b34                iprintf
                0x08003b34                printf
 .text._puts_r  0x08003b64       0xdc d:/zodhya projects/technical doccuments/stm32_vscode_make/tools/gcc-arm-none-eabi-10.3-2021.10/bin/../lib/gcc/arm-none-eabi/10.3.1/../../../../arm-none-eabi/lib/thumb/v7e-m/nofp\libc_nano.a(lib_a-puts.o)
                0x08003b64                _puts_r
 .text.puts     0x08003c40       0x10 d:/zodhya projects/technical doccuments/stm32_vscode_make/tools/gcc-arm-none-eabi-10.3-2021.10/bin/../lib/gcc/arm-none-eabi/10.3.1/../../../../arm-none-eabi/lib/thumb/v7e-m/nofp\libc_nano.a(lib_a-puts.o)
                0x08003c40                puts
 .text.__swbuf_r
                0x08003c50       0xa4 d:/zodhya projects/technical doccuments/stm32_vscode_make/tools/gcc-arm-none-eabi-10.3-2021.10/bin/../lib/gcc/arm-none-eabi/10.3.1/../../../../arm-none-eabi/lib/thumb/v7e-m/nofp\libc_nano.a(lib_a-wbuf.o)
                0x08003c50                __swbuf_r
 .text.__swsetup_r
                0x08003cf4       0xdc d:/zodhya projects/technical doccuments/stm32_vscode_make/tools/gcc-arm-none-eabi-10.3-2021.10/bin/../lib/gcc/arm-none-eabi/10.3.1/../../../../arm-none-eabi/lib/thumb/v7e-m/nofp\libc_nano.a(lib_a-wsetup.o)
                0x08003cf4                __swsetup_r
 .text.__sflush_r
                0x08003dd0      0x104 d:/zodhya projects/technical doccuments/stm32_vscode_make/tools/gcc-arm-none-eabi-10.3-2021.10/bin/../lib/gcc/arm-none-eabi/10.3.1/../../../../arm-none-eabi/lib/thumb/v7e-m/nofp\libc_nano.a(lib_a-fflush.o)
                0x08003dd0                __sflush_r
 .text._fflush_r
                0x08003ed4       0x78 d:/zodhya projects/technical doccuments/stm32_vscode_make/tools/gcc-arm-none-eabi-10.3-2021.10/bin/../lib/gcc/arm-none-eabi/10.3.1/../../../../arm-none-eabi/lib/thumb/v7e-m/nofp\libc_nano.a(lib_a-fflush.o)
                0x08003ed4                _fflush_r
 .text.std      0x08003f4c       0x48 d:/zodhya projects/technical doccuments/stm32_vscode_make/tools/gcc-arm-none-eabi-10.3-2021.10/bin/../lib/gcc/arm-none-eabi/10.3.1/../../../../arm-none-eabi/lib/thumb/v7e-m/nofp\libc_nano.a(lib_a-findfp.o)
 .text._cleanup_r
                0x08003f94        0xc d:/zodhya projects/technical doccuments/stm32_vscode_make/tools/gcc-arm-none-eabi-10.3-2021.10/bin/../lib/gcc/arm-none-eabi/10.3.1/../../../../arm-none-eabi/lib/thumb/v7e-m/nofp\libc_nano.a(lib_a-findfp.o)
                0x08003f94                _cleanup_r
 .text.__sfmoreglue
                0x08003fa0       0x2c d:/zodhya projects/technical doccuments/stm32_vscode_make/tools/gcc-arm-none-eabi-10.3-2021.10/bin/../lib/gcc/arm-none-eabi/10.3.1/../../../../arm-none-eabi/lib/thumb/v7e-m/nofp\libc_nano.a(lib_a-findfp.o)
                0x08003fa0                __sfmoreglue
 .text.__sfp_lock_acquire
                0x08003fcc        0xc d:/zodhya projects/technical doccuments/stm32_vscode_make/tools/gcc-arm-none-eabi-10.3-2021.10/bin/../lib/gcc/arm-none-eabi/10.3.1/../../../../arm-none-eabi/lib/thumb/v7e-m/nofp\libc_nano.a(lib_a-findfp.o)
                0x08003fcc                __sfp_lock_acquire
 .text.__sfp_lock_release
                0x08003fd8        0xc d:/zodhya projects/technical doccuments/stm32_vscode_make/tools/gcc-arm-none-eabi-10.3-2021.10/bin/../lib/gcc/arm-none-eabi/10.3.1/../../../../arm-none-eabi/lib/thumb/v7e-m/nofp\libc_nano.a(lib_a-findfp.o)
                0x08003fd8                __sfp_lock_release
 .text.__sinit_lock_acquire
                0x08003fe4        0xc d:/zodhya projects/technical doccuments/stm32_vscode_make/tools/gcc-arm-none-eabi-10.3-2021.10/bin/../lib/gcc/arm-none-eabi/10.3.1/../../../../arm-none-eabi/lib/thumb/v7e-m/nofp\libc_nano.a(lib_a-findfp.o)
                0x08003fe4                __sinit_lock_acquire
 .text.__sinit_lock_release
                0x08003ff0        0xc d:/zodhya projects/technical doccuments/stm32_vscode_make/tools/gcc-arm-none-eabi-10.3-2021.10/bin/../lib/gcc/arm-none-eabi/10.3.1/../../../../arm-none-eabi/lib/thumb/v7e-m/nofp\libc_nano.a(lib_a-findfp.o)
                0x08003ff0                __sinit_lock_release
 .text.__sinit  0x08003ffc       0x70 d:/zodhya projects/technical doccuments/stm32_vscode_make/tools/gcc-arm-none-eabi-10.3-2021.10/bin/../lib/gcc/arm-none-eabi/10.3.1/../../../../arm-none-eabi/lib/thumb/v7e-m/nofp\libc_nano.a(lib_a-findfp.o)
                0x08003ffc                __sinit
 .text.__sfp    0x0800406c       0x8c d:/zodhya projects/technical doccuments/stm32_vscode_make/tools/gcc-arm-none-eabi-10.3-2021.10/bin/../lib/gcc/arm-none-eabi/10.3.1/../../../../arm-none-eabi/lib/thumb/v7e-m/nofp\libc_nano.a(lib_a-findfp.o)
                0x0800406c                __sfp
 .text._fwalk_reent
                0x080040f8       0x3e d:/zodhya projects/technical doccuments/stm32_vscode_make/tools/gcc-arm-none-eabi-10.3-2021.10/bin/../lib/gcc/arm-none-eabi/10.3.1/../../../../arm-none-eabi/lib/thumb/v7e-m/nofp\libc_nano.a(lib_a-fwalk.o)
                0x080040f8                _fwalk_reent
 .text.__retarget_lock_init_recursive
                0x08004136        0x2 d:/zodhya projects/technical doccuments/stm32_vscode_make/tools/gcc-arm-none-eabi-10.3-2021.10/bin/../lib/gcc/arm-none-eabi/10.3.1/../../../../arm-none-eabi/lib/thumb/v7e-m/nofp\libc_nano.a(lib_a-lock.o)
                0x08004136                __retarget_lock_init_recursive
 .text.__retarget_lock_acquire_recursive
                0x08004138        0x2 d:/zodhya projects/technical doccuments/stm32_vscode_make/tools/gcc-arm-none-eabi-10.3-2021.10/bin/../lib/gcc/arm-none-eabi/10.3.1/../../../../arm-none-eabi/lib/thumb/v7e-m/nofp\libc_nano.a(lib_a-lock.o)
                0x08004138                __retarget_lock_acquire_recursive
 .text.__retarget_lock_release_recursive
                0x0800413a        0x2 d:/zodhya projects/technical doccuments/stm32_vscode_make/tools/gcc-arm-none-eabi-10.3-2021.10/bin/../lib/gcc/arm-none-eabi/10.3.1/../../../../arm-none-eabi/lib/thumb/v7e-m/nofp\libc_nano.a(lib_a-lock.o)
                0x0800413a                __retarget_lock_release_recursive
 .text.__swhatbuf_r
                0x0800413c       0x4a d:/zodhya projects/technical doccuments/stm32_vscode_make/tools/gcc-arm-none-eabi-10.3-2021.10/bin/../lib/gcc/arm-none-eabi/10.3.1/../../../../arm-none-eabi/lib/thumb/v7e-m/nofp\libc_nano.a(lib_a-makebuf.o)
                0x0800413c                __swhatbuf_r
 *fill*         0x08004186        0x2 
 .text.__smakebuf_r
                0x08004188       0x80 d:/zodhya projects/technical doccuments/stm32_vscode_make/tools/gcc-arm-none-eabi-10.3-2021.10/bin/../lib/gcc/arm-none-eabi/10.3.1/../../../../arm-none-eabi/lib/thumb/v7e-m/nofp\libc_nano.a(lib_a-makebuf.o)
                0x08004188                __smakebuf_r
 .text._free_r  0x08004208       0x94 d:/zodhya projects/technical doccuments/stm32_vscode_make/tools/gcc-arm-none-eabi-10.3-2021.10/bin/../lib/gcc/arm-none-eabi/10.3.1/../../../../arm-none-eabi/lib/thumb/v7e-m/nofp\libc_nano.a(lib_a-nano-freer.o)
                0x08004208                _free_r
 .text.sbrk_aligned
                0x0800429c       0x40 d:/zodhya projects/technical doccuments/stm32_vscode_make/tools/gcc-arm-none-eabi-10.3-2021.10/bin/../lib/gcc/arm-none-eabi/10.3.1/../../../../arm-none-eabi/lib/thumb/v7e-m/nofp\libc_nano.a(lib_a-nano-mallocr.o)
 .text._malloc_r
                0x080042dc       0xe8 d:/zodhya projects/technical doccuments/stm32_vscode_make/tools/gcc-arm-none-eabi-10.3-2021.10/bin/../lib/gcc/arm-none-eabi/10.3.1/../../../../arm-none-eabi/lib/thumb/v7e-m/nofp\libc_nano.a(lib_a-nano-mallocr.o)
                0x080042dc                _malloc_r
 .text.__sfputc_r
                0x080043c4       0x2a d:/zodhya projects/technical doccuments/stm32_vscode_make/tools/gcc-arm-none-eabi-10.3-2021.10/bin/../lib/gcc/arm-none-eabi/10.3.1/../../../../arm-none-eabi/lib/thumb/v7e-m/nofp\libc_nano.a(lib_a-nano-vfprintf.o)
 .text.__sfputs_r
                0x080043ee       0x24 d:/zodhya projects/technical doccuments/stm32_vscode_make/tools/gcc-arm-none-eabi-10.3-2021.10/bin/../lib/gcc/arm-none-eabi/10.3.1/../../../../arm-none-eabi/lib/thumb/v7e-m/nofp\libc_nano.a(lib_a-nano-vfprintf.o)
                0x080043ee                __sfputs_r
 *fill*         0x08004412        0x2 
 .text._vfprintf_r
                0x08004414      0x260 d:/zodhya projects/technical doccuments/stm32_vscode_make/tools/gcc-arm-none-eabi-10.3-2021.10/bin/../lib/gcc/arm-none-eabi/10.3.1/../../../../arm-none-eabi/lib/thumb/v7e-m/nofp\libc_nano.a(lib_a-nano-vfprintf.o)
                0x08004414                _vfprintf_r
                0x08004414                _vfiprintf_r
 .text._printf_common
                0x08004674       0xda d:/zodhya projects/technical doccuments/stm32_vscode_make/tools/gcc-arm-none-eabi-10.3-2021.10/bin/../lib/gcc/arm-none-eabi/10.3.1/../../../../arm-none-eabi/lib/thumb/v7e-m/nofp\libc_nano.a(lib_a-nano-vfprintf_i.o)
                0x08004674                _printf_common
 *fill*         0x0800474e        0x2 
 .text._printf_i
                0x08004750      0x24c d:/zodhya projects/technical doccuments/stm32_vscode_make/tools/gcc-arm-none-eabi-10.3-2021.10/bin/../lib/gcc/arm-none-eabi/10.3.1/../../../../arm-none-eabi/lib/thumb/v7e-m/nofp\libc_nano.a(lib_a-nano-vfprintf_i.o)
                0x08004750                _printf_i
 .text._sbrk_r  0x0800499c       0x20 d:/zodhya projects/technical doccuments/stm32_vscode_make/tools/gcc-arm-none-eabi-10.3-2021.10/bin/../lib/gcc/arm-none-eabi/10.3.1/../../../../arm-none-eabi/lib/thumb/v7e-m/nofp\libc_nano.a(lib_a-sbrkr.o)
                0x0800499c                _sbrk_r
 .text.__sread  0x080049bc       0x22 d:/zodhya projects/technical doccuments/stm32_vscode_make/tools/gcc-arm-none-eabi-10.3-2021.10/bin/../lib/gcc/arm-none-eabi/10.3.1/../../../../arm-none-eabi/lib/thumb/v7e-m/nofp\libc_nano.a(lib_a-stdio.o)
                0x080049bc                __sread
 .text.__swrite
                0x080049de       0x38 d:/zodhya projects/technical doccuments/stm32_vscode_make/tools/gcc-arm-none-eabi-10.3-2021.10/bin/../lib/gcc/arm-none-eabi/10.3.1/../../../../arm-none-eabi/lib/thumb/v7e-m/nofp\libc_nano.a(lib_a-stdio.o)
                0x080049de                __swrite
 .text.__sseek  0x08004a16       0x24 d:/zodhya projects/technical doccuments/stm32_vscode_make/tools/gcc-arm-none-eabi-10.3-2021.10/bin/../lib/gcc/arm-none-eabi/10.3.1/../../../../arm-none-eabi/lib/thumb/v7e-m/nofp\libc_nano.a(lib_a-stdio.o)
                0x08004a16                __sseek
 .text.__sclose
                0x08004a3a        0x8 d:/zodhya projects/technical doccuments/stm32_vscode_make/tools/gcc-arm-none-eabi-10.3-2021.10/bin/../lib/gcc/arm-none-eabi/10.3.1/../../../../arm-none-eabi/lib/thumb/v7e-m/nofp\libc_nano.a(lib_a-stdio.o)
                0x08004a3a                __sclose
 *fill*         0x08004a42        0x2 
 .text._write_r
                0x08004a44       0x24 d:/zodhya projects/technical doccuments/stm32_vscode_make/tools/gcc-arm-none-eabi-10.3-2021.10/bin/../lib/gcc/arm-none-eabi/10.3.1/../../../../arm-none-eabi/lib/thumb/v7e-m/nofp\libc_nano.a(lib_a-writer.o)
                0x08004a44                _write_r
 .text._close_r
                0x08004a68       0x20 d:/zodhya projects/technical doccuments/stm32_vscode_make/tools/gcc-arm-none-eabi-10.3-2021.10/bin/../lib/gcc/arm-none-eabi/10.3.1/../../../../arm-none-eabi/lib/thumb/v7e-m/nofp\libc_nano.a(lib_a-closer.o)
                0x08004a68                _close_r
 .text._fstat_r
                0x08004a88       0x24 d:/zodhya projects/technical doccuments/stm32_vscode_make/tools/gcc-arm-none-eabi-10.3-2021.10/bin/../lib/gcc/arm-none-eabi/10.3.1/../../../../arm-none-eabi/lib/thumb/v7e-m/nofp\libc_nano.a(lib_a-fstatr.o)
                0x08004a88                _fstat_r
 .text._isatty_r
                0x08004aac       0x20 d:/zodhya projects/technical doccuments/stm32_vscode_make/tools/gcc-arm-none-eabi-10.3-2021.10/bin/../lib/gcc/arm-none-eabi/10.3.1/../../../../arm-none-eabi/lib/thumb/v7e-m/nofp\libc_nano.a(lib_a-isattyr.o)
                0x08004aac                _isatty_r
 .text._lseek_r
                0x08004acc       0x24 d:/zodhya projects/technical doccuments/stm32_vscode_make/tools/gcc-arm-none-eabi-10.3-2021.10/bin/../lib/gcc/arm-none-eabi/10.3.1/../../../../arm-none-eabi/lib/thumb/v7e-m/nofp\libc_nano.a(lib_a-lseekr.o)
                0x08004acc                _lseek_r
 .text.__malloc_lock
                0x08004af0        0xc d:/zodhya projects/technical doccuments/stm32_vscode_make/tools/gcc-arm-none-eabi-10.3-2021.10/bin/../lib/gcc/arm-none-eabi/10.3.1/../../../../arm-none-eabi/lib/thumb/v7e-m/nofp\libc_nano.a(lib_a-mlock.o)
                0x08004af0                __malloc_lock
 .text.__malloc_unlock
                0x08004afc        0xc d:/zodhya projects/technical doccuments/stm32_vscode_make/tools/gcc-arm-none-eabi-10.3-2021.10/bin/../lib/gcc/arm-none-eabi/10.3.1/../../../../arm-none-eabi/lib/thumb/v7e-m/nofp\libc_nano.a(lib_a-mlock.o)
                0x08004afc                __malloc_unlock
 .text._read_r  0x08004b08       0x24 d:/zodhya projects/technical doccuments/stm32_vscode_make/tools/gcc-arm-none-eabi-10.3-2021.10/bin/../lib/gcc/arm-none-eabi/10.3.1/../../../../arm-none-eabi/lib/thumb/v7e-m/nofp\libc_nano.a(lib_a-readr.o)
                0x08004b08                _read_r
 *(.glue_7)
 .glue_7        0x08004b2c        0x0 linker stubs
 *(.glue_7t)
 .glue_7t       0x08004b2c        0x0 linker stubs
 *(.eh_frame)
 .eh_frame      0x08004b2c        0x0 d:/zodhya projects/technical doccuments/stm32_vscode_make/tools/gcc-arm-none-eabi-10.3-2021.10/bin/../lib/gcc/arm-none-eabi/10.3.1/thumb/v7e-m/nofp/crtbegin.o
 *(.init)
 .init          0x08004b2c        0x4 d:/zodhya projects/technical doccuments/stm32_vscode_make/tools/gcc-arm-none-eabi-10.3-2021.10/bin/../lib/gcc/arm-none-eabi/10.3.1/thumb/v7e-m/nofp/crti.o
                0x08004b2c                _init
 .init          0x08004b30        0x8 d:/zodhya projects/technical doccuments/stm32_vscode_make/tools/gcc-arm-none-eabi-10.3-2021.10/bin/../lib/gcc/arm-none-eabi/10.3.1/thumb/v7e-m/nofp/crtn.o
 *(.fini)
 .fini          0x08004b38        0x4 d:/zodhya projects/technical doccuments/stm32_vscode_make/tools/gcc-arm-none-eabi-10.3-2021.10/bin/../lib/gcc/arm-none-eabi/10.3.1/thumb/v7e-m/nofp/crti.o
                0x08004b38                _fini
 .fini          0x08004b3c        0x8 d:/zodhya projects/technical doccuments/stm32_vscode_make/tools/gcc-arm-none-eabi-10.3-2021.10/bin/../lib/gcc/arm-none-eabi/10.3.1/thumb/v7e-m/nofp/crtn.o
                0x08004b48                . = ALIGN (0x8)
 *fill*         0x08004b44        0x4 
                0x08004b48                _etext = .

.vfp11_veneer   0x08004b48        0x0
 .vfp11_veneer  0x08004b48        0x0 linker stubs

.v4_bx          0x08004b48        0x0
 .v4_bx         0x08004b48        0x0 linker stubs

.iplt           0x08004b48        0x0
 .iplt          0x08004b48        0x0 d:/zodhya projects/technical doccuments/stm32_vscode_make/tools/gcc-arm-none-eabi-10.3-2021.10/bin/../lib/gcc/arm-none-eabi/10.3.1/thumb/v7e-m/nofp/crtbegin.o

.rodata         0x08004b48      0x690
                0x08004b48                . = ALIGN (0x8)
 *(.rodata)
 .rodata        0x08004b48       0x1c build/stm32wlxx_hal_rcc.o
 *(.rodata*)
 .rodata.main.str1.4
                0x08004b64      0x101 build/main.o
 *fill*         0x08004c65        0x3 
 .rodata.AHBPrescTable
                0x08004c68       0x40 build/system_stm32wlxx.o
                0x08004c68                AHBPrescTable
 .rodata.APBPrescTable
                0x08004ca8       0x20 build/system_stm32wlxx.o
                0x08004ca8                APBPrescTable
 .rodata.MSIRangeTable
                0x08004cc8       0x40 build/system_stm32wlxx.o
                0x08004cc8                MSIRangeTable
 .rodata.vTaskStartScheduler.str1.4
                0x08004d08        0x5 build/tasks.o
 *fill*         0x08004d0d        0x3 
 .rodata.prvCheckForValidListAndQueue.str1.4
                0x08004d10        0x5 build/timers.o
 *fill*         0x08004d15        0x3 
 .rodata.xTimerCreateTimerTask.str1.4
                0x08004d18        0x8 build/timers.o
 .rodata.osKernelGetInfo.str1.4
                0x08004d20       0x11 build/cmsis_os2.o
 *fill*         0x08004d31        0x3 
 .rodata.OS2ConfigAssert.str1.4
                0x08004d34      0x1b4 build/cmsis_os2_error_handler.o
 .rodata.fnOS2ThreadSynchSender1.str1.4
                0x08004ee8       0xe7 build/cmsis_os2_threads.o
 *fill*         0x08004fcf        0x1 
 .rodata.fnOS2ThreadSynchSender2.str1.4
                0x08004fd0       0x44 build/cmsis_os2_threads.o
 .rodata.fnOS2ThreadSynchReceiver.str1.4
                0x08005014       0x7d build/cmsis_os2_threads.o
 *fill*         0x08005091        0x3 
 .rodata.str1.4
                0x08005094       0x3b build/cmsis_os2_threads.o
 *fill*         0x080050cf        0x1 
 .rodata.OS2SynchReceiverAttr
                0x080050d0       0x24 build/cmsis_os2_threads.o
                0x080050d0                OS2SynchReceiverAttr
 .rodata.OS2SynchSender1Attr
                0x080050f4       0x24 build/cmsis_os2_threads.o
                0x080050f4                OS2SynchSender1Attr
 .rodata.OS2SynchSender2Attr
                0x08005118       0x24 build/cmsis_os2_threads.o
                0x08005118                OS2SynchSender2Attr
 .rodata._global_impure_ptr
                0x0800513c        0x4 d:/zodhya projects/technical doccuments/stm32_vscode_make/tools/gcc-arm-none-eabi-10.3-2021.10/bin/../lib/gcc/arm-none-eabi/10.3.1/../../../../arm-none-eabi/lib/thumb/v7e-m/nofp\libc_nano.a(lib_a-impure.o)
                0x0800513c                _global_impure_ptr
 .rodata.__sf_fake_stderr
                0x08005140       0x20 d:/zodhya projects/technical doccuments/stm32_vscode_make/tools/gcc-arm-none-eabi-10.3-2021.10/bin/../lib/gcc/arm-none-eabi/10.3.1/../../../../arm-none-eabi/lib/thumb/v7e-m/nofp\libc_nano.a(lib_a-findfp.o)
                0x08005140                __sf_fake_stderr
 .rodata.__sf_fake_stdin
                0x08005160       0x20 d:/zodhya projects/technical doccuments/stm32_vscode_make/tools/gcc-arm-none-eabi-10.3-2021.10/bin/../lib/gcc/arm-none-eabi/10.3.1/../../../../arm-none-eabi/lib/thumb/v7e-m/nofp\libc_nano.a(lib_a-findfp.o)
                0x08005160                __sf_fake_stdin
 .rodata.__sf_fake_stdout
                0x08005180       0x20 d:/zodhya projects/technical doccuments/stm32_vscode_make/tools/gcc-arm-none-eabi-10.3-2021.10/bin/../lib/gcc/arm-none-eabi/10.3.1/../../../../arm-none-eabi/lib/thumb/v7e-m/nofp\libc_nano.a(lib_a-findfp.o)
                0x08005180                __sf_fake_stdout
 .rodata._vfprintf_r.str1.1
                0x080051a0       0x11 d:/zodhya projects/technical doccuments/stm32_vscode_make/tools/gcc-arm-none-eabi-10.3-2021.10/bin/../lib/gcc/arm-none-eabi/10.3.1/../../../../arm-none-eabi/lib/thumb/v7e-m/nofp\libc_nano.a(lib_a-nano-vfprintf.o)
 .rodata._printf_i.str1.1
                0x080051b1       0x22 d:/zodhya projects/technical doccuments/stm32_vscode_make/tools/gcc-arm-none-eabi-10.3-2021.10/bin/../lib/gcc/arm-none-eabi/10.3.1/../../../../arm-none-eabi/lib/thumb/v7e-m/nofp\libc_nano.a(lib_a-nano-vfprintf_i.o)
                0x080051d8                . = ALIGN (0x8)
 *fill*         0x080051d3        0x5 

.rel.dyn        0x080051d8        0x0
 .rel.iplt      0x080051d8        0x0 d:/zodhya projects/technical doccuments/stm32_vscode_make/tools/gcc-arm-none-eabi-10.3-2021.10/bin/../lib/gcc/arm-none-eabi/10.3.1/thumb/v7e-m/nofp/crtbegin.o

.ARM.extab      0x080051d8        0x0
                0x080051d8                . = ALIGN (0x8)
 *(.ARM.extab* .gnu.linkonce.armextab.*)
                0x080051d8                . = ALIGN (0x8)

.ARM            0x080051d8        0x0
                0x080051d8                . = ALIGN (0x8)
                0x080051d8                __exidx_start = .
 *(.ARM.exidx*)
                0x080051d8                __exidx_end = .
                0x080051d8                . = ALIGN (0x8)

.preinit_array  0x080051d8        0x0
                0x080051d8                . = ALIGN (0x8)
                0x080051d8                PROVIDE (__preinit_array_start = .)
 *(.preinit_array*)
                0x080051d8                PROVIDE (__preinit_array_end = .)
                0x080051d8                . = ALIGN (0x8)

.init_array     0x080051d8        0x8
                0x080051d8                . = ALIGN (0x8)
                0x080051d8                PROVIDE (__init_array_start = .)
 *(SORT_BY_NAME(.init_array.*))
 *(.init_array*)
 .init_array    0x080051d8        0x4 d:/zodhya projects/technical doccuments/stm32_vscode_make/tools/gcc-arm-none-eabi-10.3-2021.10/bin/../lib/gcc/arm-none-eabi/10.3.1/thumb/v7e-m/nofp/crtbegin.o
                0x080051dc                PROVIDE (__init_array_end = .)
                0x080051e0                . = ALIGN (0x8)
 *fill*         0x080051dc        0x4 

.fini_array     0x080051e0        0x8
                0x080051e0                . = ALIGN (0x8)
                [!provide]                PROVIDE (__fini_array_start = .)
 *(SORT_BY_NAME(.fini_array.*))
 *(.fini_array*)
 .fini_array    0x080051e0        0x4 d:/zodhya projects/technical doccuments/stm32_vscode_make/tools/gcc-arm-none-eabi-10.3-2021.10/bin/../lib/gcc/arm-none-eabi/10.3.1/thumb/v7e-m/nofp/crtbegin.o
                [!provide]                PROVIDE (__fini_array_end = .)
                0x080051e8                . = ALIGN (0x8)
 *fill*         0x080051e4        0x4 
                0x080051e8                _sidata = LOADADDR (.data)

.data           0x20000000       0x78 load address 0x080051e8
                0x20000000                . = ALIGN (0x8)
                0x20000000                _sdata = .
 *(.data)
 *(.data*)
 .data.uwTickFreq
                0x20000000        0x1 build/stm32wlxx_hal.o
                0x20000000                uwTickFreq
 *fill*         0x20000001        0x3 
 .data.uwTickPrio
                0x20000004        0x4 build/stm32wlxx_hal.o
                0x20000004                uwTickPrio
 .data.SystemCoreClock
                0x20000008        0x4 build/system_stm32wlxx.o
                0x20000008                SystemCoreClock
 .data.uxCriticalNesting
                0x2000000c        0x4 build/port.o
 .data._impure_ptr
                0x20000010        0x4 d:/zodhya projects/technical doccuments/stm32_vscode_make/tools/gcc-arm-none-eabi-10.3-2021.10/bin/../lib/gcc/arm-none-eabi/10.3.1/../../../../arm-none-eabi/lib/thumb/v7e-m/nofp\libc_nano.a(lib_a-impure.o)
                0x20000010                _impure_ptr
 .data.impure_data
                0x20000014       0x60 d:/zodhya projects/technical doccuments/stm32_vscode_make/tools/gcc-arm-none-eabi-10.3-2021.10/bin/../lib/gcc/arm-none-eabi/10.3.1/../../../../arm-none-eabi/lib/thumb/v7e-m/nofp\libc_nano.a(lib_a-impure.o)
                0x20000078                . = ALIGN (0x8)
 *fill*         0x20000074        0x4 
                0x20000078                _edata = .

.igot.plt       0x20000078        0x0 load address 0x08005260
 .igot.plt      0x20000078        0x0 d:/zodhya projects/technical doccuments/stm32_vscode_make/tools/gcc-arm-none-eabi-10.3-2021.10/bin/../lib/gcc/arm-none-eabi/10.3.1/thumb/v7e-m/nofp/crtbegin.o
                0x20000078                . = ALIGN (0x8)

.bss            0x20000078     0x48f8 load address 0x08005260
                0x20000078                _sbss = .
                0x20000078                __bss_start__ = _sbss
 *(.bss)
 .bss           0x20000078       0x1c d:/zodhya projects/technical doccuments/stm32_vscode_make/tools/gcc-arm-none-eabi-10.3-2021.10/bin/../lib/gcc/arm-none-eabi/10.3.1/thumb/v7e-m/nofp/crtbegin.o
 *(.bss*)
 .bss.KernelState
                0x20000094        0x4 build/main.o
                0x20000094                KernelState
 .bss.u32KernelSystemTimer
                0x20000098        0x4 build/main.o
                0x20000098                u32KernelSystemTimer
 .bss.u32KernelTickFrequency
                0x2000009c        0x4 build/main.o
                0x2000009c                u32KernelTickFrequency
 .bss.htim17    0x200000a0       0x4c build/stm32wlxx_hal_timebase_tim.o
                0x200000a0                htim17
 .bss.uwTick    0x200000ec        0x4 build/stm32wlxx_hal.o
                0x200000ec                uwTick
 .bss.xQueueRegistry
                0x200000f0       0x40 build/queue.o
                0x200000f0                xQueueRegistry
 .bss.pxCurrentTCB
                0x20000130        0x4 build/tasks.o
                0x20000130                pxCurrentTCB
 .bss.pxDelayedTaskList
                0x20000134        0x4 build/tasks.o
 .bss.pxOverflowDelayedTaskList
                0x20000138        0x4 build/tasks.o
 .bss.pxReadyTasksLists
                0x2000013c      0x460 build/tasks.o
 .bss.uxCurrentNumberOfTasks
                0x2000059c        0x4 build/tasks.o
 .bss.uxDeletedTasksWaitingCleanUp
                0x200005a0        0x4 build/tasks.o
 .bss.uxPendedTicks
                0x200005a4        0x4 build/tasks.o
 .bss.uxSchedulerSuspended
                0x200005a8        0x4 build/tasks.o
 .bss.uxTaskNumber
                0x200005ac        0x4 build/tasks.o
 .bss.uxTopReadyPriority
                0x200005b0        0x4 build/tasks.o
 .bss.xDelayedTaskList1
                0x200005b4       0x14 build/tasks.o
 .bss.xDelayedTaskList2
                0x200005c8       0x14 build/tasks.o
 .bss.xIdleTaskHandle
                0x200005dc        0x4 build/tasks.o
 .bss.xNextTaskUnblockTime
                0x200005e0        0x4 build/tasks.o
 .bss.xNumOfOverflows
                0x200005e4        0x4 build/tasks.o
 .bss.xPendingReadyList
                0x200005e8       0x14 build/tasks.o
 .bss.xSchedulerRunning
                0x200005fc        0x4 build/tasks.o
 .bss.xSuspendedTaskList
                0x20000600       0x14 build/tasks.o
 .bss.xTasksWaitingTermination
                0x20000614       0x14 build/tasks.o
 .bss.xTickCount
                0x20000628        0x4 build/tasks.o
 .bss.xYieldPending
                0x2000062c        0x4 build/tasks.o
 .bss.pxCurrentTimerList
                0x20000630        0x4 build/timers.o
 .bss.pxOverflowTimerList
                0x20000634        0x4 build/timers.o
 .bss.ucStaticTimerQueueStorage.1
                0x20000638       0xa0 build/timers.o
 .bss.xActiveTimerList1
                0x200006d8       0x14 build/timers.o
 .bss.xActiveTimerList2
                0x200006ec       0x14 build/timers.o
 .bss.xLastTime.2
                0x20000700        0x4 build/timers.o
 .bss.xStaticTimerQueue.0
                0x20000704       0x50 build/timers.o
 .bss.xTimerQueue
                0x20000754        0x4 build/timers.o
 .bss.xTimerTaskHandle
                0x20000758        0x4 build/timers.o
 .bss.Idle_Stack
                0x2000075c      0x200 build/cmsis_os2.o
 .bss.Idle_TCB  0x2000095c       0x5c build/cmsis_os2.o
 .bss.KernelState
                0x200009b8        0x4 build/cmsis_os2.o
 .bss.Timer_Stack
                0x200009bc      0x400 build/cmsis_os2.o
 .bss.Timer_TCB
                0x20000dbc       0x5c build/cmsis_os2.o
 .bss.pxEnd     0x20000e18        0x4 build/heap_4.o
 .bss.ucHeap    0x20000e1c     0x3a98 build/heap_4.o
 .bss.xBlockAllocatedBit
                0x200048b4        0x4 build/heap_4.o
 .bss.xFreeBytesRemaining
                0x200048b8        0x4 build/heap_4.o
 .bss.xMinimumEverFreeBytesRemaining
                0x200048bc        0x4 build/heap_4.o
 .bss.xStart    0x200048c0        0x8 build/heap_4.o
 .bss.ucMaxSysCallPriority
                0x200048c8        0x1 build/port.o
 *fill*         0x200048c9        0x3 
 .bss.ulMaxPRIGROUPValue
                0x200048cc        0x4 build/port.o
 .bss.__sbrk_heap_end
                0x200048d0        0x4 build/sysmem.o
 .bss.OS2SynchReceiverID
                0x200048d4        0x4 build/cmsis_os2_threads.o
                0x200048d4                OS2SynchReceiverID
 .bss.OS2SynchSender1ID
                0x200048d8        0x4 build/cmsis_os2_threads.o
                0x200048d8                OS2SynchSender1ID
 .bss.OS2SynchSender2ID
                0x200048dc        0x4 build/cmsis_os2_threads.o
                0x200048dc                OS2SynchSender2ID
 .bss.chArrInfoBuf
                0x200048e0       0x64 build/cmsis_os2_threads.o
                0x200048e0                chArrInfoBuf
 .bss.osv       0x20004944        0x8 build/cmsis_os2_threads.o
                0x20004944                osv
 .bss.u32SetFlagFromthread
                0x2000494c        0x4 build/cmsis_os2_threads.o
                0x2000494c                u32SetFlagFromthread
 .bss.u32SignalApiReturnFlag
                0x20004950        0x4 build/cmsis_os2_threads.o
                0x20004950                u32SignalApiReturnFlag
 .bss.u32SignalFlagBeforeClear
                0x20004954        0x4 build/cmsis_os2_threads.o
                0x20004954                u32SignalFlagBeforeClear
 .bss.u32SignalFlagForWaiting
                0x20004958        0x4 build/cmsis_os2_threads.o
                0x20004958                u32SignalFlagForWaiting
 .bss.__lock___malloc_recursive_mutex
                0x2000495c        0x1 d:/zodhya projects/technical doccuments/stm32_vscode_make/tools/gcc-arm-none-eabi-10.3-2021.10/bin/../lib/gcc/arm-none-eabi/10.3.1/../../../../arm-none-eabi/lib/thumb/v7e-m/nofp\libc_nano.a(lib_a-lock.o)
                0x2000495c                __lock___malloc_recursive_mutex
 .bss.__lock___sfp_recursive_mutex
                0x2000495d        0x1 d:/zodhya projects/technical doccuments/stm32_vscode_make/tools/gcc-arm-none-eabi-10.3-2021.10/bin/../lib/gcc/arm-none-eabi/10.3.1/../../../../arm-none-eabi/lib/thumb/v7e-m/nofp\libc_nano.a(lib_a-lock.o)
                0x2000495d                __lock___sfp_recursive_mutex
 .bss.__lock___sinit_recursive_mutex
                0x2000495e        0x1 d:/zodhya projects/technical doccuments/stm32_vscode_make/tools/gcc-arm-none-eabi-10.3-2021.10/bin/../lib/gcc/arm-none-eabi/10.3.1/../../../../arm-none-eabi/lib/thumb/v7e-m/nofp\libc_nano.a(lib_a-lock.o)
                0x2000495e                __lock___sinit_recursive_mutex
 *fill*         0x2000495f        0x1 
 .bss.__malloc_free_list
                0x20004960        0x4 d:/zodhya projects/technical doccuments/stm32_vscode_make/tools/gcc-arm-none-eabi-10.3-2021.10/bin/../lib/gcc/arm-none-eabi/10.3.1/../../../../arm-none-eabi/lib/thumb/v7e-m/nofp\libc_nano.a(lib_a-nano-mallocr.o)
                0x20004960                __malloc_free_list
 .bss.__malloc_sbrk_start
                0x20004964        0x4 d:/zodhya projects/technical doccuments/stm32_vscode_make/tools/gcc-arm-none-eabi-10.3-2021.10/bin/../lib/gcc/arm-none-eabi/10.3.1/../../../../arm-none-eabi/lib/thumb/v7e-m/nofp\libc_nano.a(lib_a-nano-mallocr.o)
                0x20004964                __malloc_sbrk_start
 .bss.errno     0x20004968        0x4 d:/zodhya projects/technical doccuments/stm32_vscode_make/tools/gcc-arm-none-eabi-10.3-2021.10/bin/../lib/gcc/arm-none-eabi/10.3.1/../../../../arm-none-eabi/lib/thumb/v7e-m/nofp\libc_nano.a(lib_a-reent.o)
                0x20004968                errno
 *(COMMON)
                0x20004970                . = ALIGN (0x8)
 *fill*         0x2000496c        0x4 
                0x20004970                _ebss = .
                0x20004970                __bss_end__ = _ebss
                0x20004970                . = ALIGN (0x8)

RAM1_region     0x20004970        0x0 load address 0x08005260
                0x20004970                _sRAM1_region = .
 *(.RAM1_region)
                0x20004970                . = ALIGN (0x8)
                0x20004970                _eRAM1_region = .
                0x20004970                . = ALIGN (0x8)

RAM2_region     0x20008000        0x0
                0x20008000                _sRAM2_region = .
 *(.RAM2_region)
                0x20008000                . = ALIGN (0x8)
                0x20008000                _eRAM2_region = .

._user_heap_stack
                0x20004970      0x600
                0x20004970                . = ALIGN (0x8)
                [!provide]                PROVIDE (end = .)
                0x20004970                PROVIDE (_end = .)
                0x20004b70                . = (. + _Min_Heap_Size)
 *fill*         0x20004970      0x200 
                0x20004f70                . = (. + _Min_Stack_Size)
 *fill*         0x20004b70      0x400 
                0x20004f70                . = ALIGN (0x8)

/DISCARD/
 libc.a(*)
 libm.a(*)
 libgcc.a(*)

.ARM.attributes
                0x00000000       0x2a
 *(.ARM.attributes)
 .ARM.attributes
                0x00000000       0x1e d:/zodhya projects/technical doccuments/stm32_vscode_make/tools/gcc-arm-none-eabi-10.3-2021.10/bin/../lib/gcc/arm-none-eabi/10.3.1/thumb/v7e-m/nofp/crti.o
 .ARM.attributes
                0x0000001e       0x2e d:/zodhya projects/technical doccuments/stm32_vscode_make/tools/gcc-arm-none-eabi-10.3-2021.10/bin/../lib/gcc/arm-none-eabi/10.3.1/thumb/v7e-m/nofp/crtbegin.o
 .ARM.attributes
                0x0000004c       0x2e build/main.o
 .ARM.attributes
                0x0000007a       0x2e build/stm32wlxx_it.o
 .ARM.attributes
                0x000000a8       0x2e build/stm32wlxx_hal_msp.o
 .ARM.attributes
                0x000000d6       0x2e build/stm32wlxx_hal_timebase_tim.o
 .ARM.attributes
                0x00000104       0x2e build/stm32wlxx_hal_rcc.o
 .ARM.attributes
                0x00000132       0x2e build/stm32wlxx_hal_gpio.o
 .ARM.attributes
                0x00000160       0x2e build/stm32wlxx_hal_pwr.o
 .ARM.attributes
                0x0000018e       0x2e build/stm32wlxx_hal_pwr_ex.o
 .ARM.attributes
                0x000001bc       0x2e build/stm32wlxx_hal_cortex.o
 .ARM.attributes
                0x000001ea       0x2e build/stm32wlxx_hal.o
 .ARM.attributes
                0x00000218       0x2e build/stm32wlxx_hal_tim.o
 .ARM.attributes
                0x00000246       0x2e build/stm32wlxx_hal_tim_ex.o
 .ARM.attributes
                0x00000274       0x2e build/system_stm32wlxx.o
 .ARM.attributes
                0x000002a2       0x2e build/list.o
 .ARM.attributes
                0x000002d0       0x2e build/queue.o
 .ARM.attributes
                0x000002fe       0x2e build/tasks.o
 .ARM.attributes
                0x0000032c       0x2e build/timers.o
 .ARM.attributes
                0x0000035a       0x2e build/cmsis_os2.o
 .ARM.attributes
                0x00000388       0x2e build/heap_4.o
 .ARM.attributes
                0x000003b6       0x2e build/port.o
 .ARM.attributes
                0x000003e4       0x2e build/sysmem.o
 .ARM.attributes
                0x00000412       0x2e build/syscalls.o
 .ARM.attributes
                0x00000440       0x2e build/cmsis_os2_error_handler.o
 .ARM.attributes
                0x0000046e       0x2e build/cmsis_os2_threads.o
 .ARM.attributes
                0x0000049c       0x21 build/startup_stm32wl55xx_cm4.o
 .ARM.attributes
                0x000004bd       0x2e d:/zodhya projects/technical doccuments/stm32_vscode_make/tools/gcc-arm-none-eabi-10.3-2021.10/bin/../lib/gcc/arm-none-eabi/10.3.1/../../../../arm-none-eabi/lib/thumb/v7e-m/nofp\libc_nano.a(lib_a-errno.o)
 .ARM.attributes
                0x000004eb       0x2e d:/zodhya projects/technical doccuments/stm32_vscode_make/tools/gcc-arm-none-eabi-10.3-2021.10/bin/../lib/gcc/arm-none-eabi/10.3.1/../../../../arm-none-eabi/lib/thumb/v7e-m/nofp\libc_nano.a(lib_a-impure.o)
 .ARM.attributes
                0x00000519       0x2e d:/zodhya projects/technical doccuments/stm32_vscode_make/tools/gcc-arm-none-eabi-10.3-2021.10/bin/../lib/gcc/arm-none-eabi/10.3.1/../../../../arm-none-eabi/lib/thumb/v7e-m/nofp\libc_nano.a(lib_a-init.o)
 .ARM.attributes
                0x00000547       0x2e d:/zodhya projects/technical doccuments/stm32_vscode_make/tools/gcc-arm-none-eabi-10.3-2021.10/bin/../lib/gcc/arm-none-eabi/10.3.1/../../../../arm-none-eabi/lib/thumb/v7e-m/nofp\libc_nano.a(lib_a-memcpy-stub.o)
 .ARM.attributes
                0x00000575       0x2e d:/zodhya projects/technical doccuments/stm32_vscode_make/tools/gcc-arm-none-eabi-10.3-2021.10/bin/../lib/gcc/arm-none-eabi/10.3.1/../../../../arm-none-eabi/lib/thumb/v7e-m/nofp\libc_nano.a(lib_a-memset.o)
 .ARM.attributes
                0x000005a3       0x2e d:/zodhya projects/technical doccuments/stm32_vscode_make/tools/gcc-arm-none-eabi-10.3-2021.10/bin/../lib/gcc/arm-none-eabi/10.3.1/../../../../arm-none-eabi/lib/thumb/v7e-m/nofp\libc_nano.a(lib_a-printf.o)
 .ARM.attributes
                0x000005d1       0x2e d:/zodhya projects/technical doccuments/stm32_vscode_make/tools/gcc-arm-none-eabi-10.3-2021.10/bin/../lib/gcc/arm-none-eabi/10.3.1/../../../../arm-none-eabi/lib/thumb/v7e-m/nofp\libc_nano.a(lib_a-puts.o)
 .ARM.attributes
                0x000005ff       0x2e d:/zodhya projects/technical doccuments/stm32_vscode_make/tools/gcc-arm-none-eabi-10.3-2021.10/bin/../lib/gcc/arm-none-eabi/10.3.1/../../../../arm-none-eabi/lib/thumb/v7e-m/nofp\libc_nano.a(lib_a-wbuf.o)
 .ARM.attributes
                0x0000062d       0x2e d:/zodhya projects/technical doccuments/stm32_vscode_make/tools/gcc-arm-none-eabi-10.3-2021.10/bin/../lib/gcc/arm-none-eabi/10.3.1/../../../../arm-none-eabi/lib/thumb/v7e-m/nofp\libc_nano.a(lib_a-wsetup.o)
 .ARM.attributes
                0x0000065b       0x2e d:/zodhya projects/technical doccuments/stm32_vscode_make/tools/gcc-arm-none-eabi-10.3-2021.10/bin/../lib/gcc/arm-none-eabi/10.3.1/../../../../arm-none-eabi/lib/thumb/v7e-m/nofp\libc_nano.a(lib_a-fflush.o)
 .ARM.attributes
                0x00000689       0x2e d:/zodhya projects/technical doccuments/stm32_vscode_make/tools/gcc-arm-none-eabi-10.3-2021.10/bin/../lib/gcc/arm-none-eabi/10.3.1/../../../../arm-none-eabi/lib/thumb/v7e-m/nofp\libc_nano.a(lib_a-findfp.o)
 .ARM.attributes
                0x000006b7       0x2e d:/zodhya projects/technical doccuments/stm32_vscode_make/tools/gcc-arm-none-eabi-10.3-2021.10/bin/../lib/gcc/arm-none-eabi/10.3.1/../../../../arm-none-eabi/lib/thumb/v7e-m/nofp\libc_nano.a(lib_a-fwalk.o)
 .ARM.attributes
                0x000006e5       0x2e d:/zodhya projects/technical doccuments/stm32_vscode_make/tools/gcc-arm-none-eabi-10.3-2021.10/bin/../lib/gcc/arm-none-eabi/10.3.1/../../../../arm-none-eabi/lib/thumb/v7e-m/nofp\libc_nano.a(lib_a-lock.o)
 .ARM.attributes
                0x00000713       0x2e d:/zodhya projects/technical doccuments/stm32_vscode_make/tools/gcc-arm-none-eabi-10.3-2021.10/bin/../lib/gcc/arm-none-eabi/10.3.1/../../../../arm-none-eabi/lib/thumb/v7e-m/nofp\libc_nano.a(lib_a-makebuf.o)
 .ARM.attributes
                0x00000741       0x2e d:/zodhya projects/technical doccuments/stm32_vscode_make/tools/gcc-arm-none-eabi-10.3-2021.10/bin/../lib/gcc/arm-none-eabi/10.3.1/../../../../arm-none-eabi/lib/thumb/v7e-m/nofp\libc_nano.a(lib_a-nano-freer.o)
 .ARM.attributes
                0x0000076f       0x2e d:/zodhya projects/technical doccuments/stm32_vscode_make/tools/gcc-arm-none-eabi-10.3-2021.10/bin/../lib/gcc/arm-none-eabi/10.3.1/../../../../arm-none-eabi/lib/thumb/v7e-m/nofp\libc_nano.a(lib_a-nano-mallocr.o)
 .ARM.attributes
                0x0000079d       0x2e d:/zodhya projects/technical doccuments/stm32_vscode_make/tools/gcc-arm-none-eabi-10.3-2021.10/bin/../lib/gcc/arm-none-eabi/10.3.1/../../../../arm-none-eabi/lib/thumb/v7e-m/nofp\libc_nano.a(lib_a-nano-vfprintf.o)
 .ARM.attributes
                0x000007cb       0x2e d:/zodhya projects/technical doccuments/stm32_vscode_make/tools/gcc-arm-none-eabi-10.3-2021.10/bin/../lib/gcc/arm-none-eabi/10.3.1/../../../../arm-none-eabi/lib/thumb/v7e-m/nofp\libc_nano.a(lib_a-nano-vfprintf_i.o)
 .ARM.attributes
                0x000007f9       0x2e d:/zodhya projects/technical doccuments/stm32_vscode_make/tools/gcc-arm-none-eabi-10.3-2021.10/bin/../lib/gcc/arm-none-eabi/10.3.1/../../../../arm-none-eabi/lib/thumb/v7e-m/nofp\libc_nano.a(lib_a-sbrkr.o)
 .ARM.attributes
                0x00000827       0x2e d:/zodhya projects/technical doccuments/stm32_vscode_make/tools/gcc-arm-none-eabi-10.3-2021.10/bin/../lib/gcc/arm-none-eabi/10.3.1/../../../../arm-none-eabi/lib/thumb/v7e-m/nofp\libc_nano.a(lib_a-stdio.o)
 .ARM.attributes
                0x00000855       0x2e d:/zodhya projects/technical doccuments/stm32_vscode_make/tools/gcc-arm-none-eabi-10.3-2021.10/bin/../lib/gcc/arm-none-eabi/10.3.1/../../../../arm-none-eabi/lib/thumb/v7e-m/nofp\libc_nano.a(lib_a-writer.o)
 .ARM.attributes
                0x00000883       0x2e d:/zodhya projects/technical doccuments/stm32_vscode_make/tools/gcc-arm-none-eabi-10.3-2021.10/bin/../lib/gcc/arm-none-eabi/10.3.1/../../../../arm-none-eabi/lib/thumb/v7e-m/nofp\libc_nano.a(lib_a-closer.o)
 .ARM.attributes
                0x000008b1       0x2e d:/zodhya projects/technical doccuments/stm32_vscode_make/tools/gcc-arm-none-eabi-10.3-2021.10/bin/../lib/gcc/arm-none-eabi/10.3.1/../../../../arm-none-eabi/lib/thumb/v7e-m/nofp\libc_nano.a(lib_a-fstatr.o)
 .ARM.attributes
                0x000008df       0x2e d:/zodhya projects/technical doccuments/stm32_vscode_make/tools/gcc-arm-none-eabi-10.3-2021.10/bin/../lib/gcc/arm-none-eabi/10.3.1/../../../../arm-none-eabi/lib/thumb/v7e-m/nofp\libc_nano.a(lib_a-isattyr.o)
 .ARM.attributes
                0x0000090d       0x2e d:/zodhya projects/technical doccuments/stm32_vscode_make/tools/gcc-arm-none-eabi-10.3-2021.10/bin/../lib/gcc/arm-none-eabi/10.3.1/../../../../arm-none-eabi/lib/thumb/v7e-m/nofp\libc_nano.a(lib_a-lseekr.o)
 .ARM.attributes
                0x0000093b       0x1c d:/zodhya projects/technical doccuments/stm32_vscode_make/tools/gcc-arm-none-eabi-10.3-2021.10/bin/../lib/gcc/arm-none-eabi/10.3.1/../../../../arm-none-eabi/lib/thumb/v7e-m/nofp\libc_nano.a(lib_a-memchr.o)
 .ARM.attributes
                0x00000957       0x2e d:/zodhya projects/technical doccuments/stm32_vscode_make/tools/gcc-arm-none-eabi-10.3-2021.10/bin/../lib/gcc/arm-none-eabi/10.3.1/../../../../arm-none-eabi/lib/thumb/v7e-m/nofp\libc_nano.a(lib_a-mlock.o)
 .ARM.attributes
                0x00000985       0x2e d:/zodhya projects/technical doccuments/stm32_vscode_make/tools/gcc-arm-none-eabi-10.3-2021.10/bin/../lib/gcc/arm-none-eabi/10.3.1/../../../../arm-none-eabi/lib/thumb/v7e-m/nofp\libc_nano.a(lib_a-readr.o)
 .ARM.attributes
                0x000009b3       0x2e d:/zodhya projects/technical doccuments/stm32_vscode_make/tools/gcc-arm-none-eabi-10.3-2021.10/bin/../lib/gcc/arm-none-eabi/10.3.1/../../../../arm-none-eabi/lib/thumb/v7e-m/nofp\libc_nano.a(lib_a-reent.o)
 .ARM.attributes
                0x000009e1       0x1e d:/zodhya projects/technical doccuments/stm32_vscode_make/tools/gcc-arm-none-eabi-10.3-2021.10/bin/../lib/gcc/arm-none-eabi/10.3.1/thumb/v7e-m/nofp/crtn.o
OUTPUT(build/240521_CMSISOS2_Test_Signal_Flag.elf elf32-littlearm)
LOAD linker stubs
LOAD d:/zodhya projects/technical doccuments/stm32_vscode_make/tools/gcc-arm-none-eabi-10.3-2021.10/bin/../lib/gcc/arm-none-eabi/10.3.1/../../../../arm-none-eabi/lib/thumb/v7e-m/nofp\libc.a
LOAD d:/zodhya projects/technical doccuments/stm32_vscode_make/tools/gcc-arm-none-eabi-10.3-2021.10/bin/../lib/gcc/arm-none-eabi/10.3.1/../../../../arm-none-eabi/lib/thumb/v7e-m/nofp\libm.a
LOAD d:/zodhya projects/technical doccuments/stm32_vscode_make/tools/gcc-arm-none-eabi-10.3-2021.10/bin/../lib/gcc/arm-none-eabi/10.3.1/thumb/v7e-m/nofp\libgcc.a

.debug_info     0x00000000    0x1f7f9
 .debug_info    0x00000000     0x1726 build/main.o
 .debug_info    0x00001726      0x947 build/stm32wlxx_it.o
 .debug_info    0x0000206d      0x2bb build/stm32wlxx_hal_msp.o
 .debug_info    0x00002328     0x10e8 build/stm32wlxx_hal_timebase_tim.o
 .debug_info    0x00003410     0x213f build/stm32wlxx_hal_rcc.o
 .debug_info    0x0000554f      0x87b build/stm32wlxx_hal_gpio.o
 .debug_info    0x00005dca      0xaec build/stm32wlxx_hal_pwr.o
 .debug_info    0x000068b6     0x1202 build/stm32wlxx_hal_pwr_ex.o
 .debug_info    0x00007ab8     0x1120 build/stm32wlxx_hal_cortex.o
 .debug_info    0x00008bd8     0x1763 build/stm32wlxx_hal.o
 .debug_info    0x0000a33b     0x437b build/stm32wlxx_hal_tim.o
 .debug_info    0x0000e6b6     0x2189 build/stm32wlxx_hal_tim_ex.o
 .debug_info    0x0001083f      0x60f build/system_stm32wlxx.o
 .debug_info    0x00010e4e      0x30f build/list.o
 .debug_info    0x0001115d     0x2949 build/queue.o
 .debug_info    0x00013aa6     0x3474 build/tasks.o
 .debug_info    0x00016f1a     0x1b41 build/timers.o
 .debug_info    0x00018a5b     0x4d65 build/cmsis_os2.o
 .debug_info    0x0001d7c0      0x49b build/heap_4.o
 .debug_info    0x0001dc5b      0x569 build/port.o
 .debug_info    0x0001e1c4      0x185 build/sysmem.o
 .debug_info    0x0001e349      0x873 build/syscalls.o
 .debug_info    0x0001ebbc      0x24b build/cmsis_os2_error_handler.o
 .debug_info    0x0001ee07      0x9d0 build/cmsis_os2_threads.o
 .debug_info    0x0001f7d7       0x22 build/startup_stm32wl55xx_cm4.o

.debug_abbrev   0x00000000     0x3c19
 .debug_abbrev  0x00000000      0x33d build/main.o
 .debug_abbrev  0x0000033d      0x194 build/stm32wlxx_it.o
 .debug_abbrev  0x000004d1       0xd1 build/stm32wlxx_hal_msp.o
 .debug_abbrev  0x000005a2      0x27c build/stm32wlxx_hal_timebase_tim.o
 .debug_abbrev  0x0000081e      0x355 build/stm32wlxx_hal_rcc.o
 .debug_abbrev  0x00000b73      0x22f build/stm32wlxx_hal_gpio.o
 .debug_abbrev  0x00000da2      0x20a build/stm32wlxx_hal_pwr.o
 .debug_abbrev  0x00000fac      0x364 build/stm32wlxx_hal_pwr_ex.o
 .debug_abbrev  0x00001310      0x36c build/stm32wlxx_hal_cortex.o
 .debug_abbrev  0x0000167c      0x35e build/stm32wlxx_hal.o
 .debug_abbrev  0x000019da      0x29a build/stm32wlxx_hal_tim.o
 .debug_abbrev  0x00001c74      0x2b0 build/stm32wlxx_hal_tim_ex.o
 .debug_abbrev  0x00001f24      0x12c build/system_stm32wlxx.o
 .debug_abbrev  0x00002050      0x124 build/list.o
 .debug_abbrev  0x00002174      0x3c4 build/queue.o
 .debug_abbrev  0x00002538      0x387 build/tasks.o
 .debug_abbrev  0x000028bf      0x366 build/timers.o
 .debug_abbrev  0x00002c25      0x489 build/cmsis_os2.o
 .debug_abbrev  0x000030ae      0x255 build/heap_4.o
 .debug_abbrev  0x00003303      0x29d build/port.o
 .debug_abbrev  0x000035a0       0xea build/sysmem.o
 .debug_abbrev  0x0000368a      0x1e0 build/syscalls.o
 .debug_abbrev  0x0000386a      0x150 build/cmsis_os2_error_handler.o
 .debug_abbrev  0x000039ba      0x24d build/cmsis_os2_threads.o
 .debug_abbrev  0x00003c07       0x12 build/startup_stm32wl55xx_cm4.o

.debug_loc      0x00000000    0x18a0a
 .debug_loc     0x00000000      0x177 build/main.o
 .debug_loc     0x00000177       0x20 build/stm32wlxx_it.o
 .debug_loc     0x00000197       0x20 build/stm32wlxx_hal_msp.o
 .debug_loc     0x000001b7      0x12c build/stm32wlxx_hal_timebase_tim.o
 .debug_loc     0x000002e3      0xe79 build/stm32wlxx_hal_rcc.o
 .debug_loc     0x0000115c      0x491 build/stm32wlxx_hal_gpio.o
 .debug_loc     0x000015ed      0x281 build/stm32wlxx_hal_pwr.o
 .debug_loc     0x0000186e      0x872 build/stm32wlxx_hal_pwr_ex.o
 .debug_loc     0x000020e0      0x796 build/stm32wlxx_hal_cortex.o
 .debug_loc     0x00002876      0x5b6 build/stm32wlxx_hal.o
 .debug_loc     0x00002e2c     0x618b build/stm32wlxx_hal_tim.o
 .debug_loc     0x00008fb7     0x2a7c build/stm32wlxx_hal_tim_ex.o
 .debug_loc     0x0000ba33      0x127 build/system_stm32wlxx.o
 .debug_loc     0x0000bb5a       0xe5 build/list.o
 .debug_loc     0x0000bc3f     0x1fec build/queue.o
 .debug_loc     0x0000dc2b     0x2ee8 build/tasks.o
 .debug_loc     0x00010b13     0x1481 build/timers.o
 .debug_loc     0x00011f94     0x5d71 build/cmsis_os2.o
 .debug_loc     0x00017d05      0x3c1 build/heap_4.o
 .debug_loc     0x000180c6      0x16c build/port.o
 .debug_loc     0x00018232       0x84 build/sysmem.o
 .debug_loc     0x000182b6      0x511 build/syscalls.o
 .debug_loc     0x000187c7       0x80 build/cmsis_os2_error_handler.o
 .debug_loc     0x00018847      0x1c3 build/cmsis_os2_threads.o

.debug_aranges  0x00000000     0x1418
 .debug_aranges
                0x00000000       0x40 build/main.o
 .debug_aranges
                0x00000040       0x50 build/stm32wlxx_it.o
 .debug_aranges
                0x00000090       0x20 build/stm32wlxx_hal_msp.o
 .debug_aranges
                0x000000b0       0x30 build/stm32wlxx_hal_timebase_tim.o
 .debug_aranges
                0x000000e0       0xa8 build/stm32wlxx_hal_rcc.o
 .debug_aranges
                0x00000188       0x60 build/stm32wlxx_hal_gpio.o
 .debug_aranges
                0x000001e8       0x98 build/stm32wlxx_hal_pwr.o
 .debug_aranges
                0x00000280      0x160 build/stm32wlxx_hal_pwr_ex.o
 .debug_aranges
                0x000003e0       0xa8 build/stm32wlxx_hal_cortex.o
 .debug_aranges
                0x00000488      0x130 build/stm32wlxx_hal.o
 .debug_aranges
                0x000005b8      0x3e0 build/stm32wlxx_hal_tim.o
 .debug_aranges
                0x00000998      0x190 build/stm32wlxx_hal_tim_ex.o
 .debug_aranges
                0x00000b28       0x28 build/system_stm32wlxx.o
 .debug_aranges
                0x00000b50       0x40 build/list.o
 .debug_aranges
                0x00000b90      0x158 build/queue.o
 .debug_aranges
                0x00000ce8      0x208 build/tasks.o
 .debug_aranges
                0x00000ef0       0xe8 build/timers.o
 .debug_aranges
                0x00000fd8      0x220 build/cmsis_os2.o
 .debug_aranges
                0x000011f8       0x50 build/heap_4.o
 .debug_aranges
                0x00001248       0x78 build/port.o
 .debug_aranges
                0x000012c0       0x20 build/sysmem.o
 .debug_aranges
                0x000012e0       0xb0 build/syscalls.o
 .debug_aranges
                0x00001390       0x28 build/cmsis_os2_error_handler.o
 .debug_aranges
                0x000013b8       0x38 build/cmsis_os2_threads.o
 .debug_aranges
                0x000013f0       0x28 build/startup_stm32wl55xx_cm4.o

.debug_ranges   0x00000000     0x1578
 .debug_ranges  0x00000000       0x30 build/main.o
 .debug_ranges  0x00000030       0x40 build/stm32wlxx_it.o
 .debug_ranges  0x00000070       0x10 build/stm32wlxx_hal_msp.o
 .debug_ranges  0x00000080       0x20 build/stm32wlxx_hal_timebase_tim.o
 .debug_ranges  0x000000a0       0xd0 build/stm32wlxx_hal_rcc.o
 .debug_ranges  0x00000170       0x50 build/stm32wlxx_hal_gpio.o
 .debug_ranges  0x000001c0       0x88 build/stm32wlxx_hal_pwr.o
 .debug_ranges  0x00000248      0x168 build/stm32wlxx_hal_pwr_ex.o
 .debug_ranges  0x000003b0       0xf8 build/stm32wlxx_hal_cortex.o
 .debug_ranges  0x000004a8      0x120 build/stm32wlxx_hal.o
 .debug_ranges  0x000005c8      0x3d0 build/stm32wlxx_hal_tim.o
 .debug_ranges  0x00000998      0x180 build/stm32wlxx_hal_tim_ex.o
 .debug_ranges  0x00000b18       0x18 build/system_stm32wlxx.o
 .debug_ranges  0x00000b30       0x30 build/list.o
 .debug_ranges  0x00000b60      0x218 build/queue.o
 .debug_ranges  0x00000d78      0x360 build/tasks.o
 .debug_ranges  0x000010d8       0xd8 build/timers.o
 .debug_ranges  0x000011b0      0x210 build/cmsis_os2.o
 .debug_ranges  0x000013c0       0x40 build/heap_4.o
 .debug_ranges  0x00001400       0x68 build/port.o
 .debug_ranges  0x00001468       0x10 build/sysmem.o
 .debug_ranges  0x00001478       0xa0 build/syscalls.o
 .debug_ranges  0x00001518       0x18 build/cmsis_os2_error_handler.o
 .debug_ranges  0x00001530       0x28 build/cmsis_os2_threads.o
 .debug_ranges  0x00001558       0x20 build/startup_stm32wl55xx_cm4.o

.debug_line     0x00000000    0x16d48
 .debug_line    0x00000000      0x587 build/main.o
 .debug_line    0x00000587      0x2ed build/stm32wlxx_it.o
 .debug_line    0x00000874      0x1f8 build/stm32wlxx_hal_msp.o
 .debug_line    0x00000a6c      0x364 build/stm32wlxx_hal_timebase_tim.o
 .debug_line    0x00000dd0     0x16e3 build/stm32wlxx_hal_rcc.o
 .debug_line    0x000024b3      0x6ef build/stm32wlxx_hal_gpio.o
 .debug_line    0x00002ba2      0x502 build/stm32wlxx_hal_pwr.o
 .debug_line    0x000030a4      0xad0 build/stm32wlxx_hal_pwr_ex.o
 .debug_line    0x00003b74      0x7cc build/stm32wlxx_hal_cortex.o
 .debug_line    0x00004340      0x9da build/stm32wlxx_hal.o
 .debug_line    0x00004d1a     0x505e build/stm32wlxx_hal_tim.o
 .debug_line    0x00009d78     0x2032 build/stm32wlxx_hal_tim_ex.o
 .debug_line    0x0000bdaa      0x2fa build/system_stm32wlxx.o
 .debug_line    0x0000c0a4      0x3b0 build/list.o
 .debug_line    0x0000c454     0x20be build/queue.o
 .debug_line    0x0000e512     0x2f49 build/tasks.o
 .debug_line    0x0001145b      0xf21 build/timers.o
 .debug_line    0x0001237c     0x2ce6 build/cmsis_os2.o
 .debug_line    0x00015062      0x6d8 build/heap_4.o
 .debug_line    0x0001573a      0x661 build/port.o
 .debug_line    0x00015d9b      0x246 build/sysmem.o
 .debug_line    0x00015fe1      0x4b7 build/syscalls.o
 .debug_line    0x00016498      0x308 build/cmsis_os2_error_handler.o
 .debug_line    0x000167a0      0x52d build/cmsis_os2_threads.o
 .debug_line    0x00016ccd       0x7b build/startup_stm32wl55xx_cm4.o

.debug_str      0x00000000     0x7cf1
 .debug_str     0x00000000      0xd8d build/main.o
                                0xeee (size before relaxing)
 .debug_str     0x00000d8d       0xa8 build/stm32wlxx_it.o
                                0x86c (size before relaxing)
 .debug_str     0x00000e35      0x42e build/stm32wlxx_hal_msp.o
                                0x5ef (size before relaxing)
 .debug_str     0x00001263      0x12c build/stm32wlxx_hal_timebase_tim.o
                                0xfc7 (size before relaxing)
 .debug_str     0x0000138f      0x808 build/stm32wlxx_hal_rcc.o
                                0xf1c (size before relaxing)
 .debug_str     0x00001b97      0x1ca build/stm32wlxx_hal_gpio.o
                                0x4be (size before relaxing)
 .debug_str     0x00001d61      0x35e build/stm32wlxx_hal_pwr.o
                                0x69d (size before relaxing)
 .debug_str     0x000020bf      0x690 build/stm32wlxx_hal_pwr_ex.o
                                0xb20 (size before relaxing)
 .debug_str     0x0000274f      0x485 build/stm32wlxx_hal_cortex.o
                                0xb5d (size before relaxing)
 .debug_str     0x00002bd4      0x740 build/stm32wlxx_hal.o
                               0x10fd (size before relaxing)
 .debug_str     0x00003314      0xf1d build/stm32wlxx_hal_tim.o
                               0x180a (size before relaxing)
 .debug_str     0x00004231      0x6e8 build/stm32wlxx_hal_tim_ex.o
                               0x1176 (size before relaxing)
 .debug_str     0x00004919       0x57 build/system_stm32wlxx.o
                                0x477 (size before relaxing)
 .debug_str     0x00004970      0x14d build/list.o
                                0x319 (size before relaxing)
 .debug_str     0x00004abd      0xa09 build/queue.o
                                0xd15 (size before relaxing)
 .debug_str     0x000054c6      0xcaa build/tasks.o
                               0x131c (size before relaxing)
 .debug_str     0x00006170      0x5c3 build/timers.o
                                0xc41 (size before relaxing)
 .debug_str     0x00006733      0xe1d build/cmsis_os2.o
                               0x196b (size before relaxing)
 .debug_str     0x00007550      0x1d5 build/heap_4.o
                                0x402 (size before relaxing)
 .debug_str     0x00007725      0x17d build/port.o
                                0x485 (size before relaxing)
 .debug_str     0x000078a2       0x7a build/sysmem.o
                                0x23c (size before relaxing)
 .debug_str     0x0000791c      0x208 build/syscalls.o
                                0x42b (size before relaxing)
 .debug_str     0x00007b24       0x2c build/cmsis_os2_error_handler.o
                                0x2a3 (size before relaxing)
 .debug_str     0x00007b50      0x179 build/cmsis_os2_threads.o
                                0x938 (size before relaxing)
 .debug_str     0x00007cc9       0x28 build/startup_stm32wl55xx_cm4.o
                                 0x9a (size before relaxing)

.comment        0x00000000       0x49
 .comment       0x00000000       0x49 build/main.o
                                 0x4a (size before relaxing)
 .comment       0x00000049       0x4a build/stm32wlxx_it.o
 .comment       0x00000049       0x4a build/stm32wlxx_hal_msp.o
 .comment       0x00000049       0x4a build/stm32wlxx_hal_timebase_tim.o
 .comment       0x00000049       0x4a build/stm32wlxx_hal_rcc.o
 .comment       0x00000049       0x4a build/stm32wlxx_hal_gpio.o
 .comment       0x00000049       0x4a build/stm32wlxx_hal_pwr.o
 .comment       0x00000049       0x4a build/stm32wlxx_hal_pwr_ex.o
 .comment       0x00000049       0x4a build/stm32wlxx_hal_cortex.o
 .comment       0x00000049       0x4a build/stm32wlxx_hal.o
 .comment       0x00000049       0x4a build/stm32wlxx_hal_tim.o
 .comment       0x00000049       0x4a build/stm32wlxx_hal_tim_ex.o
 .comment       0x00000049       0x4a build/system_stm32wlxx.o
 .comment       0x00000049       0x4a build/list.o
 .comment       0x00000049       0x4a build/queue.o
 .comment       0x00000049       0x4a build/tasks.o
 .comment       0x00000049       0x4a build/timers.o
 .comment       0x00000049       0x4a build/cmsis_os2.o
 .comment       0x00000049       0x4a build/heap_4.o
 .comment       0x00000049       0x4a build/port.o
 .comment       0x00000049       0x4a build/sysmem.o
 .comment       0x00000049       0x4a build/syscalls.o
 .comment       0x00000049       0x4a build/cmsis_os2_error_handler.o
 .comment       0x00000049       0x4a build/cmsis_os2_threads.o

.debug_frame    0x00000000     0x3eb8
 .debug_frame   0x00000000       0x98 build/main.o
 .debug_frame   0x00000098       0x88 build/stm32wlxx_it.o
 .debug_frame   0x00000120       0x28 build/stm32wlxx_hal_msp.o
 .debug_frame   0x00000148       0x54 build/stm32wlxx_hal_timebase_tim.o
 .debug_frame   0x0000019c      0x200 build/stm32wlxx_hal_rcc.o
 .debug_frame   0x0000039c       0xd8 build/stm32wlxx_hal_gpio.o
 .debug_frame   0x00000474      0x120 build/stm32wlxx_hal_pwr.o
 .debug_frame   0x00000594      0x2a8 build/stm32wlxx_hal_pwr_ex.o
 .debug_frame   0x0000083c      0x148 build/stm32wlxx_hal_cortex.o
 .debug_frame   0x00000984      0x288 build/stm32wlxx_hal.o
 .debug_frame   0x00000c0c      0xb44 build/stm32wlxx_hal_tim.o
 .debug_frame   0x00001750      0x4b4 build/stm32wlxx_hal_tim_ex.o
 .debug_frame   0x00001c04       0x30 build/system_stm32wlxx.o
 .debug_frame   0x00001c34       0x70 build/list.o
 .debug_frame   0x00001ca4      0x458 build/queue.o
 .debug_frame   0x000020fc      0x6b0 build/tasks.o
 .debug_frame   0x000027ac      0x2e8 build/timers.o
 .debug_frame   0x00002a94      0x77c build/cmsis_os2.o
 .debug_frame   0x00003210       0xb0 build/heap_4.o
 .debug_frame   0x000032c0       0xf0 build/port.o
 .debug_frame   0x000033b0       0x28 build/sysmem.o
 .debug_frame   0x000033d8      0x1a0 build/syscalls.o
 .debug_frame   0x00003578       0x38 build/cmsis_os2_error_handler.o
 .debug_frame   0x000035b0       0x7c build/cmsis_os2_threads.o
 .debug_frame   0x0000362c       0x20 d:/zodhya projects/technical doccuments/stm32_vscode_make/tools/gcc-arm-none-eabi-10.3-2021.10/bin/../lib/gcc/arm-none-eabi/10.3.1/../../../../arm-none-eabi/lib/thumb/v7e-m/nofp\libc_nano.a(lib_a-errno.o)
 .debug_frame   0x0000364c       0x2c d:/zodhya projects/technical doccuments/stm32_vscode_make/tools/gcc-arm-none-eabi-10.3-2021.10/bin/../lib/gcc/arm-none-eabi/10.3.1/../../../../arm-none-eabi/lib/thumb/v7e-m/nofp\libc_nano.a(lib_a-init.o)
 .debug_frame   0x00003678       0x28 d:/zodhya projects/technical doccuments/stm32_vscode_make/tools/gcc-arm-none-eabi-10.3-2021.10/bin/../lib/gcc/arm-none-eabi/10.3.1/../../../../arm-none-eabi/lib/thumb/v7e-m/nofp\libc_nano.a(lib_a-memcpy-stub.o)
 .debug_frame   0x000036a0       0x20 d:/zodhya projects/technical doccuments/stm32_vscode_make/tools/gcc-arm-none-eabi-10.3-2021.10/bin/../lib/gcc/arm-none-eabi/10.3.1/../../../../arm-none-eabi/lib/thumb/v7e-m/nofp\libc_nano.a(lib_a-memset.o)
 .debug_frame   0x000036c0       0x74 d:/zodhya projects/technical doccuments/stm32_vscode_make/tools/gcc-arm-none-eabi-10.3-2021.10/bin/../lib/gcc/arm-none-eabi/10.3.1/../../../../arm-none-eabi/lib/thumb/v7e-m/nofp\libc_nano.a(lib_a-printf.o)
 .debug_frame   0x00003734       0x3c d:/zodhya projects/technical doccuments/stm32_vscode_make/tools/gcc-arm-none-eabi-10.3-2021.10/bin/../lib/gcc/arm-none-eabi/10.3.1/../../../../arm-none-eabi/lib/thumb/v7e-m/nofp\libc_nano.a(lib_a-puts.o)
 .debug_frame   0x00003770       0x40 d:/zodhya projects/technical doccuments/stm32_vscode_make/tools/gcc-arm-none-eabi-10.3-2021.10/bin/../lib/gcc/arm-none-eabi/10.3.1/../../../../arm-none-eabi/lib/thumb/v7e-m/nofp\libc_nano.a(lib_a-wbuf.o)
 .debug_frame   0x000037b0       0x2c d:/zodhya projects/technical doccuments/stm32_vscode_make/tools/gcc-arm-none-eabi-10.3-2021.10/bin/../lib/gcc/arm-none-eabi/10.3.1/../../../../arm-none-eabi/lib/thumb/v7e-m/nofp\libc_nano.a(lib_a-wsetup.o)
 .debug_frame   0x000037dc       0x5c d:/zodhya projects/technical doccuments/stm32_vscode_make/tools/gcc-arm-none-eabi-10.3-2021.10/bin/../lib/gcc/arm-none-eabi/10.3.1/../../../../arm-none-eabi/lib/thumb/v7e-m/nofp\libc_nano.a(lib_a-fflush.o)
 .debug_frame   0x00003838      0x14c d:/zodhya projects/technical doccuments/stm32_vscode_make/tools/gcc-arm-none-eabi-10.3-2021.10/bin/../lib/gcc/arm-none-eabi/10.3.1/../../../../arm-none-eabi/lib/thumb/v7e-m/nofp\libc_nano.a(lib_a-findfp.o)
 .debug_frame   0x00003984       0x54 d:/zodhya projects/technical doccuments/stm32_vscode_make/tools/gcc-arm-none-eabi-10.3-2021.10/bin/../lib/gcc/arm-none-eabi/10.3.1/../../../../arm-none-eabi/lib/thumb/v7e-m/nofp\libc_nano.a(lib_a-fwalk.o)
 .debug_frame   0x000039d8       0xb0 d:/zodhya projects/technical doccuments/stm32_vscode_make/tools/gcc-arm-none-eabi-10.3-2021.10/bin/../lib/gcc/arm-none-eabi/10.3.1/../../../../arm-none-eabi/lib/thumb/v7e-m/nofp\libc_nano.a(lib_a-lock.o)
 .debug_frame   0x00003a88       0x58 d:/zodhya projects/technical doccuments/stm32_vscode_make/tools/gcc-arm-none-eabi-10.3-2021.10/bin/../lib/gcc/arm-none-eabi/10.3.1/../../../../arm-none-eabi/lib/thumb/v7e-m/nofp\libc_nano.a(lib_a-makebuf.o)
 .debug_frame   0x00003ae0       0x38 d:/zodhya projects/technical doccuments/stm32_vscode_make/tools/gcc-arm-none-eabi-10.3-2021.10/bin/../lib/gcc/arm-none-eabi/10.3.1/../../../../arm-none-eabi/lib/thumb/v7e-m/nofp\libc_nano.a(lib_a-nano-freer.o)
 .debug_frame   0x00003b18       0x4c d:/zodhya projects/technical doccuments/stm32_vscode_make/tools/gcc-arm-none-eabi-10.3-2021.10/bin/../lib/gcc/arm-none-eabi/10.3.1/../../../../arm-none-eabi/lib/thumb/v7e-m/nofp\libc_nano.a(lib_a-nano-mallocr.o)
 .debug_frame   0x00003b64       0xac d:/zodhya projects/technical doccuments/stm32_vscode_make/tools/gcc-arm-none-eabi-10.3-2021.10/bin/../lib/gcc/arm-none-eabi/10.3.1/../../../../arm-none-eabi/lib/thumb/v7e-m/nofp\libc_nano.a(lib_a-nano-vfprintf.o)
 .debug_frame   0x00003c10       0x60 d:/zodhya projects/technical doccuments/stm32_vscode_make/tools/gcc-arm-none-eabi-10.3-2021.10/bin/../lib/gcc/arm-none-eabi/10.3.1/../../../../arm-none-eabi/lib/thumb/v7e-m/nofp\libc_nano.a(lib_a-nano-vfprintf_i.o)
 .debug_frame   0x00003c70       0x2c d:/zodhya projects/technical doccuments/stm32_vscode_make/tools/gcc-arm-none-eabi-10.3-2021.10/bin/../lib/gcc/arm-none-eabi/10.3.1/../../../../arm-none-eabi/lib/thumb/v7e-m/nofp\libc_nano.a(lib_a-sbrkr.o)
 .debug_frame   0x00003c9c       0x88 d:/zodhya projects/technical doccuments/stm32_vscode_make/tools/gcc-arm-none-eabi-10.3-2021.10/bin/../lib/gcc/arm-none-eabi/10.3.1/../../../../arm-none-eabi/lib/thumb/v7e-m/nofp\libc_nano.a(lib_a-stdio.o)
 .debug_frame   0x00003d24       0x2c d:/zodhya projects/technical doccuments/stm32_vscode_make/tools/gcc-arm-none-eabi-10.3-2021.10/bin/../lib/gcc/arm-none-eabi/10.3.1/../../../../arm-none-eabi/lib/thumb/v7e-m/nofp\libc_nano.a(lib_a-writer.o)
 .debug_frame   0x00003d50       0x2c d:/zodhya projects/technical doccuments/stm32_vscode_make/tools/gcc-arm-none-eabi-10.3-2021.10/bin/../lib/gcc/arm-none-eabi/10.3.1/../../../../arm-none-eabi/lib/thumb/v7e-m/nofp\libc_nano.a(lib_a-closer.o)
 .debug_frame   0x00003d7c       0x2c d:/zodhya projects/technical doccuments/stm32_vscode_make/tools/gcc-arm-none-eabi-10.3-2021.10/bin/../lib/gcc/arm-none-eabi/10.3.1/../../../../arm-none-eabi/lib/thumb/v7e-m/nofp\libc_nano.a(lib_a-fstatr.o)
 .debug_frame   0x00003da8       0x2c d:/zodhya projects/technical doccuments/stm32_vscode_make/tools/gcc-arm-none-eabi-10.3-2021.10/bin/../lib/gcc/arm-none-eabi/10.3.1/../../../../arm-none-eabi/lib/thumb/v7e-m/nofp\libc_nano.a(lib_a-isattyr.o)
 .debug_frame   0x00003dd4       0x2c d:/zodhya projects/technical doccuments/stm32_vscode_make/tools/gcc-arm-none-eabi-10.3-2021.10/bin/../lib/gcc/arm-none-eabi/10.3.1/../../../../arm-none-eabi/lib/thumb/v7e-m/nofp\libc_nano.a(lib_a-lseekr.o)
 .debug_frame   0x00003e00       0x30 d:/zodhya projects/technical doccuments/stm32_vscode_make/tools/gcc-arm-none-eabi-10.3-2021.10/bin/../lib/gcc/arm-none-eabi/10.3.1/../../../../arm-none-eabi/lib/thumb/v7e-m/nofp\libc_nano.a(lib_a-mlock.o)